Component: ARM Compiler 5.05 update 1 (build 106) Tool: armlink [4d0efa]

==============================================================================

Section Cross References

    adc.o(i._ZN3ADC9Voltage_IEhfff) refers to cxa_guard_acquire.o(i.__cxa_guard_acquire) for __cxa_guard_acquire
    adc.o(i._ZN3ADC9Voltage_IEhfff) refers to f2d.o(x$fpl$f2d) for __aeabi_f2d
    adc.o(i._ZN3ADC9Voltage_IEhfff) refers to faddsub_clz.o(x$fpl$fadd) for __aeabi_fadd
    adc.o(i._ZN3ADC9Voltage_IEhfff) refers to dmul.o(x$fpl$dmul) for __aeabi_dmul
    adc.o(i._ZN3ADC9Voltage_IEhfff) refers to ddiv.o(x$fpl$ddiv) for __aeabi_ddiv
    adc.o(i._ZN3ADC9Voltage_IEhfff) refers to adc.o(i._ZN3ADCixEh) for ADC::operator [](unsigned char)
    adc.o(i._ZN3ADC9Voltage_IEhfff) refers to daddsub_clz.o(x$fpl$dsub) for __aeabi_dsub
    adc.o(i._ZN3ADC9Voltage_IEhfff) refers to daddsub_clz.o(x$fpl$dadd) for __aeabi_dadd
    adc.o(i._ZN3ADC9Voltage_IEhfff) refers to d2f.o(x$fpl$d2f) for __aeabi_d2f
    adc.o(i._ZN3ADC9Voltage_IEhfff) refers to adc.o(.data) for _ZGVvoltage
    adc.o(i._ZN3ADCC1Ehhhhhhhhhh) refers to stm32f10x_rcc.o(i.RCC_APB2PeriphClockCmd) for RCC_APB2PeriphClockCmd
    adc.o(i._ZN3ADCC1Ehhhhhhhhhh) refers to stm32f10x_gpio.o(i.GPIO_Init) for GPIO_Init
    adc.o(i._ZN3ADCC1Ehhhhhhhhhh) refers to stm32f10x_rcc.o(i.RCC_AHBPeriphClockCmd) for RCC_AHBPeriphClockCmd
    adc.o(i._ZN3ADCC1Ehhhhhhhhhh) refers to stm32f10x_dma.o(i.DMA_DeInit) for DMA_DeInit
    adc.o(i._ZN3ADCC1Ehhhhhhhhhh) refers to stm32f10x_dma.o(i.DMA_Init) for DMA_Init
    adc.o(i._ZN3ADCC1Ehhhhhhhhhh) refers to stm32f10x_dma.o(i.DMA_Cmd) for DMA_Cmd
    adc.o(i._ZN3ADCC1Ehhhhhhhhhh) refers to stm32f10x_rcc.o(i.RCC_ADCCLKConfig) for RCC_ADCCLKConfig
    adc.o(i._ZN3ADCC1Ehhhhhhhhhh) refers to stm32f10x_adc.o(i.ADC_Init) for ADC_Init
    adc.o(i._ZN3ADCC1Ehhhhhhhhhh) refers to stm32f10x_adc.o(i.ADC_RegularChannelConfig) for ADC_RegularChannelConfig
    adc.o(i._ZN3ADCC1Ehhhhhhhhhh) refers to stm32f10x_adc.o(i.ADC_DMACmd) for ADC_DMACmd
    adc.o(i._ZN3ADCC1Ehhhhhhhhhh) refers to stm32f10x_adc.o(i.ADC_Cmd) for ADC_Cmd
    adc.o(i._ZN3ADCC1Ehhhhhhhhhh) refers to stm32f10x_adc.o(i.ADC_ResetCalibration) for ADC_ResetCalibration
    adc.o(i._ZN3ADCC1Ehhhhhhhhhh) refers to stm32f10x_adc.o(i.ADC_GetResetCalibrationStatus) for ADC_GetResetCalibrationStatus
    adc.o(i._ZN3ADCC1Ehhhhhhhhhh) refers to stm32f10x_adc.o(i.ADC_StartCalibration) for ADC_StartCalibration
    adc.o(i._ZN3ADCC1Ehhhhhhhhhh) refers to stm32f10x_adc.o(i.ADC_GetCalibrationStatus) for ADC_GetCalibrationStatus
    adc.o(i._ZN3ADCC1Ehhhhhhhhhh) refers to stm32f10x_adc.o(i.ADC_SoftwareStartConvCmd) for ADC_SoftwareStartConvCmd
    adc.o(i._ZN3ADCC1Ehhhhhhhhhh) refers to adc.o(.bss) for ADC::_enCh
    adc.o(i._ZN3ADCC1Ehhhhhhhhhh) refers to adc.o(.data) for ADC::_pin
    adc.o(i._ZN3ADCixEh) refers to dflt_clz.o(x$fpl$dfltu) for __aeabi_ui2d
    adc.o(i._ZN3ADCixEh) refers to dmul.o(x$fpl$dmul) for __aeabi_dmul
    adc.o(i._ZN3ADCixEh) refers to adc.o(.bss) for ADC::_enCh
    adc.o(.ARM.exidx) refers to adc.o(i._ZN3ADCC1Ehhhhhhhhhh) for i._ZN3ADCC1Ehhhhhhhhhh
    adc.o(.ARM.exidx) refers to adc.o(i._ZN3ADCixEh) for i._ZN3ADCixEh
    adc.o(.ARM.exidx) refers to adc.o(i._ZN3ADC9Voltage_IEhfff) for i._ZN3ADC9Voltage_IEhfff
    inputcapture_exit.o(i._ZN17InputCapture_EXIT3IRQEv) refers to stm32f10x_gpio.o(i.GPIO_ReadInputDataBit) for GPIO_ReadInputDataBit
    inputcapture_exit.o(i._ZN17InputCapture_EXIT3IRQEv) refers to taskmanager.o(i._ZN11TaskManager4TimeEv) for TaskManager::Time()
    inputcapture_exit.o(i._ZN17InputCapture_EXIT3IRQEv) refers to d2f.o(x$fpl$d2f) for __aeabi_d2f
    inputcapture_exit.o(i._ZN17InputCapture_EXIT3IRQEv) refers to f2d.o(x$fpl$f2d) for __aeabi_f2d
    inputcapture_exit.o(i._ZN17InputCapture_EXIT3IRQEv) refers to daddsub_clz.o(x$fpl$dsub) for __aeabi_dsub
    inputcapture_exit.o(i._ZN17InputCapture_EXIT3IRQEv) refers to dmul.o(x$fpl$dmul) for __aeabi_dmul
    inputcapture_exit.o(i._ZN17InputCapture_EXIT3IRQEv) refers to inputcapture_exit.o(.data) for riseTime
    inputcapture_exit.o(i._ZN17InputCapture_EXITC1EP12GPIO_TypeDefhhhh) refers to stm32f10x_rcc.o(i.RCC_APB2PeriphClockCmd) for RCC_APB2PeriphClockCmd
    inputcapture_exit.o(i._ZN17InputCapture_EXITC1EP12GPIO_TypeDefhhhh) refers to stm32f10x_gpio.o(i.GPIO_Init) for GPIO_Init
    inputcapture_exit.o(i._ZN17InputCapture_EXITC1EP12GPIO_TypeDefhhhh) refers to stm32f10x_gpio.o(i.GPIO_ResetBits) for GPIO_ResetBits
    inputcapture_exit.o(i._ZN17InputCapture_EXITC1EP12GPIO_TypeDefhhhh) refers to stm32f10x_gpio.o(i.GPIO_EXTILineConfig) for GPIO_EXTILineConfig
    inputcapture_exit.o(i._ZN17InputCapture_EXITC1EP12GPIO_TypeDefhhhh) refers to rt_memcpy_w.o(.text) for __aeabi_memcpy4
    inputcapture_exit.o(i._ZN17InputCapture_EXITC1EP12GPIO_TypeDefhhhh) refers to misc.o(i.NVIC_PriorityGroupConfig) for NVIC_PriorityGroupConfig
[...]
    i.ADC_GetCalibrationStatus               0x08000538   Section        0  stm32f10x_adc.o(i.ADC_GetCalibrationStatus)
    i.ADC_GetResetCalibrationStatus          0x0800054c   Section        0  stm32f10x_adc.o(i.ADC_GetResetCalibrationStatus)
    i.ADC_Init                               0x08000560   Section        0  stm32f10x_adc.o(i.ADC_Init)
    i.ADC_RegularChannelConfig               0x080005b0   Section        0  stm32f10x_adc.o(i.ADC_RegularChannelConfig)
    i.ADC_ResetCalibration                   0x08000668   Section        0  stm32f10x_adc.o(i.ADC_ResetCalibration)
    i.ADC_SoftwareStartConvCmd               0x08000672   Section        0  stm32f10x_adc.o(i.ADC_SoftwareStartConvCmd)
    i.ADC_StartCalibration                   0x08000688   Section        0  stm32f10x_adc.o(i.ADC_StartCalibration)
    i.DMA1_Channel2_IRQHandler               0x08000694   Section        0  interrupt.o(i.DMA1_Channel2_IRQHandler)
    i.DMA1_Channel4_IRQHandler               0x080006ac   Section        0  interrupt.o(i.DMA1_Channel4_IRQHandler)
    i.DMA1_Channel5_IRQHandler               0x080006d4   Section        0  interrupt.o(i.DMA1_Channel5_IRQHandler)
    i.DMA1_Channel6_IRQHandler               0x080006ec   Section        0  interrupt.o(i.DMA1_Channel6_IRQHandler)
    i.DMA1_Channel7_IRQHandler               0x080006f0   Section        0  interrupt.o(i.DMA1_Channel7_IRQHandler)
    i.DMA_ClearFlag                          0x08000708   Section        0  stm32f10x_dma.o(i.DMA_ClearFlag)
    i.DMA_ClearITPendingBit                  0x08000724   Section        0  stm32f10x_dma.o(i.DMA_ClearITPendingBit)
    i.DMA_Cmd                                0x08000740   Section        0  stm32f10x_dma.o(i.DMA_Cmd)
    i.DMA_DeInit                             0x08000758   Section        0  stm32f10x_dma.o(i.DMA_DeInit)
    i.DMA_GetCurrDataCounter                 0x080008a4   Section        0  stm32f10x_dma.o(i.DMA_GetCurrDataCounter)
    i.DMA_GetFlagStatus                      0x080008ac   Section        0  stm32f10x_dma.o(i.DMA_GetFlagStatus)
    i.DMA_Init                               0x080008d8   Section        0  stm32f10x_dma.o(i.DMA_Init)
    i.EXTI0_IRQHandler                       0x08000914   Section        0  interrupt.o(i.EXTI0_IRQHandler)
    i.EXTI15_10_IRQHandler                   0x0800091e   Section        0  interrupt.o(i.EXTI15_10_IRQHandler)
    i.EXTI1_IRQHandler                       0x0800098e   Section        0  interrupt.o(i.EXTI1_IRQHandler)
    i.EXTI2_IRQHandler                       0x08000998   Section        0  interrupt.o(i.EXTI2_IRQHandler)
    i.EXTI3_IRQHandler                       0x080009a2   Section        0  interrupt.o(i.EXTI3_IRQHandler)
    i.EXTI4_IRQHandler                       0x080009ac   Section        0  interrupt.o(i.EXTI4_IRQHandler)
    i.EXTI9_5_IRQHandler                     0x080009b6   Section        0  interrupt.o(i.EXTI9_5_IRQHandler)
    i.EXTI_ClearITPendingBit                 0x08000a08   Section        0  stm32f10x_exti.o(i.EXTI_ClearITPendingBit)
    i.EXTI_GetITStatus                       0x08000a14   Section        0  stm32f10x_exti.o(i.EXTI_GetITStatus)
    i.GPIO_Init                              0x08000a3c   Section        0  stm32f10x_gpio.o(i.GPIO_Init)
    i.GPIO_PinRemapConfig                    0x08000b54   Section        0  stm32f10x_gpio.o(i.GPIO_PinRemapConfig)
    i.GPIO_ResetBits                         0x08000be4   Section        0  stm32f10x_gpio.o(i.GPIO_ResetBits)
    i.GPIO_SetBits                           0x08000be8   Section        0  stm32f10x_gpio.o(i.GPIO_SetBits)
    i.I2C1_ER_IRQHandler                     0x08000bec   Section        0  interrupt.o(i.I2C1_ER_IRQHandler)
    i.I2C1_EV_IRQHandler                     0x08000bee   Section        0  interrupt.o(i.I2C1_EV_IRQHandler)
    i.I2C2_ER_IRQHandler                     0x08000bf0   Section        0  interrupt.o(i.I2C2_ER_IRQHandler)
    i.I2C2_EV_IRQHandler                     0x08000c00   Section        0  interrupt.o(i.I2C2_EV_IRQHandler)
    i.I2C_AcknowledgeConfig                  0x08000c10   Section        0  stm32f10x_i2c.o(i.I2C_AcknowledgeConfig)
    i.I2C_GenerateSTART                      0x08000c28   Section        0  stm32f10x_i2c.o(i.I2C_GenerateSTART)
    i.I2C_GenerateSTOP                       0x08000c40   Section        0  stm32f10x_i2c.o(i.I2C_GenerateSTOP)
    i.I2C_GetFlagStatus                      0x08000c58   Section        0  stm32f10x_i2c.o(i.I2C_GetFlagStatus)
    i.I2C_GetLastEvent                       0x08000c92   Section        0  stm32f10x_i2c.o(i.I2C_GetLastEvent)
    i.I2C_Init                               0x08000cac   Section        0  stm32f10x_i2c.o(i.I2C_Init)
    i.I2C_ReceiveData                        0x08000d98   Section        0  stm32f10x_i2c.o(i.I2C_ReceiveData)
    i.I2C_Send7bitAddress                    0x08000da0   Section        0  stm32f10x_i2c.o(i.I2C_Send7bitAddress)
    i.I2C_SendData                           0x08000db2   Section        0  stm32f10x_i2c.o(i.I2C_SendData)
    i.NVIC_Init                              0x08000db8   Section        0  misc.o(i.NVIC_Init)
    i.NVIC_PriorityGroupConfig               0x08000e28   Section        0  misc.o(i.NVIC_PriorityGroupConfig)
    i.RCC_ADCCLKConfig                       0x08000e3c   Section        0  stm32f10x_rcc.o(i.RCC_ADCCLKConfig)
    i.RCC_AHBPeriphClockCmd                  0x08000e54   Section        0  stm32f10x_rcc.o(i.RCC_AHBPeriphClockCmd)
    i.RCC_APB1PeriphClockCmd                 0x08000e74   Section        0  stm32f10x_rcc.o(i.RCC_APB1PeriphClockCmd)
    i.RCC_APB1PeriphResetCmd                 0x08000e94   Section        0  stm32f10x_rcc.o(i.RCC_APB1PeriphResetCmd)
    i.RCC_APB2PeriphClockCmd                 0x08000eb4   Section        0  stm32f10x_rcc.o(i.RCC_APB2PeriphClockCmd)
    i.RCC_GetClocksFreq                      0x08000ed4   Section        0  stm32f10x_rcc.o(i.RCC_GetClocksFreq)
    i.SetSysClock                            0x08000fa8   Section        0  system_stm32f10x.o(i.SetSysClock)
    SetSysClock                              0x08000fa9   Thumb Code     8  system_stm32f10x.o(i.SetSysClock)
    i.SetSysClockTo72                        0x08000fb0   Section        0  system_stm32f10x.o(i.SetSysClockTo72)
    SetSysClockTo72                          0x08000fb1   Thumb Code   214  system_stm32f10x.o(i.SetSysClockTo72)
    i.SysTick_Handler                        0x08001090   Section        0  taskmanager.o(i.SysTick_Handler)
    i.SystemInit                             0x080010b0   Section        0  system_stm32f10x.o(i.SystemInit)
    i.TIM1_UP_IRQHandler                     0x08001110   Section        0  interrupt.o(i.TIM1_UP_IRQHandler)
    i.TIM2_IRQHandler                        0x08001112   Section        0  interrupt.o(i.TIM2_IRQHandler)
    i.TIM3_IRQHandler                        0x08001114   Section        0  interrupt.o(i.TIM3_IRQHandler)
    i.TIM4_IRQHandler                        0x08001116   Section        0  interrupt.o(i.TIM4_IRQHandler)
    i.TIM_Cmd                                0x08001118   Section        0  stm32f10x_tim.o(i.TIM_Cmd)
    i.TIM_OC1Init                            0x08001130   Section        0  stm32f10x_tim.o(i.TIM_OC1Init)
    i.TIM_OC1PreloadConfig                   0x080011c8   Section        0  stm32f10x_tim.o(i.TIM_OC1PreloadConfig)
    i.TIM_OC2Init                            0x080011dc   Section        0  stm32f10x_tim.o(i.TIM_OC2Init)
    i.TIM_OC2PreloadConfig                   0x08001280   Section        0  stm32f10x_tim.o(i.TIM_OC2PreloadConfig)
    i.TIM_OC3Init                            0x0800129c   Section        0  stm32f10x_tim.o(i.TIM_OC3Init)
    i.TIM_OC3PreloadConfig                   0x0800133c   Section        0  stm32f10x_tim.o(i.TIM_OC3PreloadConfig)
    i.TIM_OC4Init                            0x08001350   Section        0  stm32f10x_tim.o(i.TIM_OC4Init)
    i.TIM_OC4PreloadConfig                   0x080013cc   Section        0  stm32f10x_tim.o(i.TIM_OC4PreloadConfig)
    i.TIM_TimeBaseInit                       0x080013e8   Section        0  stm32f10x_tim.o(i.TIM_TimeBaseInit)
    i.USART1_IRQHandler                      0x0800148c   Section        0  interrupt.o(i.USART1_IRQHandler)
    i.USART2_IRQHandler                      0x0800149c   Section        0  interrupt.o(i.USART2_IRQHandler)
    i.USART3_IRQHandler                      0x080014ac   Section        0  interrupt.o(i.USART3_IRQHandler)
    i.USART_ClearITPendingBit                0x080014bc   Section        0  stm32f10x_usart.o(i.USART_ClearITPendingBit)
    i.USART_Cmd                              0x080014da   Section        0  stm32f10x_usart.o(i.USART_Cmd)
    i.USART_DMACmd                           0x080014f2   Section        0  stm32f10x_usart.o(i.USART_DMACmd)
    i.USART_GetITStatus                      0x08001504   Section        0  stm32f10x_usart.o(i.USART_GetITStatus)
    i.USART_ITConfig                         0x08001558   Section        0  stm32f10x_usart.o(i.USART_ITConfig)
    i.USART_Init                             0x080015a4   Section        0  stm32f10x_usart.o(i.USART_Init)
    i.USART_ReceiveData                      0x0800167c   Section        0  stm32f10x_usart.o(i.USART_ReceiveData)
    i.USART_SendData                         0x08001686   Section        0  stm32f10x_usart.o(i.USART_SendData)
    i._ZN11TaskManager4TimeEv                0x08001690   Section        0  taskmanager.o(i._ZN11TaskManager4TimeEv)
    i._ZN11TaskManager7DelayMsEt             0x08001720   Section        0  taskmanager.o(i._ZN11TaskManager7DelayMsEt)
    i._ZN11TaskManager9TimeSliceERdd         0x08001764   Section        0  taskmanager.o(i._ZN11TaskManager9TimeSliceERdd)
    i._ZN11TaskManagerC1Ev                   0x080017a4   Section        0  taskmanager.o(i._ZN11TaskManagerC1Ev)
    i._ZN13CommunicationC1ER5USART           0x080017c8   Section        0  communication.o(i._ZN13CommunicationC1ER5USART)
    i._ZN3ADCC1Ehhhhhhhhhh                   0x080017e8   Section        0  adc.o(i._ZN3ADCC1Ehhhhhhhhhh)
    i._ZN3I2C10AddCommandEhhPhhS0_hbP6Sensor 0x08001a10   Section        0  i2c.o(i._ZN3I2C10AddCommandEhhPhhS0_hbP6Sensor)
    i._ZN3I2C10Soft_ResetEv                  0x08001aee   Section        0  i2c.o(i._ZN3I2C10Soft_ResetEv)
    i._ZN3I2C11I2CGPIOInitEtt                0x08001b08   Section        0  i2c.o(i._ZN3I2C11I2CGPIOInitEtt)
    i._ZN3I2C12ClearCommandEv                0x08001b64   Section        0  i2c.o(i._ZN3I2C12ClearCommandEv)
    i._ZN3I2C12GetI2CNumberEv                0x08001b74   Section        0  i2c.o(i._ZN3I2C12GetI2CNumberEv)
    i._ZN3I2C13I2CGPIODeInitEtt              0x08001b8c   Section        0  i2c.o(i._ZN3I2C13I2CGPIODeInitEtt)
    i._ZN3I2C13StartCMDQueueEv               0x08001bc0   Section        0  i2c.o(i._ZN3I2C13StartCMDQueueEv)
    i._ZN3I2C18I2C_CHACK_BUSY_FIXEjtt        0x08001c6c   Section        0  i2c.o(i._ZN3I2C18I2C_CHACK_BUSY_FIXEjtt)
    i._ZN3I2C20WaitTransmitCompleteEbbb      0x08001d30   Section        0  i2c.o(i._ZN3I2C20WaitTransmitCompleteEbbb)
    i._ZN3I2C4InitEv                         0x08001dc8   Section        0  i2c.o(i._ZN3I2C4InitEv)
    i._ZN3I2C7DelayUsEj                      0x08001fc8   Section        0  i2c.o(i._ZN3I2C7DelayUsEj)
    i._ZN3I2C8DmaRxIRQEv                     0x08001fd8   Section        0  i2c.o(i._ZN3I2C8DmaRxIRQEv)
    i._ZN3I2C8DmaTxIRQEv                     0x08002044   Section        0  i2c.o(i._ZN3I2C8DmaTxIRQEv)
    i._ZN3I2C8ErrorIRQEv                     0x08002058   Section        0  i2c.o(i._ZN3I2C8ErrorIRQEv)
    i._ZN3I2C8EventIRQEv                     0x080020b4   Section        0  i2c.o(i._ZN3I2C8EventIRQEv)
    i._ZN3I2C8IsHealthEv                     0x08002500   Section        0  i2c.o(i._ZN3I2C8IsHealthEv)
    i._ZN3I2C8IsSendOkEv                     0x08002510   Section        0  i2c.o(i._ZN3I2C8IsSendOkEv)
    i._ZN3I2CC1Ehbjhhhhhhhh                  0x08002534   Section        0  i2c.o(i._ZN3I2CC1Ehbjhhhhhhhh)
    i._ZN3IMUC1ER7mpu6050R8HMC5883L          0x08002648   Section        0  imu.o(i._ZN3IMUC1ER7mpu6050R8HMC5883L)
    i._ZN3PWM10InitializeEP11TIM_TypeDefbbbbt 0x080026ac   Section        0  pwm.o(i._ZN3PWM10InitializeEP11TIM_TypeDefbbbbt)
    i._ZN3PWM7SetDutyEffff                   0x080028dc   Section        0  pwm.o(i._ZN3PWM7SetDutyEffff)
    i._ZN3PWMC1EP11TIM_TypeDefbbbbt          0x08002988   Section        0  pwm.o(i._ZN3PWMC1EP11TIM_TypeDefbbbbt)
    i._ZN4GPIO17RCC_ConfigurationEv          0x080029b4   Section        0  gpio.o(i._ZN4GPIO17RCC_ConfigurationEv)
    i._ZN4GPIO8SetLevelEh                    0x08002a54   Section        0  gpio.o(i._ZN4GPIO8SetLevelEh)
    i._ZN4GPIOC1EP12GPIO_TypeDeft16GPIOMode_TypeDef17GPIOSpeed_TypeDef 0x08002a84   Section        0  gpio.o(i._ZN4GPIOC1EP12GPIO_TypeDeft16GPIOMode_TypeDef17GPIOSpeed_TypeDef)
    i._ZN5Delay2UsEj                         0x08002ac8   Section        0  delay.o(i._ZN5Delay2UsEj)
    i._ZN5USART3IrqEv                        0x08002ae8   Section        0  usart.o(i._ZN5USART3IrqEv)
    i._ZN5USART6DmaIrqEv                     0x08002bc0   Section        0  usart.o(i._ZN5USART6DmaIrqEv)
    i._ZN5USARTC1Ehjbhhhhhttt                0x08002c48   Section        0  usart.o(i._ZN5USARTC1Ehjbhhhhhttt)
    i._ZN5USARTD1Ev                          0x08003004   Section        0  usart.o(i._ZN5USARTD1Ev)
    i._ZN6Sensor7UpdatedEv                   0x08003006   Section        0  i2c.o(i._ZN6Sensor7UpdatedEv)
    i._ZN7mpu6050C1ER3I2Ct                   0x08003032   Section        0  mpu6050.o(i._ZN7mpu6050C1ER3I2Ct)
    i._ZN7mpu6050D1Ev                        0x08003072   Section        0  mpu6050.o(i._ZN7mpu6050D1Ev)
    i._ZN8HMC5883L4InitEb                    0x08003074   Section        0  hmc5883l.o(i._ZN8HMC5883L4InitEb)
    i._ZN8HMC5883LC1ER3I2C                   0x08003114   Section        0  hmc5883l.o(i._ZN8HMC5883LC1ER3I2C)
    i.__aeabi_atexit                         0x0800314c   Section        0  aeabi_atexit.o(i.__aeabi_atexit)
    i.__cxa_finalize                         0x0800317e   Section        0  cxa_finalize.o(i.__cxa_finalize)
    i.__sti___15_TaskManager_cpp_tskmgr      0x080031c0   Section        0  taskmanager.o(i.__sti___15_TaskManager_cpp_tskmgr)
    __sti___15_TaskManager_cpp_tskmgr        0x080031c1   Thumb Code    10  taskmanager.o(i.__sti___15_TaskManager_cpp_tskmgr)
    i.__sti___8_Main_cpp_com2                0x080031d0   Section        0  main.o(i.__sti___8_Main_cpp_com2)
    __sti___8_Main_cpp_com2                  0x080031d1   Thumb Code   222  main.o(i.__sti___8_Main_cpp_com2)
    i.main                                   0x080032f0   Section        0  main.o(i.main)
    t._ZN10FIFOBufferI18I2C_Command_StructLt40EE3GetERS0_ 0x080033c0   Section        0  i2c.o(t._ZN10FIFOBufferI18I2C_Command_StructLt40EE3GetERS0_)
    t._ZN10FIFOBufferI18I2C_Command_StructLt40EE3PutERKS0_ 0x08003402   Section        0  i2c.o(t._ZN10FIFOBufferI18I2C_Command_StructLt40EE3PutERKS0_)
    t._ZN10FIFOBufferI18I2C_Command_StructLt40EE4SizeEv 0x08003450   Section        0  i2c.o(t._ZN10FIFOBufferI18I2C_Command_StructLt40EE4SizeEv)
    t._ZN10FIFOBufferI18I2C_Command_StructLt40EE5ClearEv 0x0800346a   Section        0  i2c.o(t._ZN10FIFOBufferI18I2C_Command_StructLt40EE5ClearEv)
    t._ZN10FIFOBufferI18I2C_Command_StructLt40EEC1Ev 0x08003476   Section        0  i2c.o(t._ZN10FIFOBufferI18I2C_Command_StructLt40EEC1Ev)
    t._ZN10FIFOBufferIhLt256EE3GetERh        0x08003482   Section        0  usart.o(t._ZN10FIFOBufferIhLt256EE3GetERh)
    t._ZN10FIFOBufferIhLt256EE3PutERKh       0x080034b6   Section        0  usart.o(t._ZN10FIFOBufferIhLt256EE3PutERKh)
    t._ZN10FIFOBufferIhLt256EE4GetsEPht      0x080034fa   Section        0  usart.o(t._ZN10FIFOBufferIhLt256EE4GetsEPht)
    t._ZN10FIFOBufferIhLt256EE4SizeEv        0x0800353e   Section        0  usart.o(t._ZN10FIFOBufferIhLt256EE4SizeEv)
    t._ZN10FIFOBufferIhLt256EEC1Ev           0x0800355a   Section        0  usart.o(t._ZN10FIFOBufferIhLt256EEC1Ev)
    t._ZN7Vector3IfEC1Ev                     0x08003566   Section        0  mpu6050.o(t._ZN7Vector3IfEC1Ev)
    t._ZN7Vector3IiEC1Ev                     0x08003570   Section        0  mpu6050.o(t._ZN7Vector3IiEC1Ev)
    x$fpl$dadd                               0x0800357c   Section      336  daddsub_clz.o(x$fpl$dadd)
    _dadd1                                   0x0800358d   Thumb Code     0  daddsub_clz.o(x$fpl$dadd)
    x$fpl$dcmpinf                            0x080036cc   Section       24  dcmpi.o(x$fpl$dcmpinf)
    x$fpl$ddiv                               0x080036e4   Section      688  ddiv.o(x$fpl$ddiv)
    ddiv_entry                               0x080036eb   Thumb Code     0  ddiv.o(x$fpl$ddiv)
    x$fpl$dfltu                              0x08003994   Section       38  dflt_clz.o(x$fpl$dfltu)
    x$fpl$dleqf                              0x080039bc   Section      120  dleqf.o(x$fpl$dleqf)
    x$fpl$dnaninf                            0x08003a34   Section      156  dnaninf.o(x$fpl$dnaninf)
    x$fpl$dretinf                            0x08003ad0   Section       12  dretinf.o(x$fpl$dretinf)
    x$fpl$drleqf                             0x08003adc   Section      108  drleqf.o(x$fpl$drleqf)
    x$fpl$dsub                               0x08003b48   Section      468  daddsub_clz.o(x$fpl$dsub)
    _dsub1                                   0x08003b59   Thumb Code     0  daddsub_clz.o(x$fpl$dsub)
    x$fpl$fdiv                               0x08003d1c   Section      388  fdiv.o(x$fpl$fdiv)
    _fdiv1                                   0x08003d1d   Thumb Code     0  fdiv.o(x$fpl$fdiv)
    x$fpl$ffixu                              0x08003ea0   Section       62  ffixu.o(x$fpl$ffixu)
    x$fpl$ffltu                              0x08003ee0   Section       38  fflt_clz.o(x$fpl$ffltu)
    x$fpl$fmul                               0x08003f08   Section      258  fmul.o(x$fpl$fmul)
    x$fpl$fnaninf                            0x0800400a   Section      140  fnaninf.o(x$fpl$fnaninf)
    x$fpl$fretinf                            0x08004096   Section       10  fretinf.o(x$fpl$fretinf)
    .constdata                               0x080040a0   Section       32  gpio.o(.constdata)
    x$fpl$usenofp                            0x080040a0   Section        0  usenofp.o(x$fpl$usenofp)
    .constdata__ZTV8HMC5883L                 0x080040c0   Section       12  hmc5883l.o(.constdata__ZTV8HMC5883L)
    .init_array                              0x080040ec   Section        4  taskmanager.o(.init_array)
    .init_array                              0x080040f0   Section        4  main.o(.init_array)
    .init_array                              0x080040f4   Section        0  init_aeabi.o(.init_array)
    .data                                    0x20000000   Section       28  adc.o(.data)
    _ZGVvoltage                              0x20000014   Data           4  adc.o(.data)
    voltage                                  0x20000018   Data           4  adc.o(.data)
    .data                                    0x2000001c   Section        5  i2c.o(.data)
    I2C_Status                               0x2000001c   Data           4  i2c.o(.data)
    timeOut                                  0x20000020   Data           1  i2c.o(.data)
    .data                                    0x20000021   Section        3  usart.o(.data)
    dataToSend                               0x20000021   Data           1  usart.o(.data)
    dataToSend                               0x20000022   Data           1  usart.o(.data)
    dataToSend                               0x20000023   Data           1  usart.o(.data)
    .data                                    0x20000024   Section       16  interrupt.o(.data)
    .data                                    0x20000038   Section       32  taskmanager.o(.data)
    .data                                    0x20000058   Section        1  main.o(.data)
    .data                                    0x20000059   Section       20  stm32f10x_rcc.o(.data)
    APBAHBPrescTable                         0x20000059   Data          16  stm32f10x_rcc.o(.data)
    ADCPrescTable                            0x20000069   Data           4  stm32f10x_rcc.o(.data)
    .bss                                     0x20000070   Section       40  adc.o(.bss)
    .bss                                     0x20000098   Section     1888  main.o(.bss)
    .bss                                     0x200007f8   Section       96  libspace.o(.bss)
    HEAP                                     0x20000858   Section      512  startup_stm32f10x_md.o(HEAP)
    Heap_Mem                                 0x20000858   Data         512  startup_stm32f10x_md.o(HEAP)
    STACK                                    0x20000a58   Section     1024  startup_stm32f10x_md.o(STACK)
    Stack_Mem                                0x20000a58   Data        1024  startup_stm32f10x_md.o(STACK)
    __initial_sp                             0x20000e58   Data           0  startup_stm32f10x_md.o(STACK)

    Global Symbols

    Symbol Name                              Value     Ov Type        Size  Object(Section)

    BuildAttributes$$THM_ISAv4$P$D$K$B$S$PE$A:L22UL41UL21$X:L11$S22US41US21$IEEE1$IW$USESV6$~STKCKD$USESV7$~SHL$OTIME$ROPI$IEEEX$EBA8$UX$STANDARDLIB$REQ8$PRES8$EABIv2 0x00000000   Number         0  anon$$obj.o ABSOLUTE
    __ARM_use_no_argv                        0x00000000   Number         0  main.o ABSOLUTE
    __ARM::default_unexpected_handler()       - Undefined Weak Reference
    __ARM_exceptions_buffer_required          - Undefined Weak Reference
    __ARM_exceptions_init                     - Undefined Weak Reference
    __alloca_initialize                       - Undefined Weak Reference
    __arm_preinit_                            - Undefined Weak Reference
    __rt_locale                               - Undefined Weak Reference
    __sigvec_lookup                           - Undefined Weak Reference
    __user_heap_extent                        - Undefined Weak Reference
    _atexit_init                              - Undefined Weak Reference
    _call_atexit_fns                          - Undefined Weak Reference
    _clock_init                               - Undefined Weak Reference
    _fp_trap_init                             - Undefined Weak Reference
    _fp_trap_shutdown                         - Undefined Weak Reference
    _get_lc_collate                           - Undefined Weak Reference
    _get_lc_ctype                             - Undefined Weak Reference
    _get_lc_monetary                          - Undefined Weak Reference
    _get_lc_numeric                           - Undefined Weak Reference
    _get_lc_time                              - Undefined Weak Reference
    _getenv_init                              - Undefined Weak Reference
    _handle_redirection                       - Undefined Weak Reference
    _initio                                   - Undefined Weak Reference
    _mutex_acquire                            - Undefined Weak Reference
    _mutex_free                               - Undefined Weak Reference
    _mutex_release                            - Undefined Weak Reference
    _rand_init                                - Undefined Weak Reference
    _signal_finish                            - Undefined Weak Reference
    _signal_init                              - Undefined Weak Reference
    _terminateio                              - Undefined Weak Reference
    __Vectors_Size                           0x000000ec   Number         0  startup_stm32f10x_md.o ABSOLUTE
    __Vectors                                0x08000000   Data           4  startup_stm32f10x_md.o(RESET)
    __dso_handle                             0x08000000   Number         0  startup_stm32f10x_md.o(RESET)
    __Vectors_End                            0x080000ec   Data           0  startup_stm32f10x_md.o(RESET)
    __main                                   0x080000ed   Thumb Code     8  __main.o(!!!main)
    __scatterload                            0x080000f5   Thumb Code     0  __scatter.o(!!!scatter)
    __scatterload_rt2                        0x080000f5   Thumb Code    44  __scatter.o(!!!scatter)
    __scatterload_rt2_thumb_only             0x080000f5   Thumb Code     0  __scatter.o(!!!scatter)
    __scatterload_null                       0x08000103   Thumb Code     0  __scatter.o(!!!scatter)
    __scatterload_copy                       0x08000129   Thumb Code    26  __scatter_copy.o(!!handler_copy)
    __scatterload_zeroinit                   0x08000145   Thumb Code    28  __scatter_zi.o(!!handler_zi)
    __rt_lib_init                            0x08000161   Thumb Code     0  libinit.o(.ARM.Collect$$libinit$$00000000)
    __rt_lib_init_fp_1                       0x08000163   Thumb Code     0  libinit2.o(.ARM.Collect$$libinit$$00000002)
    __rt_lib_init_heap_2                     0x08000163   Thumb Code     0  libinit2.o(.ARM.Collect$$libinit$$00000005)
    __rt_lib_init_preinit_1                  0x08000163   Thumb Code     0  libinit2.o(.ARM.Collect$$libinit$$00000004)
    __rt_lib_init_alloca_1                   0x0800016b   Thumb Code     0  libinit2.o(.ARM.Collect$$libinit$$0000002E)
    __rt_lib_init_argv_1                     0x0800016b   Thumb Code     0  libinit2.o(.ARM.Collect$$libinit$$0000002C)
    __rt_lib_init_atexit_1                   0x0800016b   Thumb Code     0  libinit2.o(.ARM.Collect$$libinit$$0000001B)
    __rt_lib_init_clock_1                    0x0800016b   Thumb Code     0  libinit2.o(.ARM.Collect$$libinit$$00000021)
    __rt_lib_init_cpp_2                      0x0800016b   Thumb Code     0  libinit2.o(.ARM.Collect$$libinit$$00000031)
    __rt_lib_init_exceptions_1               0x0800016b   Thumb Code     0  libinit2.o(.ARM.Collect$$libinit$$00000030)
    __rt_lib_init_fp_trap_1                  0x0800016b   Thumb Code     0  libinit2.o(.ARM.Collect$$libinit$$0000001F)
    __rt_lib_init_getenv_1                   0x0800016b   Thumb Code     0  libinit2.o(.ARM.Collect$$libinit$$00000023)
    __rt_lib_init_heap_1                     0x0800016b   Thumb Code     0  libinit2.o(.ARM.Collect$$libinit$$0000000A)
    __rt_lib_init_lc_collate_1               0x0800016b   Thumb Code     0  libinit2.o(.ARM.Collect$$libinit$$00000011)
    __rt_lib_init_lc_ctype_1                 0x0800016b   Thumb Code     0  libinit2.o(.ARM.Collect$$libinit$$00000013)
    __rt_lib_init_lc_monetary_1              0x0800016b   Thumb Code     0  libinit2.o(.ARM.Collect$$libinit$$00000015)
    __rt_lib_init_lc_numeric_1               0x0800016b   Thumb Code     0  libinit2.o(.ARM.Collect$$libinit$$00000017)
    __rt_lib_init_lc_time_1                  0x0800016b   Thumb Code     0  libinit2.o(.ARM.Collect$$libinit$$00000019)
    __rt_lib_init_rand_1                     0x0800016b   Thumb Code     0  libinit2.o(.ARM.Collect$$libinit$$0000000E)
    __rt_lib_init_signal_1                   0x0800016b   Thumb Code     0  libinit2.o(.ARM.Collect$$libinit$$0000001D)
    __rt_lib_init_stdio_1                    0x0800016b   Thumb Code     0  libinit2.o(.ARM.Collect$$libinit$$00000025)
    __rt_lib_init_user_alloc_1               0x0800016b   Thumb Code     0  libinit2.o(.ARM.Collect$$libinit$$0000000C)
    __rt_lib_init_cpp_1                      0x0800016f   Thumb Code     0  libinit2.o(.ARM.Collect$$libinit$$00000032)
    __rt_lib_init_return                     0x0800016f   Thumb Code     0  libinit2.o(.ARM.Collect$$libinit$$00000033)
    __rt_lib_shutdown                        0x08000171   Thumb Code     0  libshutdown.o(.ARM.Collect$$libshutdown$$00000000)
    __rt_lib_shutdown_cpp_1                  0x08000173   Thumb Code     0  libshutdown2.o(.ARM.Collect$$libshutdown$$00000001)
    __rt_lib_shutdown_fp_trap_1              0x08000179   Thumb Code     0  libshutdown2.o(.ARM.Collect$$libshutdown$$00000006)
    __rt_lib_shutdown_heap_1                 0x08000179   Thumb Code     0  libshutdown2.o(.ARM.Collect$$libshutdown$$0000000E)
    __rt_lib_shutdown_return                 0x08000179   Thumb Code     0  libshutdown2.o(.ARM.Collect$$libshutdown$$0000000F)
    __rt_lib_shutdown_signal_1               0x08000179   Thumb Code     0  libshutdown2.o(.ARM.Collect$$libshutdown$$00000009)
    __rt_lib_shutdown_stdio_1                0x08000179   Thumb Code     0  libshutdown2.o(.ARM.Collect$$libshutdown$$00000003)
    __rt_lib_shutdown_user_alloc_1           0x08000179   Thumb Code     0  libshutdown2.o(.ARM.Collect$$libshutdown$$0000000B)
    __rt_entry                               0x0800017b   Thumb Code     0  __rtentry.o(.ARM.Collect$$rtentry$$00000000)
    __rt_entry_presh_1                       0x0800017b   Thumb Code     0  __rtentry2.o(.ARM.Collect$$rtentry$$00000002)
    __rt_entry_sh                            0x0800017b   Thumb Code     0  __rtentry4.o(.ARM.Collect$$rtentry$$00000004)
    __rt_entry_li                            0x08000181   Thumb Code     0  __rtentry2.o(.ARM.Collect$$rtentry$$0000000A)
    __rt_entry_postsh_1                      0x08000181   Thumb Code     0  __rtentry2.o(.ARM.Collect$$rtentry$$00000009)
    __rt_entry_main                          0x08000185   Thumb Code     0  __rtentry2.o(.ARM.Collect$$rtentry$$0000000D)
    __rt_entry_postli_1                      0x08000185   Thumb Code     0  __rtentry2.o(.ARM.Collect$$rtentry$$0000000C)
    __rt_exit                                0x0800018d   Thumb Code     0  rtexit.o(.ARM.Collect$$rtexit$$00000000)
    __rt_exit_ls                             0x0800018f   Thumb Code     0  rtexit2.o(.ARM.Collect$$rtexit$$00000003)
    __rt_exit_prels_1                        0x0800018f   Thumb Code     0  rtexit2.o(.ARM.Collect$$rtexit$$00000002)
    __rt_exit_exit                           0x08000193   Thumb Code     0  rtexit2.o(.ARM.Collect$$rtexit$$00000004)
    Reset_Handler                            0x08000199   Thumb Code     8  startup_stm32f10x_md.o(.text)
    _maybe_terminate_alloc                   0x08000199   Thumb Code     0  maybetermalloc1.o(.emb_text)
    NMI_Handler                              0x080001a1   Thumb Code     2  startup_stm32f10x_md.o(.text)
    HardFault_Handler                        0x080001a3   Thumb Code     2  startup_stm32f10x_md.o(.text)
    MemManage_Handler                        0x080001a5   Thumb Code     2  startup_stm32f10x_md.o(.text)
    BusFault_Handler                         0x080001a7   Thumb Code     2  startup_stm32f10x_md.o(.text)
    UsageFault_Handler                       0x080001a9   Thumb Code     2  startup_stm32f10x_md.o(.text)
    SVC_Handler                              0x080001ab   Thumb Code     2  startup_stm32f10x_md.o(.text)
    DebugMon_Handler                         0x080001ad   Thumb Code     2  startup_stm32f10x_md.o(.text)
    PendSV_Handler                           0x080001af   Thumb Code     2  startup_stm32f10x_md.o(.text)
    ADC1_2_IRQHandler                        0x080001b3   Thumb Code     0  startup_stm32f10x_md.o(.text)
    CAN1_RX1_IRQHandler                      0x080001b3   Thumb Code     0  startup_stm32f10x_md.o(.text)
    CAN1_SCE_IRQHandler                      0x080001b3   Thumb Code     0  startup_stm32f10x_md.o(.text)
    DMA1_Channel1_IRQHandler                 0x080001b3   Thumb Code     0  startup_stm32f10x_md.o(.text)
    DMA1_Channel3_IRQHandler                 0x080001b3   Thumb Code     0  startup_stm32f10x_md.o(.text)
    FLASH_IRQHandler                         0x080001b3   Thumb Code     0  startup_stm32f10x_md.o(.text)
    PVD_IRQHandler                           0x080001b3   Thumb Code     0  startup_stm32f10x_md.o(.text)
    RCC_IRQHandler                           0x080001b3   Thumb Code     0  startup_stm32f10x_md.o(.text)
    RTCAlarm_IRQHandler                      0x080001b3   Thumb Code     0  startup_stm32f10x_md.o(.text)
    RTC_IRQHandler                           0x080001b3   Thumb Code     0  startup_stm32f10x_md.o(.text)
    SPI1_IRQHandler                          0x080001b3   Thumb Code     0  startup_stm32f10x_md.o(.text)
    SPI2_IRQHandler                          0x080001b3   Thumb Code     0  startup_stm32f10x_md.o(.text)
    TAMPER_IRQHandler                        0x080001b3   Thumb Code     0  startup_stm32f10x_md.o(.text)
    TIM1_BRK_IRQHandler                      0x080001b3   Thumb Code     0  startup_stm32f10x_md.o(.text)
    TIM1_CC_IRQHandler                       0x080001b3   Thumb Code     0  startup_stm32f10x_md.o(.text)
    TIM1_TRG_COM_IRQHandler                  0x080001b3   Thumb Code     0  startup_stm32f10x_md.o(.text)
    USBWakeUp_IRQHandler                     0x080001b3   Thumb Code     0  startup_stm32f10x_md.o(.text)
    USB_HP_CAN1_TX_IRQHandler                0x080001b3   Thumb Code     0  startup_stm32f10x_md.o(.text)
    USB_LP_CAN1_RX0_IRQHandler               0x080001b3   Thumb Code     0  startup_stm32f10x_md.o(.text)
    WWDG_IRQHandler                          0x080001b3   Thumb Code     0  startup_stm32f10x_md.o(.text)
    __user_initial_stackheap                 0x080001b5   Thumb Code     0  startup_stm32f10x_md.o(.text)
    __aeabi_memcpy4                          0x080001d9   Thumb Code     0  rt_memcpy_w.o(.text)
    __aeabi_memcpy8                          0x080001d9   Thumb Code     0  rt_memcpy_w.o(.text)
    __rt_memcpy_w                            0x080001d9   Thumb Code   100  rt_memcpy_w.o(.text)
    _memcpy_lastbytes_aligned                0x08000221   Thumb Code     0  rt_memcpy_w.o(.text)
    __use_two_region_memory                  0x0800023d   Thumb Code     2  heapauxi.o(.text)
    __rt_heap_escrow                         0x0800023f   Thumb Code     2  heapauxi.o(.text)
    __rt_heap_expand                         0x08000241   Thumb Code     2  heapauxi.o(.text)
    __cpp_initialize__aeabi_                 0x08000245   Thumb Code    26  init_aeabi.o(.text)
    __rt_ddtor_pointer_addr                  0x08000269   Thumb Code     8  rt_ddtor_pointer_addr_intlibspace.o(.text)
    malloc                                   0x08000271   Thumb Code    94  h1_alloc.o(.text)
    __user_libspace                          0x080002d1   Thumb Code     8  libspace.o(.text)
    __user_perproc_libspace                  0x080002d1   Thumb Code     0  libspace.o(.text)
    __user_perthread_libspace                0x080002d1   Thumb Code     0  libspace.o(.text)
    __rt_heap_descriptor                     0x080002d9   Thumb Code     8  rt_heap_descriptor_intlibspace.o(.text)
    __use_no_heap                            0x080002e1   Thumb Code     2  hguard.o(.text)
    __heap$guard                             0x080002e3   Thumb Code     2  hguard.o(.text)
    _terminate_user_alloc                    0x080002e5   Thumb Code     2  init_alloc.o(.text)
    _init_user_alloc                         0x080002e7   Thumb Code     2  init_alloc.o(.text)
    __Heap_Full                              0x080002e9   Thumb Code    34  init_alloc.o(.text)
    __Heap_Broken                            0x0800030b   Thumb Code     6  init_alloc.o(.text)
    _init_alloc                              0x08000311   Thumb Code    94  init_alloc.o(.text)
    __Heap_Initialize                        0x0800036f   Thumb Code    10  h1_init.o(.text)
    __Heap_DescSize                          0x08000379   Thumb Code     4  h1_init.o(.text)
    free                                     0x0800037d   Thumb Code    78  h1_free.o(.text)
    __user_setup_stackheap                   0x080003cb   Thumb Code    74  sys_stackheap_outer.o(.text)
    __Heap_ProvideMemory                     0x08000415   Thumb Code    52  h1_extend.o(.text)
    exit                                     0x08000449   Thumb Code    12  exit.o(.text)
    __rt_SIGRTMEM                            0x08000455   Thumb Code    14  defsig_rtmem_outer.o(.text)
    _sys_exit                                0x08000465   Thumb Code     8  sys_exit.o(.text)
    __I$use$semihosting                      0x08000471   Thumb Code     0  use_no_semi.o(.text)
    __use_no_semihosting_swi                 0x08000471   Thumb Code     2  use_no_semi.o(.text)
    __semihosting_library_function           0x08000473   Thumb Code     0  indicate_semi.o(.text)
    __sig_exit                               0x08000473   Thumb Code    10  defsig_exit.o(.text)
    __rt_SIGRTMEM_inner                      0x0800047d   Thumb Code    22  defsig_rtmem_inner.o(.text)
    __default_signal_display                 0x080004cd   Thumb Code    50  defsig_general.o(.text)
    _ttywrch                                 0x080004ff   Thumb Code    14  sys_wrch.o(.text)
    ADC_Cmd                                  0x0800050d   Thumb Code    22  stm32f10x_adc.o(i.ADC_Cmd)
    ADC_DMACmd                               0x08000523   Thumb Code    22  stm32f10x_adc.o(i.ADC_DMACmd)
    ADC_GetCalibrationStatus                 0x08000539   Thumb Code    20  stm32f10x_adc.o(i.ADC_GetCalibrationStatus)
    ADC_GetResetCalibrationStatus            0x0800054d   Thumb Code    20  stm32f10x_adc.o(i.ADC_GetResetCalibrationStatus)
    ADC_Init                                 0x08000561   Thumb Code    70  stm32f10x_adc.o(i.ADC_Init)
    ADC_RegularChannelConfig                 0x080005b1   Thumb Code   184  stm32f10x_adc.o(i.ADC_RegularChannelConfig)
    ADC_ResetCalibration                     0x08000669   Thumb Code    10  stm32f10x_adc.o(i.ADC_ResetCalibration)
    ADC_SoftwareStartConvCmd                 0x08000673   Thumb Code    22  stm32f10x_adc.o(i.ADC_SoftwareStartConvCmd)
    ADC_StartCalibration                     0x08000689   Thumb Code    10  stm32f10x_adc.o(i.ADC_StartCalibration)
    DMA1_Channel2_IRQHandler                 0x08000695   Thumb Code    18  interrupt.o(i.DMA1_Channel2_IRQHandler)
    DMA1_Channel4_IRQHandler                 0x080006ad   Thumb Code    32  interrupt.o(i.DMA1_Channel4_IRQHandler)
    DMA1_Channel5_IRQHandler                 0x080006d5   Thumb Code    18  interrupt.o(i.DMA1_Channel5_IRQHandler)
    DMA1_Channel6_IRQHandler                 0x080006ed   Thumb Code     2  interrupt.o(i.DMA1_Channel6_IRQHandler)
    DMA1_Channel7_IRQHandler                 0x080006f1   Thumb Code    18  interrupt.o(i.DMA1_Channel7_IRQHandler)
    DMA_ClearFlag                            0x08000709   Thumb Code    18  stm32f10x_dma.o(i.DMA_ClearFlag)
    DMA_ClearITPendingBit                    0x08000725   Thumb Code    18  stm32f10x_dma.o(i.DMA_ClearITPendingBit)
    DMA_Cmd                                  0x08000741   Thumb Code    24  stm32f10x_dma.o(i.DMA_Cmd)
    DMA_DeInit                               0x08000759   Thumb Code   324  stm32f10x_dma.o(i.DMA_DeInit)
    DMA_GetCurrDataCounter                   0x080008a5   Thumb Code     8  stm32f10x_dma.o(i.DMA_GetCurrDataCounter)
    DMA_GetFlagStatus                        0x080008ad   Thumb Code    36  stm32f10x_dma.o(i.DMA_GetFlagStatus)
    DMA_Init                                 0x080008d9   Thumb Code    60  stm32f10x_dma.o(i.DMA_Init)
    EXTI0_IRQHandler                         0x08000915   Thumb Code    10  interrupt.o(i.EXTI0_IRQHandler)
    EXTI15_10_IRQHandler                     0x0800091f   Thumb Code   112  interrupt.o(i.EXTI15_10_IRQHandler)
    EXTI1_IRQHandler                         0x0800098f   Thumb Code    10  interrupt.o(i.EXTI1_IRQHandler)
    EXTI2_IRQHandler                         0x08000999   Thumb Code    10  interrupt.o(i.EXTI2_IRQHandler)
    EXTI3_IRQHandler                         0x080009a3   Thumb Code    10  interrupt.o(i.EXTI3_IRQHandler)
    EXTI4_IRQHandler                         0x080009ad   Thumb Code    10  interrupt.o(i.EXTI4_IRQHandler)
    EXTI9_5_IRQHandler                       0x080009b7   Thumb Code    82  interrupt.o(i.EXTI9_5_IRQHandler)
    EXTI_ClearITPendingBit                   0x08000a09   Thumb Code     6  stm32f10x_exti.o(i.EXTI_ClearITPendingBit)
    EXTI_GetITStatus                         0x08000a15   Thumb Code    34  stm32f10x_exti.o(i.EXTI_GetITStatus)
    GPIO_Init                                0x08000a3d   Thumb Code   278  stm32f10x_gpio.o(i.GPIO_Init)
    GPIO_PinRemapConfig                      0x08000b55   Thumb Code   138  stm32f10x_gpio.o(i.GPIO_PinRemapConfig)
    GPIO_ResetBits                           0x08000be5   Thumb Code     4  stm32f10x_gpio.o(i.GPIO_ResetBits)
    GPIO_SetBits                             0x08000be9   Thumb Code     4  stm32f10x_gpio.o(i.GPIO_SetBits)
    I2C1_ER_IRQHandler                       0x08000bed   Thumb Code     2  interrupt.o(i.I2C1_ER_IRQHandler)
    I2C1_EV_IRQHandler                       0x08000bef   Thumb Code     2  interrupt.o(i.I2C1_EV_IRQHandler)
    I2C2_ER_IRQHandler                       0x08000bf1   Thumb Code    12  interrupt.o(i.I2C2_ER_IRQHandler)
    I2C2_EV_IRQHandler                       0x08000c01   Thumb Code    12  interrupt.o(i.I2C2_EV_IRQHandler)
    I2C_AcknowledgeConfig                    0x08000c11   Thumb Code    24  stm32f10x_i2c.o(i.I2C_AcknowledgeConfig)
    I2C_GenerateSTART                        0x08000c29   Thumb Code    24  stm32f10x_i2c.o(i.I2C_GenerateSTART)
    I2C_GenerateSTOP                         0x08000c41   Thumb Code    24  stm32f10x_i2c.o(i.I2C_GenerateSTOP)
    I2C_GetFlagStatus                        0x08000c59   Thumb Code    58  stm32f10x_i2c.o(i.I2C_GetFlagStatus)
    I2C_GetLastEvent                         0x08000c93   Thumb Code    26  stm32f10x_i2c.o(i.I2C_GetLastEvent)
    I2C_Init                                 0x08000cad   Thumb Code   222  stm32f10x_i2c.o(i.I2C_Init)
    I2C_ReceiveData                          0x08000d99   Thumb Code     8  stm32f10x_i2c.o(i.I2C_ReceiveData)
    I2C_Send7bitAddress                      0x08000da1   Thumb Code    18  stm32f10x_i2c.o(i.I2C_Send7bitAddress)
    I2C_SendData                             0x08000db3   Thumb Code     4  stm32f10x_i2c.o(i.I2C_SendData)
    NVIC_Init                                0x08000db9   Thumb Code   100  misc.o(i.NVIC_Init)
    NVIC_PriorityGroupConfig                 0x08000e29   Thumb Code    10  misc.o(i.NVIC_PriorityGroupConfig)
    RCC_ADCCLKConfig                         0x08000e3d   Thumb Code    18  stm32f10x_rcc.o(i.RCC_ADCCLKConfig)
    RCC_AHBPeriphClockCmd                    0x08000e55   Thumb Code    26  stm32f10x_rcc.o(i.RCC_AHBPeriphClockCmd)
    RCC_APB1PeriphClockCmd                   0x08000e75   Thumb Code    26  stm32f10x_rcc.o(i.RCC_APB1PeriphClockCmd)
    RCC_APB1PeriphResetCmd                   0x08000e95   Thumb Code    26  stm32f10x_rcc.o(i.RCC_APB1PeriphResetCmd)
    RCC_APB2PeriphClockCmd                   0x08000eb5   Thumb Code    26  stm32f10x_rcc.o(i.RCC_APB2PeriphClockCmd)
    RCC_GetClocksFreq                        0x08000ed5   Thumb Code   192  stm32f10x_rcc.o(i.RCC_GetClocksFreq)
    SysTick_Handler                          0x08001091   Thumb Code    20  taskmanager.o(i.SysTick_Handler)
    SystemInit                               0x080010b1   Thumb Code    78  system_stm32f10x.o(i.SystemInit)
    TIM1_UP_IRQHandler                       0x08001111   Thumb Code     2  interrupt.o(i.TIM1_UP_IRQHandler)
    TIM2_IRQHandler                          0x08001113   Thumb Code     2  interrupt.o(i.TIM2_IRQHandler)
    TIM3_IRQHandler                          0x08001115   Thumb Code     2  interrupt.o(i.TIM3_IRQHandler)
    TIM4_IRQHandler                          0x08001117   Thumb Code     2  interrupt.o(i.TIM4_IRQHandler)
    TIM_Cmd                                  0x08001119   Thumb Code    24  stm32f10x_tim.o(i.TIM_Cmd)
    TIM_OC1Init                              0x08001131   Thumb Code   132  stm32f10x_tim.o(i.TIM_OC1Init)
    TIM_OC1PreloadConfig                     0x080011c9   Thumb Code    18  stm32f10x_tim.o(i.TIM_OC1PreloadConfig)
    TIM_OC2Init                              0x080011dd   Thumb Code   154  stm32f10x_tim.o(i.TIM_OC2Init)
    TIM_OC2PreloadConfig                     0x08001281   Thumb Code    26  stm32f10x_tim.o(i.TIM_OC2PreloadConfig)
    TIM_OC3Init                              0x0800129d   Thumb Code   150  stm32f10x_tim.o(i.TIM_OC3Init)
    TIM_OC3PreloadConfig                     0x0800133d   Thumb Code    18  stm32f10x_tim.o(i.TIM_OC3PreloadConfig)
    TIM_OC4Init                              0x08001351   Thumb Code   114  stm32f10x_tim.o(i.TIM_OC4Init)
    TIM_OC4PreloadConfig                     0x080013cd   Thumb Code    26  stm32f10x_tim.o(i.TIM_OC4PreloadConfig)
    TIM_TimeBaseInit                         0x080013e9   Thumb Code   122  stm32f10x_tim.o(i.TIM_TimeBaseInit)
    USART1_IRQHandler                        0x0800148d   Thumb Code    12  interrupt.o(i.USART1_IRQHandler)
    USART2_IRQHandler                        0x0800149d   Thumb Code    12  interrupt.o(i.USART2_IRQHandler)
    USART3_IRQHandler                        0x080014ad   Thumb Code    12  interrupt.o(i.USART3_IRQHandler)
    USART_ClearITPendingBit                  0x080014bd   Thumb Code    30  stm32f10x_usart.o(i.USART_ClearITPendingBit)
    USART_Cmd                                0x080014db   Thumb Code    24  stm32f10x_usart.o(i.USART_Cmd)
    USART_DMACmd                             0x080014f3   Thumb Code    18  stm32f10x_usart.o(i.USART_DMACmd)
    USART_GetITStatus                        0x08001505   Thumb Code    84  stm32f10x_usart.o(i.USART_GetITStatus)
    USART_ITConfig                           0x08001559   Thumb Code    74  stm32f10x_usart.o(i.USART_ITConfig)
    USART_Init                               0x080015a5   Thumb Code   210  stm32f10x_usart.o(i.USART_Init)
    USART_ReceiveData                        0x0800167d   Thumb Code    10  stm32f10x_usart.o(i.USART_ReceiveData)
    USART_SendData                           0x08001687   Thumb Code     8  stm32f10x_usart.o(i.USART_SendData)
    TaskManager::Time()                      0x08001691   Thumb Code   110  taskmanager.o(i._ZN11TaskManager4TimeEv)
    TaskManager::DelayMs(unsigned short)     0x08001721   Thumb Code    64  taskmanager.o(i._ZN11TaskManager7DelayMsEt)
    TaskManager::TimeSlice(double&, double)  0x08001765   Thumb Code    62  taskmanager.o(i._ZN11TaskManager9TimeSliceERdd)
    TaskManager::TaskManager()               0x080017a5   Thumb Code    32  taskmanager.o(i._ZN11TaskManagerC1Ev)
    TaskManager::TaskManager__sub_object()   0x080017a5   Thumb Code     0  taskmanager.o(i._ZN11TaskManagerC1Ev)
    Communication::Communication(USART&)     0x080017c9   Thumb Code    30  communication.o(i._ZN13CommunicationC1ER5USART)
    Communication::Communication__sub_object(USART&) 0x080017c9   Thumb Code     0  communication.o(i._ZN13CommunicationC1ER5USART)
    ADC::ADC(unsigned char, unsigned char, unsigned char, unsigned char, unsigned char, unsigned char, unsigned char, unsigned char, unsigned char, unsigned char) 0x080017e9   Thumb Code   518  adc.o(i._ZN3ADCC1Ehhhhhhhhhh)
    ADC::ADC__sub_object(unsigned char, unsigned char, unsigned char, unsigned char, unsigned char, unsigned char, unsigned char, unsigned char, unsigned char, unsigned char) 0x080017e9   Thumb Code     0  adc.o(i._ZN3ADCC1Ehhhhhhhhhh)
    I2C::AddCommand(unsigned char, unsigned char, unsigned char*, unsigned char, unsigned char*, unsigned char, bool, Sensor*) 0x08001a11   Thumb Code   222  i2c.o(i._ZN3I2C10AddCommandEhhPhhS0_hbP6Sensor)
    I2C::Soft_Reset()                        0x08001aef   Thumb Code    26  i2c.o(i._ZN3I2C10Soft_ResetEv)
    I2C::I2CGPIOInit(unsigned short, unsigned short) 0x08001b09   Thumb Code    82  i2c.o(i._ZN3I2C11I2CGPIOInitEtt)
    I2C::ClearCommand()                      0x08001b65   Thumb Code    14  i2c.o(i._ZN3I2C12ClearCommandEv)
    I2C::GetI2CNumber()                      0x08001b75   Thumb Code    18  i2c.o(i._ZN3I2C12GetI2CNumberEv)
    I2C::I2CGPIODeInit(unsigned short, unsigned short) 0x08001b8d   Thumb Code    46  i2c.o(i._ZN3I2C13I2CGPIODeInitEtt)
    I2C::StartCMDQueue()                     0x08001bc1   Thumb Code   170  i2c.o(i._ZN3I2C13StartCMDQueueEv)
    I2C::I2C_CHACK_BUSY_FIX(unsigned, unsigned short, unsigned short) 0x08001c6d   Thumb Code   192  i2c.o(i._ZN3I2C18I2C_CHACK_BUSY_FIXEjtt)
    I2C::WaitTransmitComplete(bool, bool, bool) 0x08001d31   Thumb Code   152  i2c.o(i._ZN3I2C20WaitTransmitCompleteEbbb)
    I2C::Init()                              0x08001dc9   Thumb Code   508  i2c.o(i._ZN3I2C4InitEv)
    I2C::DelayUs(unsigned)                   0x08001fc9   Thumb Code    14  i2c.o(i._ZN3I2C7DelayUsEj)
    I2C::DmaRxIRQ()                          0x08001fd9   Thumb Code   104  i2c.o(i._ZN3I2C8DmaRxIRQEv)
    I2C::DmaTxIRQ()                          0x08002045   Thumb Code    14  i2c.o(i._ZN3I2C8DmaTxIRQEv)
    I2C::ErrorIRQ()                          0x08002059   Thumb Code    92  i2c.o(i._ZN3I2C8ErrorIRQEv)
    I2C::EventIRQ()                          0x080020b5   Thumb Code  1086  i2c.o(i._ZN3I2C8EventIRQEv)
    I2C::IsHealth()                          0x08002501   Thumb Code    16  i2c.o(i._ZN3I2C8IsHealthEv)
    I2C::IsSendOk()                          0x08002511   Thumb Code    36  i2c.o(i._ZN3I2C8IsSendOkEv)
    I2C::I2C(unsigned char, bool, unsigned, unsigned char, unsigned char, unsigned char, unsigned char, unsigned char, unsigned char, unsigned char, unsigned char) 0x08002535   Thumb Code   262  i2c.o(i._ZN3I2CC1Ehbjhhhhhhhh)
    I2C::I2C__sub_object(unsigned char, bool, unsigned, unsigned char, unsigned char, unsigned char, unsigned char, unsigned char, unsigned char, unsigned char, unsigned char) 0x08002535   Thumb Code     0  i2c.o(i._ZN3I2CC1Ehbjhhhhhhhh)
    IMU::IMU(mpu6050&, HMC5883L&)            0x08002649   Thumb Code   100  imu.o(i._ZN3IMUC1ER7mpu6050R8HMC5883L)
    IMU::IMU__sub_object(mpu6050&, HMC5883L&) 0x08002649   Thumb Code     0  imu.o(i._ZN3IMUC1ER7mpu6050R8HMC5883L)
    PWM::Initialize(TIM_TypeDef*, bool, bool, bool, bool, unsigned short) 0x080026ad   Thumb Code   534  pwm.o(i._ZN3PWM10InitializeEP11TIM_TypeDefbbbbt)
    PWM::SetDuty(float, float, float, float) 0x080028dd   Thumb Code   166  pwm.o(i._ZN3PWM7SetDutyEffff)
    PWM::PWM(TIM_TypeDef*, bool, bool, bool, bool, unsigned short) 0x08002989   Thumb Code    42  pwm.o(i._ZN3PWMC1EP11TIM_TypeDefbbbbt)
    PWM::PWM__sub_object(TIM_TypeDef*, bool, bool, bool, bool, unsigned short) 0x08002989   Thumb Code     0  pwm.o(i._ZN3PWMC1EP11TIM_TypeDefbbbbt)
    GPIO::RCC_Configuration()                0x080029b5   Thumb Code   130  gpio.o(i._ZN4GPIO17RCC_ConfigurationEv)
    GPIO::SetLevel(unsigned char)            0x08002a55   Thumb Code    42  gpio.o(i._ZN4GPIO8SetLevelEh)
    GPIO::GPIO(GPIO_TypeDef*, unsigned short, GPIOMode_TypeDef, GPIOSpeed_TypeDef) 0x08002a85   Thumb Code    64  gpio.o(i._ZN4GPIOC1EP12GPIO_TypeDeft16GPIOMode_TypeDef17GPIOSpeed_TypeDef)
    GPIO::GPIO__sub_object(GPIO_TypeDef*, unsigned short, GPIOMode_TypeDef, GPIOSpeed_TypeDef) 0x08002a85   Thumb Code     0  gpio.o(i._ZN4GPIOC1EP12GPIO_TypeDeft16GPIOMode_TypeDef17GPIOSpeed_TypeDef)
    Delay::Us(unsigned)                      0x08002ac9   Thumb Code    32  delay.o(i._ZN5Delay2UsEj)
    USART::Irq()                             0x08002ae9   Thumb Code   208  usart.o(i._ZN5USART3IrqEv)
    USART::DmaIrq()                          0x08002bc1   Thumb Code   136  usart.o(i._ZN5USART6DmaIrqEv)
    USART::USART(unsigned char, unsigned, bool, unsigned char, unsigned char, unsigned char, unsigned char, unsigned char, unsigned short, unsigned short, unsigned short) 0x08002c49   Thumb Code   908  usart.o(i._ZN5USARTC1Ehjbhhhhhttt)
    USART::USART__sub_object(unsigned char, unsigned, bool, unsigned char, unsigned char, unsigned char, unsigned char, unsigned char, unsigned short, unsigned short, unsigned short) 0x08002c49   Thumb Code     0  usart.o(i._ZN5USARTC1Ehjbhhhhhttt)
    USART::~USART()                          0x08003005   Thumb Code     2  usart.o(i._ZN5USARTD1Ev)
    USART::~USART__sub_object()              0x08003005   Thumb Code     0  usart.o(i._ZN5USARTD1Ev)
    Sensor::Updated()                        0x08003007   Thumb Code    44  i2c.o(i._ZN6Sensor7UpdatedEv)
    mpu6050::mpu6050(I2C&, unsigned short)   0x08003033   Thumb Code    64  mpu6050.o(i._ZN7mpu6050C1ER3I2Ct)
    mpu6050::mpu6050__sub_object(I2C&, unsigned short) 0x08003033   Thumb Code     0  mpu6050.o(i._ZN7mpu6050C1ER3I2Ct)
    mpu6050::~mpu6050()                      0x08003073   Thumb Code     2  mpu6050.o(i._ZN7mpu6050D1Ev)
    mpu6050::~mpu6050__sub_object()          0x08003073   Thumb Code     0  mpu6050.o(i._ZN7mpu6050D1Ev)
    HMC5883L::Init(bool)                     0x08003075   Thumb Code   158  hmc5883l.o(i._ZN8HMC5883L4InitEb)
    HMC5883L::HMC5883L(I2C&)                 0x08003115   Thumb Code    52  hmc5883l.o(i._ZN8HMC5883LC1ER3I2C)
    HMC5883L::HMC5883L__sub_object(I2C&)     0x08003115   Thumb Code     0  hmc5883l.o(i._ZN8HMC5883LC1ER3I2C)
    __aeabi_atexit                           0x0800314d   Thumb Code    50  aeabi_atexit.o(i.__aeabi_atexit)
    __cxa_finalize                           0x0800317f   Thumb Code    66  cxa_finalize.o(i.__cxa_finalize)
    main                                     0x080032f1   Thumb Code   160  main.o(i.main)
    FIFOBuffer<I2C_Command_Struct, (unsigned short)40>::Get(I2C_Command_Struct&) 0x080033c1   Thumb Code    66  i2c.o(t._ZN10FIFOBufferI18I2C_Command_StructLt40EE3GetERS0_)
    FIFOBuffer<I2C_Command_Struct, (unsigned short)40>::Put(const I2C_Command_Struct&) 0x08003403   Thumb Code    78  i2c.o(t._ZN10FIFOBufferI18I2C_Command_StructLt40EE3PutERKS0_)
    FIFOBuffer<I2C_Command_Struct, (unsigned short)40>::Size() 0x08003451   Thumb Code    26  i2c.o(t._ZN10FIFOBufferI18I2C_Command_StructLt40EE4SizeEv)
    FIFOBuffer<I2C_Command_Struct, (unsigned short)40>::Clear() 0x0800346b   Thumb Code    12  i2c.o(t._ZN10FIFOBufferI18I2C_Command_StructLt40EE5ClearEv)
    FIFOBuffer<I2C_Command_Struct, (unsigned short)40>::FIFOBuffer() 0x08003477   Thumb Code    12  i2c.o(t._ZN10FIFOBufferI18I2C_Command_StructLt40EEC1Ev)
    FIFOBuffer<I2C_Command_Struct, (unsigned short)40>::FIFOBuffer__sub_object() 0x08003477   Thumb Code     0  i2c.o(t._ZN10FIFOBufferI18I2C_Command_StructLt40EEC1Ev)
    FIFOBuffer<unsigned char, (unsigned short)256>::Get(unsigned char&) 0x08003483   Thumb Code    52  usart.o(t._ZN10FIFOBufferIhLt256EE3GetERh)
    FIFOBuffer<unsigned char, (unsigned short)256>::Put(const unsigned char&) 0x080034b7   Thumb Code    68  usart.o(t._ZN10FIFOBufferIhLt256EE3PutERKh)
    FIFOBuffer<unsigned char, (unsigned short)256>::Gets(unsigned char*, unsigned short) 0x080034fb   Thumb Code    68  usart.o(t._ZN10FIFOBufferIhLt256EE4GetsEPht)
    FIFOBuffer<unsigned char, (unsigned short)256>::Size() 0x0800353f   Thumb Code    28  usart.o(t._ZN10FIFOBufferIhLt256EE4SizeEv)
    FIFOBuffer<unsigned char, (unsigned short)256>::FIFOBuffer() 0x0800355b   Thumb Code    12  usart.o(t._ZN10FIFOBufferIhLt256EEC1Ev)
    FIFOBuffer<unsigned char, (unsigned short)256>::FIFOBuffer__sub_object() 0x0800355b   Thumb Code     0  usart.o(t._ZN10FIFOBufferIhLt256EEC1Ev)
    Vector3<float>::Vector3()                0x08003567   Thumb Code    10  mpu6050.o(t._ZN7Vector3IfEC1Ev)
    Vector3<float>::Vector3__sub_object()    0x08003567   Thumb Code     0  mpu6050.o(t._ZN7Vector3IfEC1Ev)
    Vector3<int>::Vector3()                  0x08003571   Thumb Code    10  mpu6050.o(t._ZN7Vector3IiEC1Ev)
    Vector3<int>::Vector3__sub_object()      0x08003571   Thumb Code     0  mpu6050.o(t._ZN7Vector3IiEC1Ev)
    __aeabi_dadd                             0x0800357d   Thumb Code     0  daddsub_clz.o(x$fpl$dadd)
    _dadd                                    0x0800357d   Thumb Code   332  daddsub_clz.o(x$fpl$dadd)
    __fpl_dcmp_Inf                           0x080036cd   Thumb Code    24  dcmpi.o(x$fpl$dcmpinf)
    __aeabi_ddiv                             0x080036e5   Thumb Code     0  ddiv.o(x$fpl$ddiv)
    _ddiv                                    0x080036e5   Thumb Code   552  ddiv.o(x$fpl$ddiv)
    __aeabi_ui2d                             0x08003995   Thumb Code     0  dflt_clz.o(x$fpl$dfltu)
    _dfltu                                   0x08003995   Thumb Code    38  dflt_clz.o(x$fpl$dfltu)
    __aeabi_cdcmple                          0x080039bd   Thumb Code     0  dleqf.o(x$fpl$dleqf)
    _dcmple                                  0x080039bd   Thumb Code   120  dleqf.o(x$fpl$dleqf)
    __fpl_dcmple_InfNaN                      0x08003a1f   Thumb Code     0  dleqf.o(x$fpl$dleqf)
    __fpl_dnaninf                            0x08003a35   Thumb Code   156  dnaninf.o(x$fpl$dnaninf)
    __fpl_dretinf                            0x08003ad1   Thumb Code    12  dretinf.o(x$fpl$dretinf)
    __aeabi_cdrcmple                         0x08003add   Thumb Code     0  drleqf.o(x$fpl$drleqf)
    _drcmple                                 0x08003add   Thumb Code   108  drleqf.o(x$fpl$drleqf)
    __aeabi_dsub                             0x08003b49   Thumb Code     0  daddsub_clz.o(x$fpl$dsub)
    _dsub                                    0x08003b49   Thumb Code   464  daddsub_clz.o(x$fpl$dsub)
    __aeabi_fdiv                             0x08003d1d   Thumb Code     0  fdiv.o(x$fpl$fdiv)
    _fdiv                                    0x08003d1d   Thumb Code   384  fdiv.o(x$fpl$fdiv)
    __aeabi_f2uiz                            0x08003ea1   Thumb Code     0  ffixu.o(x$fpl$ffixu)
    _ffixu                                   0x08003ea1   Thumb Code    62  ffixu.o(x$fpl$ffixu)
    __aeabi_ui2f                             0x08003ee1   Thumb Code     0  fflt_clz.o(x$fpl$ffltu)
    _ffltu                                   0x08003ee1   Thumb Code    38  fflt_clz.o(x$fpl$ffltu)
    __aeabi_fmul                             0x08003f09   Thumb Code     0  fmul.o(x$fpl$fmul)
    _fmul                                    0x08003f09   Thumb Code   258  fmul.o(x$fpl$fmul)
    __fpl_fnaninf                            0x0800400b   Thumb Code   140  fnaninf.o(x$fpl$fnaninf)
    __fpl_fretinf                            0x08004097   Thumb Code    10  fretinf.o(x$fpl$fretinf)
    GPIO::mPin                               0x080040a0   Data          32  gpio.o(.constdata)
    __I$use$fp                               0x080040a0   Number         0  usenofp.o(x$fpl$usenofp)
    vtable for HMC5883L                      0x080040c0   Data          12  hmc5883l.o(.constdata__ZTV8HMC5883L)
    Region$$Table$$Base                      0x080040cc   Number         0  anon$$obj.o(Region$$Table)
    Region$$Table$$Limit                     0x080040ec   Number         0  anon$$obj.o(Region$$Table)
    SHT$$INIT_ARRAY$$Base                    0x080040ec   Number         0  taskmanager.o(.init_array)
    SHT$$INIT_ARRAY$$Limit                   0x080040f4   Number         0  init_aeabi.o(.init_array)
    ADC::_pin                                0x20000000   Data          20  adc.o(.data)
    pUSART1                                  0x20000024   Data           4  interrupt.o(.data)
    pUSART2                                  0x20000028   Data           4  interrupt.o(.data)
    pUSART3                                  0x2000002c   Data           4  interrupt.o(.data)
    pI2C2                                    0x20000030   Data           4  interrupt.o(.data)
    tskmgr                                   0x20000038   Data           1  taskmanager.o(.data)
    TaskManager::_new_time                   0x20000040   Data           8  taskmanager.o(.data)
    TaskManager::_old_time                   0x20000048   Data           8  taskmanager.o(.data)
    TaskManager::_it_time                    0x20000050   Data           8  taskmanager.o(.data)
    pressure                                 0x20000058   Data           1  main.o(.data)
    ADC::_enCh                               0x20000070   Data          10  adc.o(.bss)
    ADC::_chMap                              0x2000007a   Data          10  adc.o(.bss)
    ADC::_adcValue                           0x20000084   Data          20  adc.o(.bss)
    com2                                     0x20000098   Data         588  main.o(.bss)
    COM433                                   0x200002e4   Data          36  main.o(.bss)
    i2c                                      0x20000308   Data         904  main.o(.bss)
    MPU6050                                  0x20000690   Data          80  main.o(.bss)
    mag                                      0x200006e0   Data          56  main.o(.bss)
    pwm4                                     0x20000718   Data          40  main.o(.bss)
    ledRedGPIO                               0x20000740   Data          12  main.o(.bss)
    ledGREGPIO                               0x2000074c   Data          12  main.o(.bss)
    imu                                      0x20000758   Data         160  main.o(.bss)
    __libspace_start                         0x200007f8   Data          96  libspace.o(.bss)
    __temporary_stack_top$libspace           0x20000858   Data           0  libspace.o(.bss)



==============================================================================

Memory Map of the image

  Image Entry point : 0x080000ed

  Load Region LR_IROM1 (Base: 0x08000000, Size: 0x00004164, Max: 0x00010000, ABSOLUTE)

    Execution Region ER_IROM1 (Base: 0x08000000, Size: 0x000040f4, Max: 0x00010000, ABSOLUTE)

    Base Addr    Size         Type   Attr      Idx    E Section Name        Object

    0x08000000   0x000000ec   Data   RO         3776    RESET               startup_stm32f10x_md.o
    0x080000ec   0x00000008   Code   RO         3836  * !!!main             c_w.l(__main.o)
    0x080000f4   0x00000034   Code   RO         4468    !!!scatter          c_w.l(__scatter.o)
    0x08000128   0x0000001a   Code   RO         4470    !!handler_copy      c_w.l(__scatter_copy.o)
    0x08000142   0x00000002   PAD
    0x08000144   0x0000001c   Code   RO         4472    !!handler_zi        c_w.l(__scatter_zi.o)
    0x08000160   0x00000002   Code   RO         4399    .ARM.Collect$$libinit$$00000000  c_w.l(libinit.o)
    0x08000162   0x00000000   Code   RO         4132    .ARM.Collect$$libinit$$00000002  c_w.l(libinit2.o)
    0x08000162   0x00000000   Code   RO         4134    .ARM.Collect$$libinit$$00000004  c_w.l(libinit2.o)
    0x08000162   0x00000008   Code   RO         4135    .ARM.Collect$$libinit$$00000005  c_w.l(libinit2.o)
    0x0800016a   0x00000000   Code   RO         4137    .ARM.Collect$$libinit$$0000000A  c_w.l(libinit2.o)
    0x0800016a   0x00000000   Code   RO         4139    .ARM.Collect$$libinit$$0000000C  c_w.l(libinit2.o)
    0x0800016a   0x00000000   Code   RO         4141    .ARM.Collect$$libinit$$0000000E  c_w.l(libinit2.o)
    0x0800016a   0x00000000   Code   RO         4144    .ARM.Collect$$libinit$$00000011  c_w.l(libinit2.o)
    0x0800016a   0x00000000   Code   RO         4146    .ARM.Collect$$libinit$$00000013  c_w.l(libinit2.o)
    0x0800016a   0x00000000   Code   RO         4148    .ARM.Collect$$libinit$$00000015  c_w.l(libinit2.o)
    0x0800016a   0x00000000   Code   RO         4150    .ARM.Collect$$libinit$$00000017  c_w.l(libinit2.o)
    0x0800016a   0x00000000   Code   RO         4152    .ARM.Collect$$libinit$$00000019  c_w.l(libinit2.o)
    0x0800016a   0x00000000   Code   RO         4154    .ARM.Collect$$libinit$$0000001B  c_w.l(libinit2.o)
    0x0800016a   0x00000000   Code   RO         4156    .ARM.Collect$$libinit$$0000001D  c_w.l(libinit2.o)
    0x0800016a   0x00000000   Code   RO         4158    .ARM.Collect$$libinit$$0000001F  c_w.l(libinit2.o)
    0x0800016a   0x00000000   Code   RO         4160    .ARM.Collect$$libinit$$00000021  c_w.l(libinit2.o)
    0x0800016a   0x00000000   Code   RO         4162    .ARM.Collect$$libinit$$00000023  c_w.l(libinit2.o)
    0x0800016a   0x00000000   Code   RO         4164    .ARM.Collect$$libinit$$00000025  c_w.l(libinit2.o)
    0x0800016a   0x00000000   Code   RO         4168    .ARM.Collect$$libinit$$0000002C  c_w.l(libinit2.o)
    0x0800016a   0x00000000   Code   RO         4170    .ARM.Collect$$libinit$$0000002E  c_w.l(libinit2.o)
    0x0800016a   0x00000000   Code   RO         4172    .ARM.Collect$$libinit$$00000030  c_w.l(libinit2.o)
    0x0800016a   0x00000004   Code   RO         4173    .ARM.Collect$$libinit$$00000031  c_w.l(libinit2.o)
    0x0800016e   0x00000000   Code   RO         4174    .ARM.Collect$$libinit$$00000032  c_w.l(libinit2.o)
    0x0800016e   0x00000002   Code   RO         4175    .ARM.Collect$$libinit$$00000033  c_w.l(libinit2.o)
    0x08000170   0x00000002   Code   RO         4451    .ARM.Collect$$libshutdown$$00000000  c_w.l(libshutdown.o)
    0x08000172   0x00000006   Code   RO         4176    .ARM.Collect$$libshutdown$$00000001  c_w.l(libshutdown2.o)
    0x08000178   0x00000000   Code   RO         4178    .ARM.Collect$$libshutdown$$00000003  c_w.l(libshutdown2.o)
    0x08000178   0x00000000   Code   RO         4181    .ARM.Collect$$libshutdown$$00000006  c_w.l(libshutdown2.o)
    0x08000178   0x00000000   Code   RO         4184    .ARM.Collect$$libshutdown$$00000009  c_w.l(libshutdown2.o)
    0x08000178   0x00000000   Code   RO         4186    .ARM.Collect$$libshutdown$$0000000B  c_w.l(libshutdown2.o)
    0x08000178   0x00000000   Code   RO         4189    .ARM.Collect$$libshutdown$$0000000E  c_w.l(libshutdown2.o)
    0x08000178   0x00000002   Code   RO         4190    .ARM.Collect$$libshutdown$$0000000F  c_w.l(libshutdown2.o)
    0x0800017a   0x00000000   Code   RO         4067    .ARM.Collect$$rtentry$$00000000  c_w.l(__rtentry.o)
    0x0800017a   0x00000000   Code   RO         4285    .ARM.Collect$$rtentry$$00000002  c_w.l(__rtentry2.o)
    0x0800017a   0x00000006   Code   RO         4297    .ARM.Collect$$rtentry$$00000004  c_w.l(__rtentry4.o)
    0x08000180   0x00000000   Code   RO         4287    .ARM.Collect$$rtentry$$00000009  c_w.l(__rtentry2.o)
    0x08000180   0x00000004   Code   RO         4288    .ARM.Collect$$rtentry$$0000000A  c_w.l(__rtentry2.o)
    0x08000184   0x00000000   Code   RO         4290    .ARM.Collect$$rtentry$$0000000C  c_w.l(__rtentry2.o)
    0x08000184   0x00000008   Code   RO         4291    .ARM.Collect$$rtentry$$0000000D  c_w.l(__rtentry2.o)
    0x0800018c   0x00000002   Code   RO         4412    .ARM.Collect$$rtexit$$00000000  c_w.l(rtexit.o)
    0x0800018e   0x00000000   Code   RO         4429    .ARM.Collect$$rtexit$$00000002  c_w.l(rtexit2.o)
    0x0800018e   0x00000004   Code   RO         4430    .ARM.Collect$$rtexit$$00000003  c_w.l(rtexit2.o)
    0x08000192   0x00000006   Code   RO         4431    .ARM.Collect$$rtexit$$00000004  c_w.l(rtexit2.o)
    0x08000198   0x00000000   Code   RO         4373    .emb_text           c_w.l(maybetermalloc1.o)
    0x08000198   0x00000040   Code   RO         3777    .text               startup_stm32f10x_md.o
    0x080001d8   0x00000064   Code   RO         3832    .text               c_w.l(rt_memcpy_w.o)
    0x0800023c   0x00000006   Code   RO         3834    .text               c_w.l(heapauxi.o)
    0x08000242   0x00000002   PAD
    0x08000244   0x00000024   Code   RO         3841    .text               c_w.l(init_aeabi.o)
    0x08000268   0x00000008   Code   RO         4071    .text               c_w.l(rt_ddtor_pointer_addr_intlibspace.o)
    0x08000270   0x0000005e   Code   RO         4075    .text               c_w.l(h1_alloc.o)
    0x080002ce   0x00000002   PAD
    0x080002d0   0x00000008   Code   RO         4279    .text               c_w.l(libspace.o)
    0x080002d8   0x00000008   Code   RO         4302    .text               c_w.l(rt_heap_descriptor_intlibspace.o)
    0x080002e0   0x00000004   Code   RO         4309    .text               c_w.l(hguard.o)
    0x080002e4   0x0000008a   Code   RO         4311    .text               c_w.l(init_alloc.o)
    0x0800036e   0x0000000e   Code   RO         4317    .text               c_w.l(h1_init.o)
    0x0800037c   0x0000004e   Code   RO         4319    .text               c_w.l(h1_free.o)
    0x080003ca   0x0000004a   Code   RO         4364    .text               c_w.l(sys_stackheap_outer.o)
    0x08000414   0x00000034   Code   RO         4375    .text               c_w.l(h1_extend.o)
    0x08000448   0x0000000c   Code   RO         4379    .text               c_w.l(exit.o)
    0x08000454   0x0000000e   Code   RO         4383    .text               c_w.l(defsig_rtmem_outer.o)
    0x08000462   0x00000002   PAD
    0x08000464   0x0000000c   Code   RO         4407    .text               c_w.l(sys_exit.o)
    0x08000470   0x00000002   Code   RO         4409    .text               c_w.l(use_no_semi.o)
    0x08000472   0x00000000   Code   RO         4411    .text               c_w.l(indicate_semi.o)
    0x08000472   0x0000000a   Code   RO         4418    .text               c_w.l(defsig_exit.o)
    0x0800047c   0x00000050   Code   RO         4424    .text               c_w.l(defsig_rtmem_inner.o)
    0x080004cc   0x00000032   Code   RO         4441    .text               c_w.l(defsig_general.o)
    0x080004fe   0x0000000e   Code   RO         4445    .text               c_w.l(sys_wrch.o)
    0x0800050c   0x00000016   Code   RO         1859    i.ADC_Cmd           stm32f10x_adc.o
    0x08000522   0x00000016   Code   RO         1860    i.ADC_DMACmd        stm32f10x_adc.o
    0x08000538   0x00000014   Code   RO         1867    i.ADC_GetCalibrationStatus  stm32f10x_adc.o
    0x0800054c   0x00000014   Code   RO         1873    i.ADC_GetResetCalibrationStatus  stm32f10x_adc.o
    0x08000560   0x00000050   Code   RO         1877    i.ADC_Init          stm32f10x_adc.o
    0x080005b0   0x000000b8   Code   RO         1881    i.ADC_RegularChannelConfig  stm32f10x_adc.o
    0x08000668   0x0000000a   Code   RO         1882    i.ADC_ResetCalibration  stm32f10x_adc.o
    0x08000672   0x00000016   Code   RO         1884    i.ADC_SoftwareStartConvCmd  stm32f10x_adc.o
    0x08000688   0x0000000a   Code   RO         1886    i.ADC_StartCalibration  stm32f10x_adc.o
    0x08000692   0x00000002   PAD
    0x08000694   0x00000018   Code   RO          890    i.DMA1_Channel2_IRQHandler  interrupt.o
    0x080006ac   0x00000028   Code   RO          891    i.DMA1_Channel4_IRQHandler  interrupt.o
    0x080006d4   0x00000018   Code   RO          892    i.DMA1_Channel5_IRQHandler  interrupt.o
    0x080006ec   0x00000002   Code   RO          893    i.DMA1_Channel6_IRQHandler  interrupt.o
    0x080006ee   0x00000002   PAD
    0x080006f0   0x00000018   Code   RO          894    i.DMA1_Channel7_IRQHandler  interrupt.o
    0x08000708   0x0000001c   Code   RO         2087    i.DMA_ClearFlag     stm32f10x_dma.o
    0x08000724   0x0000001c   Code   RO         2088    i.DMA_ClearITPendingBit  stm32f10x_dma.o
    0x08000740   0x00000018   Code   RO         2089    i.DMA_Cmd           stm32f10x_dma.o
    0x08000758   0x0000014c   Code   RO         2090    i.DMA_DeInit        stm32f10x_dma.o
    0x080008a4   0x00000008   Code   RO         2091    i.DMA_GetCurrDataCounter  stm32f10x_dma.o
    0x080008ac   0x0000002c   Code   RO         2092    i.DMA_GetFlagStatus  stm32f10x_dma.o
    0x080008d8   0x0000003c   Code   RO         2095    i.DMA_Init          stm32f10x_dma.o
    0x08000914   0x0000000a   Code   RO          895    i.EXTI0_IRQHandler  interrupt.o
    0x0800091e   0x00000070   Code   RO          896    i.EXTI15_10_IRQHandler  interrupt.o
    0x0800098e   0x0000000a   Code   RO          897    i.EXTI1_IRQHandler  interrupt.o
    0x08000998   0x0000000a   Code   RO          898    i.EXTI2_IRQHandler  interrupt.o
    0x080009a2   0x0000000a   Code   RO          899    i.EXTI3_IRQHandler  interrupt.o
    0x080009ac   0x0000000a   Code   RO          900    i.EXTI4_IRQHandler  interrupt.o
    0x080009b6   0x00000052   Code   RO          901    i.EXTI9_5_IRQHandler  interrupt.o
    0x08000a08   0x0000000c   Code   RO         2172    i.EXTI_ClearITPendingBit  stm32f10x_exti.o
    0x08000a14   0x00000028   Code   RO         2176    i.EXTI_GetITStatus  stm32f10x_exti.o
    0x08000a3c   0x00000116   Code   RO         2429    i.GPIO_Init         stm32f10x_gpio.o
    0x08000b52   0x00000002   PAD
    0x08000b54   0x00000090   Code   RO         2431    i.GPIO_PinRemapConfig  stm32f10x_gpio.o
    0x08000be4   0x00000004   Code   RO         2436    i.GPIO_ResetBits    stm32f10x_gpio.o
    0x08000be8   0x00000004   Code   RO         2437    i.GPIO_SetBits      stm32f10x_gpio.o
    0x08000bec   0x00000002   Code   RO          902    i.I2C1_ER_IRQHandler  interrupt.o
    0x08000bee   0x00000002   Code   RO          903    i.I2C1_EV_IRQHandler  interrupt.o
    0x08000bf0   0x00000010   Code   RO          904    i.I2C2_ER_IRQHandler  interrupt.o
    0x08000c00   0x00000010   Code   RO          905    i.I2C2_EV_IRQHandler  interrupt.o
    0x08000c10   0x00000018   Code   RO         2550    i.I2C_AcknowledgeConfig  stm32f10x_i2c.o
    0x08000c28   0x00000018   Code   RO         2562    i.I2C_GenerateSTART  stm32f10x_i2c.o
    0x08000c40   0x00000018   Code   RO         2563    i.I2C_GenerateSTOP  stm32f10x_i2c.o
    0x08000c58   0x0000003a   Code   RO         2564    i.I2C_GetFlagStatus  stm32f10x_i2c.o
    0x08000c92   0x0000001a   Code   RO         2566    i.I2C_GetLastEvent  stm32f10x_i2c.o
    0x08000cac   0x000000ec   Code   RO         2569    i.I2C_Init          stm32f10x_i2c.o
    0x08000d98   0x00000008   Code   RO         2574    i.I2C_ReceiveData   stm32f10x_i2c.o
    0x08000da0   0x00000012   Code   RO         2576    i.I2C_Send7bitAddress  stm32f10x_i2c.o
    0x08000db2   0x00000004   Code   RO         2577    i.I2C_SendData      stm32f10x_i2c.o
    0x08000db6   0x00000002   PAD
    0x08000db8   0x00000070   Code   RO         1748    i.NVIC_Init         misc.o
    0x08000e28   0x00000014   Code   RO         1749    i.NVIC_PriorityGroupConfig  misc.o
    0x08000e3c   0x00000018   Code   RO         2765    i.RCC_ADCCLKConfig  stm32f10x_rcc.o
    0x08000e54   0x00000020   Code   RO         2766    i.RCC_AHBPeriphClockCmd  stm32f10x_rcc.o
    0x08000e74   0x00000020   Code   RO         2767    i.RCC_APB1PeriphClockCmd  stm32f10x_rcc.o
    0x08000e94   0x00000020   Code   RO         2768    i.RCC_APB1PeriphResetCmd  stm32f10x_rcc.o
    0x08000eb4   0x00000020   Code   RO         2769    i.RCC_APB2PeriphClockCmd  stm32f10x_rcc.o
    0x08000ed4   0x000000d4   Code   RO         2777    i.RCC_GetClocksFreq  stm32f10x_rcc.o
    0x08000fa8   0x00000008   Code   RO         3784    i.SetSysClock       system_stm32f10x.o
    0x08000fb0   0x000000e0   Code   RO         3785    i.SetSysClockTo72   system_stm32f10x.o
    0x08001090   0x00000020   Code   RO         1075    i.SysTick_Handler   taskmanager.o
    0x080010b0   0x00000060   Code   RO         3787    i.SystemInit        system_stm32f10x.o
    0x08001110   0x00000002   Code   RO          906    i.TIM1_UP_IRQHandler  interrupt.o
    0x08001112   0x00000002   Code   RO          907    i.TIM2_IRQHandler   interrupt.o
    0x08001114   0x00000002   Code   RO          908    i.TIM3_IRQHandler   interrupt.o
    0x08001116   0x00000002   Code   RO          909    i.TIM4_IRQHandler   interrupt.o
    0x08001118   0x00000018   Code   RO         2993    i.TIM_Cmd           stm32f10x_tim.o
    0x08001130   0x00000098   Code   RO         3022    i.TIM_OC1Init       stm32f10x_tim.o
    0x080011c8   0x00000012   Code   RO         3025    i.TIM_OC1PreloadConfig  stm32f10x_tim.o
    0x080011da   0x00000002   PAD
    0x080011dc   0x000000a4   Code   RO         3027    i.TIM_OC2Init       stm32f10x_tim.o
    0x08001280   0x0000001a   Code   RO         3030    i.TIM_OC2PreloadConfig  stm32f10x_tim.o
    0x0800129a   0x00000002   PAD
    0x0800129c   0x000000a0   Code   RO         3032    i.TIM_OC3Init       stm32f10x_tim.o
    0x0800133c   0x00000012   Code   RO         3035    i.TIM_OC3PreloadConfig  stm32f10x_tim.o
    0x0800134e   0x00000002   PAD
    0x08001350   0x0000007c   Code   RO         3037    i.TIM_OC4Init       stm32f10x_tim.o
    0x080013cc   0x0000001a   Code   RO         3039    i.TIM_OC4PreloadConfig  stm32f10x_tim.o
    0x080013e6   0x00000002   PAD
    0x080013e8   0x000000a4   Code   RO         3064    i.TIM_TimeBaseInit  stm32f10x_tim.o
    0x0800148c   0x00000010   Code   RO          910    i.USART1_IRQHandler  interrupt.o
    0x0800149c   0x00000010   Code   RO          911    i.USART2_IRQHandler  interrupt.o
    0x080014ac   0x00000010   Code   RO          912    i.USART3_IRQHandler  interrupt.o
    0x080014bc   0x0000001e   Code   RO         3538    i.USART_ClearITPendingBit  stm32f10x_usart.o
    0x080014da   0x00000018   Code   RO         3541    i.USART_Cmd         stm32f10x_usart.o
    0x080014f2   0x00000012   Code   RO         3542    i.USART_DMACmd      stm32f10x_usart.o
    0x08001504   0x00000054   Code   RO         3545    i.USART_GetITStatus  stm32f10x_usart.o
    0x08001558   0x0000004a   Code   RO         3547    i.USART_ITConfig    stm32f10x_usart.o
    0x080015a2   0x00000002   PAD
    0x080015a4   0x000000d8   Code   RO         3548    i.USART_Init        stm32f10x_usart.o
    0x0800167c   0x0000000a   Code   RO         3555    i.USART_ReceiveData  stm32f10x_usart.o
    0x08001686   0x00000008   Code   RO         3558    i.USART_SendData    stm32f10x_usart.o
    0x0800168e   0x00000002   PAD
    0x08001690   0x00000090   Code   RO         1076    i._ZN11TaskManager4TimeEv  taskmanager.o
    0x08001720   0x00000044   Code   RO         1078    i._ZN11TaskManager7DelayMsEt  taskmanager.o
    0x08001764   0x0000003e   Code   RO         1080    i._ZN11TaskManager9TimeSliceERdd  taskmanager.o
    0x080017a2   0x00000002   PAD
    0x080017a4   0x00000024   Code   RO         1081    i._ZN11TaskManagerC1Ev  taskmanager.o
    0x080017c8   0x0000001e   Code   RO         1569    i._ZN13CommunicationC1ER5USART  communication.o
    0x080017e6   0x00000002   PAD
    0x080017e8   0x00000228   Code   RO            5    i._ZN3ADCC1Ehhhhhhhhhh  adc.o
    0x08001a10   0x000000de   Code   RO          402    i._ZN3I2C10AddCommandEhhPhhS0_hbP6Sensor  i2c.o
    0x08001aee   0x0000001a   Code   RO          403    i._ZN3I2C10Soft_ResetEv  i2c.o
    0x08001b08   0x0000005c   Code   RO          404    i._ZN3I2C11I2CGPIOInitEtt  i2c.o
    0x08001b64   0x0000000e   Code   RO          405    i._ZN3I2C12ClearCommandEv  i2c.o
    0x08001b72   0x00000002   PAD
    0x08001b74   0x00000018   Code   RO          406    i._ZN3I2C12GetI2CNumberEv  i2c.o
    0x08001b8c   0x00000034   Code   RO          407    i._ZN3I2C13I2CGPIODeInitEtt  i2c.o
    0x08001bc0   0x000000aa   Code   RO          408    i._ZN3I2C13StartCMDQueueEv  i2c.o
    0x08001c6a   0x00000002   PAD
    0x08001c6c   0x000000c4   Code   RO          409    i._ZN3I2C18I2C_CHACK_BUSY_FIXEjtt  i2c.o
    0x08001d30   0x00000098   Code   RO          410    i._ZN3I2C20WaitTransmitCompleteEbbb  i2c.o
    0x08001dc8   0x00000200   Code   RO          411    i._ZN3I2C4InitEv    i2c.o
    0x08001fc8   0x0000000e   Code   RO          414    i._ZN3I2C7DelayUsEj  i2c.o
    0x08001fd6   0x00000002   PAD
    0x08001fd8   0x0000006c   Code   RO          415    i._ZN3I2C8DmaRxIRQEv  i2c.o
    0x08002044   0x00000014   Code   RO          416    i._ZN3I2C8DmaTxIRQEv  i2c.o
    0x08002058   0x0000005c   Code   RO          417    i._ZN3I2C8ErrorIRQEv  i2c.o
    0x080020b4   0x0000044c   Code   RO          418    i._ZN3I2C8EventIRQEv  i2c.o
    0x08002500   0x00000010   Code   RO          419    i._ZN3I2C8IsHealthEv  i2c.o
    0x08002510   0x00000024   Code   RO          420    i._ZN3I2C8IsSendOkEv  i2c.o
    0x08002534   0x00000114   Code   RO          421    i._ZN3I2CC1Ehbjhhhhhhhh  i2c.o
    0x08002648   0x00000064   Code   RO         1693    i._ZN3IMUC1ER7mpu6050R8HMC5883L  imu.o
    0x080026ac   0x00000230   Code   RO          591    i._ZN3PWM10InitializeEP11TIM_TypeDefbbbbt  pwm.o
    0x080028dc   0x000000ac   Code   RO          592    i._ZN3PWM7SetDutyEffff  pwm.o
    0x08002988   0x0000002a   Code   RO          594    i._ZN3PWMC1EP11TIM_TypeDefbbbbt  pwm.o
    0x080029b2   0x00000002   PAD
    0x080029b4   0x000000a0   Code   RO          347    i._ZN4GPIO17RCC_ConfigurationEv  gpio.o
    0x08002a54   0x00000030   Code   RO          350    i._ZN4GPIO8SetLevelEh  gpio.o
    0x08002a84   0x00000044   Code   RO          351    i._ZN4GPIOC1EP12GPIO_TypeDeft16GPIOMode_TypeDef17GPIOSpeed_TypeDef  gpio.o
    0x08002ac8   0x00000020   Code   RO          237    i._ZN5Delay2UsEj    delay.o
    0x08002ae8   0x000000d8   Code   RO          702    i._ZN5USART3IrqEv   usart.o
    0x08002bc0   0x00000088   Code   RO          703    i._ZN5USART6DmaIrqEv  usart.o
    0x08002c48   0x000003bc   Code   RO          709    i._ZN5USARTC1Ehjbhhhhhttt  usart.o
    0x08003004   0x00000002   Code   RO          710    i._ZN5USARTD1Ev     usart.o
    0x08003006   0x0000002c   Code   RO          535    i._ZN6Sensor7UpdatedEv  i2c.o
    0x08003032   0x00000040   Code   RO         1226    i._ZN7mpu6050C1ER3I2Ct  mpu6050.o
    0x08003072   0x00000002   Code   RO         1227    i._ZN7mpu6050D1Ev   mpu6050.o
    0x08003074   0x0000009e   Code   RO         1393    i._ZN8HMC5883L4InitEb  hmc5883l.o
    0x08003112   0x00000002   PAD
    0x08003114   0x00000038   Code   RO         1398    i._ZN8HMC5883LC1ER3I2C  hmc5883l.o
    0x0800314c   0x00000032   Code   RO         3956    i.__aeabi_atexit    cpprt_w.l(aeabi_atexit.o)
    0x0800317e   0x00000042   Code   RO         4194    i.__cxa_finalize    cpprt_w.l(cxa_finalize.o)
    0x080031c0   0x00000010   Code   RO         1082    i.__sti___15_TaskManager_cpp_tskmgr  taskmanager.o
    0x080031d0   0x00000120   Code   RO         1482    i.__sti___8_Main_cpp_com2  main.o
    0x080032f0   0x000000d0   Code   RO         1483    i.main              main.o
    0x080033c0   0x00000042   Code   RO          553    t._ZN10FIFOBufferI18I2C_Command_StructLt40EE3GetERS0_  i2c.o
    0x08003402   0x0000004e   Code   RO          547    t._ZN10FIFOBufferI18I2C_Command_StructLt40EE3PutERKS0_  i2c.o
    0x08003450   0x0000001a   Code   RO          559    t._ZN10FIFOBufferI18I2C_Command_StructLt40EE4SizeEv  i2c.o
    0x0800346a   0x0000000c   Code   RO          565    t._ZN10FIFOBufferI18I2C_Command_StructLt40EE5ClearEv  i2c.o
    0x08003476   0x0000000c   Code   RO          541    t._ZN10FIFOBufferI18I2C_Command_StructLt40EEC1Ev  i2c.o
    0x08003482   0x00000034   Code   RO          851    t._ZN10FIFOBufferIhLt256EE3GetERh  usart.o
    0x080034b6   0x00000044   Code   RO          845    t._ZN10FIFOBufferIhLt256EE3PutERKh  usart.o
    0x080034fa   0x00000044   Code   RO          869    t._ZN10FIFOBufferIhLt256EE4GetsEPht  usart.o
    0x0800353e   0x0000001c   Code   RO          863    t._ZN10FIFOBufferIhLt256EE4SizeEv  usart.o
    0x0800355a   0x0000000c   Code   RO          839    t._ZN10FIFOBufferIhLt256EEC1Ev  usart.o
    0x08003566   0x0000000a   Code   RO         1344    t._ZN7Vector3IfEC1Ev  mpu6050.o
    0x08003570   0x0000000a   Code   RO         1338    t._ZN7Vector3IiEC1Ev  mpu6050.o
    0x0800357a   0x00000002   PAD
    0x0800357c   0x00000150   Code   RO         3961    x$fpl$dadd          fz_ws.l(daddsub_clz.o)
    0x080036cc   0x00000018   Code   RO         4210    x$fpl$dcmpinf       fz_ws.l(dcmpi.o)
    0x080036e4   0x000002b0   Code   RO         3968    x$fpl$ddiv          fz_ws.l(ddiv.o)
    0x08003994   0x00000026   Code   RO         3979    x$fpl$dfltu         fz_ws.l(dflt_clz.o)
    0x080039ba   0x00000002   PAD
    0x080039bc   0x00000078   Code   RO         3985    x$fpl$dleqf         fz_ws.l(dleqf.o)
    0x08003a34   0x0000009c   Code   RO         4212    x$fpl$dnaninf       fz_ws.l(dnaninf.o)
    0x08003ad0   0x0000000c   Code   RO         4214    x$fpl$dretinf       fz_ws.l(dretinf.o)
    0x08003adc   0x0000006c   Code   RO         3989    x$fpl$drleqf        fz_ws.l(drleqf.o)
    0x08003b48   0x000001d4   Code   RO         3963    x$fpl$dsub          fz_ws.l(daddsub_clz.o)
    0x08003d1c   0x00000184   Code   RO         4000    x$fpl$fdiv          fz_ws.l(fdiv.o)
    0x08003ea0   0x0000003e   Code   RO         4005    x$fpl$ffixu         fz_ws.l(ffixu.o)
    0x08003ede   0x00000002   PAD
    0x08003ee0   0x00000026   Code   RO         4009    x$fpl$ffltu         fz_ws.l(fflt_clz.o)
    0x08003f06   0x00000002   PAD
    0x08003f08   0x00000102   Code   RO         4015    x$fpl$fmul          fz_ws.l(fmul.o)
    0x0800400a   0x0000008c   Code   RO         4224    x$fpl$fnaninf       fz_ws.l(fnaninf.o)
    0x08004096   0x0000000a   Code   RO         4226    x$fpl$fretinf       fz_ws.l(fretinf.o)
    0x080040a0   0x00000000   Code   RO         4234    x$fpl$usenofp       fz_ws.l(usenofp.o)
    0x080040a0   0x00000020   Data   RO          358    .constdata          gpio.o
    0x080040c0   0x0000000c   Data   RO         1464    .constdata__ZTV8HMC5883L  hmc5883l.o
    0x080040cc   0x00000020   Data   RO         4466    Region$$Table       anon$$obj.o
    0x080040ec   0x00000004   Data   RO         1092    .init_array         taskmanager.o
    0x080040f0   0x00000004   Data   RO         1488    .init_array         main.o
    0x080040f4   0x00000000   Data   RO         3839    .init_array         c_w.l(init_aeabi.o)


    Execution Region RW_IRAM1 (Base: 0x20000000, Size: 0x00000e58, Max: 0x00005000, ABSOLUTE)

    Base Addr    Size         Type   Attr      Idx    E Section Name        Object

    0x20000000   0x0000001c   Data   RW           11    .data               adc.o
    0x2000001c   0x00000005   Data   RW          442    .data               i2c.o
    0x20000021   0x00000003   Data   RW          737    .data               usart.o
    0x20000024   0x00000010   Data   RW          936    .data               interrupt.o
    0x20000034   0x00000004   PAD
    0x20000038   0x00000020   Data   RW         1091    .data               taskmanager.o
    0x20000058   0x00000001   Data   RW         1487    .data               main.o
    0x20000059   0x00000014   Data   RW         2797    .data               stm32f10x_rcc.o
    0x2000006d   0x00000003   PAD
    0x20000070   0x00000028   Zero   RW           10    .bss                adc.o
    0x20000098   0x00000760   Zero   RW         1486    .bss                main.o
    0x200007f8   0x00000060   Zero   RW         4280    .bss                c_w.l(libspace.o)
    0x20000858   0x00000200   Zero   RW         3775    HEAP                startup_stm32f10x_md.o
    0x20000a58   0x00000400   Zero   RW         3774    STACK               startup_stm32f10x_md.o


==============================================================================

Image component sizes


      Code (inc. data)   RO Data    RW Data    ZI Data      Debug   Object Name

       552         34          0         28         40     273372   adc.o
        30          0          0          0          0       1588   communication.o
        32          0          0          0          0        548   delay.o
       276         40         32          0          0       2472   gpio.o
       214          4         12          0          0       5280   hmc5883l.o
      3360         78          0          5          0      21008   i2c.o
       100          0          0          0          0       7260   imu.o
         0          0          0          0          0       7684   inputcapture_exit.o
       450         46          0         16          0      13121   interrupt.o
       496        114          4          1       1888      11269   main.o
       132         22          0          0          0     280807   misc.o
        86          0          0          0          0      12612   mpu6050.o
       774         32          0          0          0       4204   pwm.o
        64         26        236          0       1536        852   startup_stm32f10x_md.o
       390         10          0          0          0       7633   stm32f10x_adc.o
       524         36          0          0          0       5843   stm32f10x_dma.o
        52         12          0          0          0       1168   stm32f10x_exti.o
       430          6          0          0          0       4010   stm32f10x_gpio.o
       422         14          0          0          0       7328   stm32f10x_i2c.o
       364         50          0         20          0       6298   stm32f10x_rcc.o
       876         92          0          0          0       7237   stm32f10x_tim.o
       464          6          0          0          0       6984   stm32f10x_usart.o
       328         28          0          0          0       2133   system_stm32f10x.o
       358         60          4         32          0       4019   taskmanager.o
      1538         56          0          3          0       8280   usart.o

    ----------------------------------------------------------------------
     12348        766        320        112       3464     703010   Object Totals
         0          0         32          0          0          0   (incl. Generated)
        36          0          0          7          0          0   (incl. Padding)

    ----------------------------------------------------------------------

      Code (inc. data)   RO Data    RW Data    ZI Data      Debug   Library Member Name

         8          0          0          0          0         68   __main.o
         0          0          0          0          0          0   __rtentry.o
        12          0          0          0          0          0   __rtentry2.o
         6          0          0          0          0          0   __rtentry4.o
        52          8          0          0          0          0   __scatter.o
        26          0          0          0          0          0   __scatter_copy.o
        28          0          0          0          0          0   __scatter_zi.o
        10          0          0          0          0         68   defsig_exit.o
        50          0          0          0          0         88   defsig_general.o
        80         58          0          0          0         76   defsig_rtmem_inner.o
        14          0          0          0          0         80   defsig_rtmem_outer.o
        12          0          0          0          0         72   exit.o
        94          0          0          0          0         80   h1_alloc.o
        52          0          0          0          0         68   h1_extend.o
        78          0          0          0          0         80   h1_free.o
        14          0          0          0          0         84   h1_init.o
         6          0          0          0          0        152   heapauxi.o
         4          0          0          0          0        136   hguard.o
         0          0          0          0          0          0   indicate_semi.o
        36         10          0          0          0         80   init_aeabi.o
       138          0          0          0          0        168   init_alloc.o
         2          0          0          0          0          0   libinit.o
        14          0          0          0          0          0   libinit2.o
         2          0          0          0          0          0   libshutdown.o
         8          0          0          0          0          0   libshutdown2.o
         8          4          0          0         96         68   libspace.o
         0          0          0          0          0          0   maybetermalloc1.o
         8          4          0          0          0         68   rt_ddtor_pointer_addr_intlibspace.o
         8          4          0          0          0         68   rt_heap_descriptor_intlibspace.o
       100          0          0          0          0         80   rt_memcpy_w.o
         2          0          0          0          0          0   rtexit.o
        10          0          0          0          0          0   rtexit2.o
        12          4          0          0          0         68   sys_exit.o
        74          0          0          0          0         80   sys_stackheap_outer.o
        14          0          0          0          0         76   sys_wrch.o
         2          0          0          0          0         68   use_no_semi.o
        50          0          0          0          0         84   aeabi_atexit.o
        66          0          0          0          0         84   cxa_finalize.o
       804         16          0          0          0        272   daddsub_clz.o
        24          0          0          0          0         68   dcmpi.o
       688        140          0          0          0        208   ddiv.o
        38          0          0          0          0         68   dflt_clz.o
       120          4          0          0          0         92   dleqf.o
       156          4          0          0          0         92   dnaninf.o
        12          0          0          0          0         68   dretinf.o
       108          0          0          0          0         80   drleqf.o
       388         76          0          0          0         96   fdiv.o
        62          4          0          0          0         84   ffixu.o
        38          0          0          0          0         68   fflt_clz.o
       258          4          0          0          0         84   fmul.o
       140          4          0          0          0         84   fnaninf.o
        10          0          0          0          0         68   fretinf.o
         0          0          0          0          0          0   usenofp.o

    ----------------------------------------------------------------------
      3960        344          0          0         96       3476   Library Totals
        14          0          0          0          0          0   (incl. Padding)

    ----------------------------------------------------------------------

      Code (inc. data)   RO Data    RW Data    ZI Data      Debug   Library Name

       984         92          0          0         96       1876   c_w.l
       116          0          0          0          0        168   cpprt_w.l
      2846        252          0          0          0       1432   fz_ws.l

    ----------------------------------------------------------------------
      3960        344          0          0         96       3476   Library Totals

    ----------------------------------------------------------------------

==============================================================================


      Code (inc. data)   RO Data    RW Data    ZI Data      Debug   

     16308       1110        320        112       3560     697590   Grand Totals
     16308       1110        320        112       3560     697590   ELF Image Totals
     16308       1110        320        112          0          0   ROM Totals

==============================================================================

    Total RO  Size (Code + RO Data)                16628 (  16.24kB)
    Total RW  Size (RW Data + ZI Data)              3672 (   3.59kB)
    Total ROM Size (Code + RO Data + RW Data)      16740 (  16.35kB)

==============================================================================

