Component: ARM Compiler 5.05 update 1 (build 106) Tool: armlink [4d0efa]

==============================================================================

Section Cross References

    adc.o(i._ZN3ADC9Voltage_IEhfff) refers to cxa_guard_acquire.o(i.__cxa_guard_acquire) for __cxa_guard_acquire
    adc.o(i._ZN3ADC9Voltage_IEhfff) refers to f2d.o(x$fpl$f2d) for __aeabi_f2d
    adc.o(i._ZN3ADC9Voltage_IEhfff) refers to faddsub_clz.o(x$fpl$fadd) for __aeabi_fadd
    adc.o(i._ZN3ADC9Voltage_IEhfff) refers to dmul.o(x$fpl$dmul) for __aeabi_dmul
    adc.o(i._ZN3ADC9Voltage_IEhfff) refers to ddiv.o(x$fpl$ddiv) for __aeabi_ddiv
    adc.o(i._ZN3ADC9Voltage_IEhfff) refers to adc.o(i._ZN3ADCixEh) for ADC::operator [](unsigned char)
    adc.o(i._ZN3ADC9Voltage_IEhfff) refers to daddsub_clz.o(x$fpl$dsub) for __aeabi_dsub
    adc.o(i._ZN3ADC9Voltage_IEhfff) refers to daddsub_clz.o(x$fpl$dadd) for __aeabi_dadd
    adc.o(i._ZN3ADC9Voltage_IEhfff) refers to d2f.o(x$fpl$d2f) for __aeabi_d2f
    adc.o(i._ZN3ADC9Voltage_IEhfff) refers to adc.o(.data) for _ZGVvoltage
    adc.o(i._ZN3ADCC1Ehhhhhhhhhh) refers to stm32f10x_rcc.o(i.RCC_APB2PeriphClockCmd) for RCC_APB2PeriphClockCmd
    adc.o(i._ZN3ADCC1Ehhhhhhhhhh) refers to stm32f10x_gpio.o(i.GPIO_Init) for GPIO_Init
    adc.o(i._ZN3ADCC1Ehhhhhhhhhh) refers to stm32f10x_rcc.o(i.RCC_AHBPeriphClockCmd) for RCC_AHBPeriphClockCmd
    adc.o(i._ZN3ADCC1Ehhhhhhhhhh) refers to stm32f10x_dma.o(i.DMA_DeInit) for DMA_DeInit
    adc.o(i._ZN3ADCC1Ehhhhhhhhhh) refers to stm32f10x_dma.o(i.DMA_Init) for DMA_Init
    adc.o(i._ZN3ADCC1Ehhhhhhhhhh) refers to stm32f10x_dma.o(i.DMA_Cmd) for DMA_Cmd
    adc.o(i._ZN3ADCC1Ehhhhhhhhhh) refers to stm32f10x_rcc.o(i.RCC_ADCCLKConfig) for RCC_ADCCLKConfig
    adc.o(i._ZN3ADCC1Ehhhhhhhhhh) refers to stm32f10x_adc.o(i.ADC_Init) for ADC_Init
    adc.o(i._ZN3ADCC1Ehhhhhhhhhh) refers to stm32f10x_adc.o(i.ADC_RegularChannelConfig) for ADC_RegularChannelConfig
    adc.o(i._ZN3ADCC1Ehhhhhhhhhh) refers to stm32f10x_adc.o(i.ADC_DMACmd) for ADC_DMACmd
    adc.o(i._ZN3ADCC1Ehhhhhhhhhh) refers to stm32f10x_adc.o(i.ADC_Cmd) for ADC_Cmd
    adc.o(i._ZN3ADCC1Ehhhhhhhhhh) refers to stm32f10x_adc.o(i.ADC_ResetCalibration) for ADC_ResetCalibration
    adc.o(i._ZN3ADCC1Ehhhhhhhhhh) refers to stm32f10x_adc.o(i.ADC_GetResetCalibrationStatus) for ADC_GetResetCalibrationStatus
    adc.o(i._ZN3ADCC1Ehhhhhhhhhh) refers to stm32f10x_adc.o(i.ADC_StartCalibration) for ADC_StartCalibration
    adc.o(i._ZN3ADCC1Ehhhhhhhhhh) refers to stm32f10x_adc.o(i.ADC_GetCalibrationStatus) for ADC_GetCalibrationStatus
    adc.o(i._ZN3ADCC1Ehhhhhhhhhh) refers to stm32f10x_adc.o(i.ADC_SoftwareStartConvCmd) for ADC_SoftwareStartConvCmd
    adc.o(i._ZN3ADCC1Ehhhhhhhhhh) refers to adc.o(.bss) for ADC::_enCh
    adc.o(i._ZN3ADCC1Ehhhhhhhhhh) refers to adc.o(.data) for ADC::_pin
    adc.o(i._ZN3ADCixEh) refers to dflt_clz.o(x$fpl$dfltu) for __aeabi_ui2d
    adc.o(i._ZN3ADCixEh) refers to dmul.o(x$fpl$dmul) for __aeabi_dmul
    adc.o(i._ZN3ADCixEh) refers to adc.o(.bss) for ADC::_enCh
    adc.o(.ARM.exidx) refers to adc.o(i._ZN3ADCC1Ehhhhhhhhhh) for i._ZN3ADCC1Ehhhhhhhhhh
    adc.o(.ARM.exidx) refers to adc.o(i._ZN3ADCixEh) for i._ZN3ADCixEh
    adc.o(.ARM.exidx) refers to adc.o(i._ZN3ADC9Voltage_IEhfff) for i._ZN3ADC9Voltage_IEhfff
    inputcapture_exit.o(i._ZN17InputCapture_EXIT3IRQEv) refers to stm32f10x_gpio.o(i.GPIO_ReadInputDataBit) for GPIO_ReadInputDataBit
    inputcapture_exit.o(i._ZN17InputCapture_EXIT3IRQEv) refers to taskmanager.o(i._ZN11TaskManager4TimeEv) for TaskManager::Time()
    inputcapture_exit.o(i._ZN17InputCapture_EXIT3IRQEv) refers to d2f.o(x$fpl$d2f) for __aeabi_d2f
    inputcapture_exit.o(i._ZN17InputCapture_EXIT3IRQEv) refers to f2d.o(x$fpl$f2d) for __aeabi_f2d
    inputcapture_exit.o(i._ZN17InputCapture_EXIT3IRQEv) refers to daddsub_clz.o(x$fpl$dsub) for __aeabi_dsub
    inputcapture_exit.o(i._ZN17InputCapture_EXIT3IRQEv) refers to dmul.o(x$fpl$dmul) for __aeabi_dmul
    inputcapture_exit.o(i._ZN17InputCapture_EXIT3IRQEv) refers to inputcapture_exit.o(.data) for riseTime
    inputcapture_exit.o(i._ZN17InputCapture_EXITC1EP12GPIO_TypeDefhhhh) refers to stm32f10x_rcc.o(i.RCC_APB2PeriphClockCmd) for RCC_APB2PeriphClockCmd
    inputcapture_exit.o(i._ZN17InputCapture_EXITC1EP12GPIO_TypeDefhhhh) refers to stm32f10x_gpio.o(i.GPIO_Init) for GPIO_Init
    inputcapture_exit.o(i._ZN17InputCapture_EXITC1EP12GPIO_TypeDefhhhh) refers to stm32f10x_gpio.o(i.GPIO_ResetBits) for GPIO_ResetBits
    inputcapture_exit.o(i._ZN17InputCapture_EXITC1EP12GPIO_TypeDefhhhh) refers to stm32f10x_gpio.o(i.GPIO_EXTILineConfig) for GPIO_EXTILineConfig
    inputcapture_exit.o(i._ZN17InputCapture_EXITC1EP12GPIO_TypeDefhhhh) refers to rt_memcpy_w.o(.text) for __aeabi_memcpy4
    inputcapture_exit.o(i._ZN17InputCapture_EXITC1EP12GPIO_TypeDefhhhh) refers to misc.o(i.NVIC_PriorityGroupConfig) for NVIC_PriorityGroupConfig
[...]
    __rt_lib_init_cpp_1                      0x0800016f   Thumb Code     0  libinit2.o(.ARM.Collect$$libinit$$00000032)
    __rt_lib_init_return                     0x0800016f   Thumb Code     0  libinit2.o(.ARM.Collect$$libinit$$00000033)
    __rt_lib_shutdown                        0x08000171   Thumb Code     0  libshutdown.o(.ARM.Collect$$libshutdown$$00000000)
    __rt_lib_shutdown_cpp_1                  0x08000173   Thumb Code     0  libshutdown2.o(.ARM.Collect$$libshutdown$$00000001)
    __rt_lib_shutdown_fp_trap_1              0x08000179   Thumb Code     0  libshutdown2.o(.ARM.Collect$$libshutdown$$00000006)
    __rt_lib_shutdown_heap_1                 0x08000179   Thumb Code     0  libshutdown2.o(.ARM.Collect$$libshutdown$$0000000E)
    __rt_lib_shutdown_return                 0x08000179   Thumb Code     0  libshutdown2.o(.ARM.Collect$$libshutdown$$0000000F)
    __rt_lib_shutdown_signal_1               0x08000179   Thumb Code     0  libshutdown2.o(.ARM.Collect$$libshutdown$$00000009)
    __rt_lib_shutdown_stdio_1                0x08000179   Thumb Code     0  libshutdown2.o(.ARM.Collect$$libshutdown$$00000003)
    __rt_lib_shutdown_user_alloc_1           0x08000179   Thumb Code     0  libshutdown2.o(.ARM.Collect$$libshutdown$$0000000B)
    __rt_entry                               0x0800017b   Thumb Code     0  __rtentry.o(.ARM.Collect$$rtentry$$00000000)
    __rt_entry_presh_1                       0x0800017b   Thumb Code     0  __rtentry2.o(.ARM.Collect$$rtentry$$00000002)
    __rt_entry_sh                            0x0800017b   Thumb Code     0  __rtentry4.o(.ARM.Collect$$rtentry$$00000004)
    __rt_entry_li                            0x08000181   Thumb Code     0  __rtentry2.o(.ARM.Collect$$rtentry$$0000000A)
    __rt_entry_postsh_1                      0x08000181   Thumb Code     0  __rtentry2.o(.ARM.Collect$$rtentry$$00000009)
    __rt_entry_main                          0x08000185   Thumb Code     0  __rtentry2.o(.ARM.Collect$$rtentry$$0000000D)
    __rt_entry_postli_1                      0x08000185   Thumb Code     0  __rtentry2.o(.ARM.Collect$$rtentry$$0000000C)
    __rt_exit                                0x0800018d   Thumb Code     0  rtexit.o(.ARM.Collect$$rtexit$$00000000)
    __rt_exit_ls                             0x0800018f   Thumb Code     0  rtexit2.o(.ARM.Collect$$rtexit$$00000003)
    __rt_exit_prels_1                        0x0800018f   Thumb Code     0  rtexit2.o(.ARM.Collect$$rtexit$$00000002)
    __rt_exit_exit                           0x08000193   Thumb Code     0  rtexit2.o(.ARM.Collect$$rtexit$$00000004)
    Reset_Handler                            0x08000199   Thumb Code     8  startup_stm32f10x_md.o(.text)
    _maybe_terminate_alloc                   0x08000199   Thumb Code     0  maybetermalloc1.o(.emb_text)
    NMI_Handler                              0x080001a1   Thumb Code     2  startup_stm32f10x_md.o(.text)
    HardFault_Handler                        0x080001a3   Thumb Code     2  startup_stm32f10x_md.o(.text)
    MemManage_Handler                        0x080001a5   Thumb Code     2  startup_stm32f10x_md.o(.text)
    BusFault_Handler                         0x080001a7   Thumb Code     2  startup_stm32f10x_md.o(.text)
    UsageFault_Handler                       0x080001a9   Thumb Code     2  startup_stm32f10x_md.o(.text)
    SVC_Handler                              0x080001ab   Thumb Code     2  startup_stm32f10x_md.o(.text)
    DebugMon_Handler                         0x080001ad   Thumb Code     2  startup_stm32f10x_md.o(.text)
    PendSV_Handler                           0x080001af   Thumb Code     2  startup_stm32f10x_md.o(.text)
    ADC1_2_IRQHandler                        0x080001b3   Thumb Code     0  startup_stm32f10x_md.o(.text)
    CAN1_RX1_IRQHandler                      0x080001b3   Thumb Code     0  startup_stm32f10x_md.o(.text)
    CAN1_SCE_IRQHandler                      0x080001b3   Thumb Code     0  startup_stm32f10x_md.o(.text)
    DMA1_Channel1_IRQHandler                 0x080001b3   Thumb Code     0  startup_stm32f10x_md.o(.text)
    DMA1_Channel3_IRQHandler                 0x080001b3   Thumb Code     0  startup_stm32f10x_md.o(.text)
    FLASH_IRQHandler                         0x080001b3   Thumb Code     0  startup_stm32f10x_md.o(.text)
    PVD_IRQHandler                           0x080001b3   Thumb Code     0  startup_stm32f10x_md.o(.text)
    RCC_IRQHandler                           0x080001b3   Thumb Code     0  startup_stm32f10x_md.o(.text)
    RTCAlarm_IRQHandler                      0x080001b3   Thumb Code     0  startup_stm32f10x_md.o(.text)
    RTC_IRQHandler                           0x080001b3   Thumb Code     0  startup_stm32f10x_md.o(.text)
    SPI1_IRQHandler                          0x080001b3   Thumb Code     0  startup_stm32f10x_md.o(.text)
    SPI2_IRQHandler                          0x080001b3   Thumb Code     0  startup_stm32f10x_md.o(.text)
    TAMPER_IRQHandler                        0x080001b3   Thumb Code     0  startup_stm32f10x_md.o(.text)
    TIM1_BRK_IRQHandler                      0x080001b3   Thumb Code     0  startup_stm32f10x_md.o(.text)
    TIM1_CC_IRQHandler                       0x080001b3   Thumb Code     0  startup_stm32f10x_md.o(.text)
    TIM1_TRG_COM_IRQHandler                  0x080001b3   Thumb Code     0  startup_stm32f10x_md.o(.text)
    USBWakeUp_IRQHandler                     0x080001b3   Thumb Code     0  startup_stm32f10x_md.o(.text)
    USB_HP_CAN1_TX_IRQHandler                0x080001b3   Thumb Code     0  startup_stm32f10x_md.o(.text)
    USB_LP_CAN1_RX0_IRQHandler               0x080001b3   Thumb Code     0  startup_stm32f10x_md.o(.text)
    WWDG_IRQHandler                          0x080001b3   Thumb Code     0  startup_stm32f10x_md.o(.text)
    __user_initial_stackheap                 0x080001b5   Thumb Code     0  startup_stm32f10x_md.o(.text)
    __aeabi_memcpy4                          0x080001d9   Thumb Code     0  rt_memcpy_w.o(.text)
    __aeabi_memcpy8                          0x080001d9   Thumb Code     0  rt_memcpy_w.o(.text)
    __rt_memcpy_w                            0x080001d9   Thumb Code   100  rt_memcpy_w.o(.text)
    _memcpy_lastbytes_aligned                0x08000221   Thumb Code     0  rt_memcpy_w.o(.text)
    __aeabi_memclr4                          0x0800023d   Thumb Code     0  rt_memclr_w.o(.text)
    __aeabi_memclr8                          0x0800023d   Thumb Code     0  rt_memclr_w.o(.text)
    __rt_memclr_w                            0x0800023d   Thumb Code    78  rt_memclr_w.o(.text)
    _memset_w                                0x08000241   Thumb Code     0  rt_memclr_w.o(.text)
    __use_two_region_memory                  0x0800028b   Thumb Code     2  heapauxi.o(.text)
    __rt_heap_escrow                         0x0800028d   Thumb Code     2  heapauxi.o(.text)
    __rt_heap_expand                         0x0800028f   Thumb Code     2  heapauxi.o(.text)
    __cpp_initialize__aeabi_                 0x08000291   Thumb Code    26  init_aeabi.o(.text)
    __rt_ddtor_pointer_addr                  0x080002b5   Thumb Code     8  rt_ddtor_pointer_addr_intlibspace.o(.text)
    malloc                                   0x080002bd   Thumb Code    94  h1_alloc.o(.text)
    __read_errno                             0x0800031b   Thumb Code    10  _rserrno.o(.text)
    __set_errno                              0x08000325   Thumb Code    12  _rserrno.o(.text)
    __user_libspace                          0x08000331   Thumb Code     8  libspace.o(.text)
    __user_perproc_libspace                  0x08000331   Thumb Code     0  libspace.o(.text)
    __user_perthread_libspace                0x08000331   Thumb Code     0  libspace.o(.text)
    __rt_heap_descriptor                     0x08000339   Thumb Code     8  rt_heap_descriptor_intlibspace.o(.text)
    __aeabi_errno_addr                       0x08000341   Thumb Code     8  rt_errno_addr_intlibspace.o(.text)
    __errno$intlibspace                      0x08000341   Thumb Code     0  rt_errno_addr_intlibspace.o(.text)
    __rt_errno_addr$intlibspace              0x08000341   Thumb Code     0  rt_errno_addr_intlibspace.o(.text)
    __use_no_heap                            0x08000349   Thumb Code     2  hguard.o(.text)
    __heap$guard                             0x0800034b   Thumb Code     2  hguard.o(.text)
    _terminate_user_alloc                    0x0800034d   Thumb Code     2  init_alloc.o(.text)
    _init_user_alloc                         0x0800034f   Thumb Code     2  init_alloc.o(.text)
    __Heap_Full                              0x08000351   Thumb Code    34  init_alloc.o(.text)
    __Heap_Broken                            0x08000373   Thumb Code     6  init_alloc.o(.text)
    _init_alloc                              0x08000379   Thumb Code    94  init_alloc.o(.text)
    __Heap_Initialize                        0x080003d7   Thumb Code    10  h1_init.o(.text)
    __Heap_DescSize                          0x080003e1   Thumb Code     4  h1_init.o(.text)
    free                                     0x080003e5   Thumb Code    78  h1_free.o(.text)
    __user_setup_stackheap                   0x08000433   Thumb Code    74  sys_stackheap_outer.o(.text)
    __Heap_ProvideMemory                     0x0800047d   Thumb Code    52  h1_extend.o(.text)
    exit                                     0x080004b1   Thumb Code    12  exit.o(.text)
    __rt_SIGRTMEM                            0x080004bd   Thumb Code    14  defsig_rtmem_outer.o(.text)
    __I$use$semihosting                      0x080004cb   Thumb Code     0  use_no_semi.o(.text)
    __use_no_semihosting_swi                 0x080004cb   Thumb Code     2  use_no_semi.o(.text)
    __semihosting_library_function           0x080004cd   Thumb Code     0  indicate_semi.o(.text)
    __sig_exit                               0x080004cd   Thumb Code    10  defsig_exit.o(.text)
    __rt_SIGRTMEM_inner                      0x080004d9   Thumb Code    22  defsig_rtmem_inner.o(.text)
    _sys_exit                                0x08000529   Thumb Code     8  sys_exit.o(.text)
    __default_signal_display                 0x08000535   Thumb Code    50  defsig_general.o(.text)
    _ttywrch                                 0x08000567   Thumb Code    14  sys_wrch.o(.text)
    ADC_Cmd                                  0x08000575   Thumb Code    22  stm32f10x_adc.o(i.ADC_Cmd)
    ADC_DMACmd                               0x0800058b   Thumb Code    22  stm32f10x_adc.o(i.ADC_DMACmd)
    ADC_GetCalibrationStatus                 0x080005a1   Thumb Code    20  stm32f10x_adc.o(i.ADC_GetCalibrationStatus)
    ADC_GetResetCalibrationStatus            0x080005b5   Thumb Code    20  stm32f10x_adc.o(i.ADC_GetResetCalibrationStatus)
    ADC_Init                                 0x080005c9   Thumb Code    70  stm32f10x_adc.o(i.ADC_Init)
    ADC_RegularChannelConfig                 0x08000619   Thumb Code   184  stm32f10x_adc.o(i.ADC_RegularChannelConfig)
    ADC_ResetCalibration                     0x080006d1   Thumb Code    10  stm32f10x_adc.o(i.ADC_ResetCalibration)
    ADC_SoftwareStartConvCmd                 0x080006db   Thumb Code    22  stm32f10x_adc.o(i.ADC_SoftwareStartConvCmd)
    ADC_StartCalibration                     0x080006f1   Thumb Code    10  stm32f10x_adc.o(i.ADC_StartCalibration)
    DMA1_Channel2_IRQHandler                 0x080006fd   Thumb Code    18  interrupt.o(i.DMA1_Channel2_IRQHandler)
    DMA1_Channel4_IRQHandler                 0x08000715   Thumb Code    32  interrupt.o(i.DMA1_Channel4_IRQHandler)
    DMA1_Channel5_IRQHandler                 0x0800073d   Thumb Code    18  interrupt.o(i.DMA1_Channel5_IRQHandler)
    DMA1_Channel6_IRQHandler                 0x08000755   Thumb Code     2  interrupt.o(i.DMA1_Channel6_IRQHandler)
    DMA1_Channel7_IRQHandler                 0x08000759   Thumb Code    18  interrupt.o(i.DMA1_Channel7_IRQHandler)
    DMA_ClearFlag                            0x08000771   Thumb Code    18  stm32f10x_dma.o(i.DMA_ClearFlag)
    DMA_ClearITPendingBit                    0x0800078d   Thumb Code    18  stm32f10x_dma.o(i.DMA_ClearITPendingBit)
    DMA_Cmd                                  0x080007a9   Thumb Code    24  stm32f10x_dma.o(i.DMA_Cmd)
    DMA_DeInit                               0x080007c1   Thumb Code   324  stm32f10x_dma.o(i.DMA_DeInit)
    DMA_GetCurrDataCounter                   0x0800090d   Thumb Code     8  stm32f10x_dma.o(i.DMA_GetCurrDataCounter)
    DMA_GetFlagStatus                        0x08000915   Thumb Code    36  stm32f10x_dma.o(i.DMA_GetFlagStatus)
    DMA_Init                                 0x08000941   Thumb Code    60  stm32f10x_dma.o(i.DMA_Init)
    EXTI0_IRQHandler                         0x0800097d   Thumb Code    10  interrupt.o(i.EXTI0_IRQHandler)
    EXTI15_10_IRQHandler                     0x08000987   Thumb Code   112  interrupt.o(i.EXTI15_10_IRQHandler)
    EXTI1_IRQHandler                         0x080009f7   Thumb Code    10  interrupt.o(i.EXTI1_IRQHandler)
    EXTI2_IRQHandler                         0x08000a01   Thumb Code    10  interrupt.o(i.EXTI2_IRQHandler)
    EXTI3_IRQHandler                         0x08000a0b   Thumb Code    10  interrupt.o(i.EXTI3_IRQHandler)
    EXTI4_IRQHandler                         0x08000a15   Thumb Code    10  interrupt.o(i.EXTI4_IRQHandler)
    EXTI9_5_IRQHandler                       0x08000a1f   Thumb Code    82  interrupt.o(i.EXTI9_5_IRQHandler)
    EXTI_ClearITPendingBit                   0x08000a71   Thumb Code     6  stm32f10x_exti.o(i.EXTI_ClearITPendingBit)
    EXTI_GetITStatus                         0x08000a7d   Thumb Code    34  stm32f10x_exti.o(i.EXTI_GetITStatus)
    FLASH_ClearFlag                          0x08000aa5   Thumb Code     6  stm32f10x_flash.o(i.FLASH_ClearFlag)
    FLASH_ErasePage                          0x08000ab1   Thumb Code    72  stm32f10x_flash.o(i.FLASH_ErasePage)
    FLASH_GetBank1Status                     0x08000afd   Thumb Code    48  stm32f10x_flash.o(i.FLASH_GetBank1Status)
    FLASH_Lock                               0x08000b31   Thumb Code    14  stm32f10x_flash.o(i.FLASH_Lock)
    FLASH_ProgramHalfWord                    0x08000b45   Thumb Code    60  stm32f10x_flash.o(i.FLASH_ProgramHalfWord)
    FLASH_Unlock                             0x08000b85   Thumb Code    12  stm32f10x_flash.o(i.FLASH_Unlock)
    FLASH_WaitForLastOperation               0x08000b9d   Thumb Code    38  stm32f10x_flash.o(i.FLASH_WaitForLastOperation)
    GPIO_Init                                0x08000bc3   Thumb Code   278  stm32f10x_gpio.o(i.GPIO_Init)
    GPIO_PinRemapConfig                      0x08000cd9   Thumb Code   138  stm32f10x_gpio.o(i.GPIO_PinRemapConfig)
    GPIO_ReadInputDataBit                    0x08000d69   Thumb Code    18  stm32f10x_gpio.o(i.GPIO_ReadInputDataBit)
    GPIO_ResetBits                           0x08000d7b   Thumb Code     4  stm32f10x_gpio.o(i.GPIO_ResetBits)
    GPIO_SetBits                             0x08000d7f   Thumb Code     4  stm32f10x_gpio.o(i.GPIO_SetBits)
    I2C1_ER_IRQHandler                       0x08000d83   Thumb Code     2  interrupt.o(i.I2C1_ER_IRQHandler)
    I2C1_EV_IRQHandler                       0x08000d85   Thumb Code     2  interrupt.o(i.I2C1_EV_IRQHandler)
    I2C2_ER_IRQHandler                       0x08000d89   Thumb Code    12  interrupt.o(i.I2C2_ER_IRQHandler)
    I2C2_EV_IRQHandler                       0x08000d99   Thumb Code    12  interrupt.o(i.I2C2_EV_IRQHandler)
    I2C_AcknowledgeConfig                    0x08000da9   Thumb Code    24  stm32f10x_i2c.o(i.I2C_AcknowledgeConfig)
    I2C_GenerateSTART                        0x08000dc1   Thumb Code    24  stm32f10x_i2c.o(i.I2C_GenerateSTART)
    I2C_GenerateSTOP                         0x08000dd9   Thumb Code    24  stm32f10x_i2c.o(i.I2C_GenerateSTOP)
    I2C_GetFlagStatus                        0x08000df1   Thumb Code    58  stm32f10x_i2c.o(i.I2C_GetFlagStatus)
    I2C_GetLastEvent                         0x08000e2b   Thumb Code    26  stm32f10x_i2c.o(i.I2C_GetLastEvent)
    I2C_Init                                 0x08000e45   Thumb Code   222  stm32f10x_i2c.o(i.I2C_Init)
    I2C_ReceiveData                          0x08000f31   Thumb Code     8  stm32f10x_i2c.o(i.I2C_ReceiveData)
    I2C_Send7bitAddress                      0x08000f39   Thumb Code    18  stm32f10x_i2c.o(i.I2C_Send7bitAddress)
    I2C_SendData                             0x08000f4b   Thumb Code     4  stm32f10x_i2c.o(i.I2C_SendData)
    NVIC_Init                                0x08000f51   Thumb Code   100  misc.o(i.NVIC_Init)
    NVIC_PriorityGroupConfig                 0x08000fc1   Thumb Code    10  misc.o(i.NVIC_PriorityGroupConfig)
    RCC_ADCCLKConfig                         0x08000fd5   Thumb Code    18  stm32f10x_rcc.o(i.RCC_ADCCLKConfig)
    RCC_AHBPeriphClockCmd                    0x08000fed   Thumb Code    26  stm32f10x_rcc.o(i.RCC_AHBPeriphClockCmd)
    RCC_APB1PeriphClockCmd                   0x0800100d   Thumb Code    26  stm32f10x_rcc.o(i.RCC_APB1PeriphClockCmd)
    RCC_APB1PeriphResetCmd                   0x0800102d   Thumb Code    26  stm32f10x_rcc.o(i.RCC_APB1PeriphResetCmd)
    RCC_APB2PeriphClockCmd                   0x0800104d   Thumb Code    26  stm32f10x_rcc.o(i.RCC_APB2PeriphClockCmd)
    RCC_GetClocksFreq                        0x0800106d   Thumb Code   192  stm32f10x_rcc.o(i.RCC_GetClocksFreq)
    SysTick_Handler                          0x08001229   Thumb Code    20  taskmanager.o(i.SysTick_Handler)
    SystemInit                               0x08001249   Thumb Code    78  system_stm32f10x.o(i.SystemInit)
    TIM1_UP_IRQHandler                       0x080012a9   Thumb Code     2  interrupt.o(i.TIM1_UP_IRQHandler)
    TIM2_IRQHandler                          0x080012ab   Thumb Code     2  interrupt.o(i.TIM2_IRQHandler)
    TIM3_IRQHandler                          0x080012ad   Thumb Code     2  interrupt.o(i.TIM3_IRQHandler)
    TIM4_IRQHandler                          0x080012af   Thumb Code     2  interrupt.o(i.TIM4_IRQHandler)
    TIM_Cmd                                  0x080012b1   Thumb Code    24  stm32f10x_tim.o(i.TIM_Cmd)
    TIM_OC1Init                              0x080012c9   Thumb Code   132  stm32f10x_tim.o(i.TIM_OC1Init)
    TIM_OC1PreloadConfig                     0x08001361   Thumb Code    18  stm32f10x_tim.o(i.TIM_OC1PreloadConfig)
    TIM_OC2Init                              0x08001375   Thumb Code   154  stm32f10x_tim.o(i.TIM_OC2Init)
    TIM_OC2PreloadConfig                     0x08001419   Thumb Code    26  stm32f10x_tim.o(i.TIM_OC2PreloadConfig)
    TIM_OC3Init                              0x08001435   Thumb Code   150  stm32f10x_tim.o(i.TIM_OC3Init)
    TIM_OC3PreloadConfig                     0x080014d5   Thumb Code    18  stm32f10x_tim.o(i.TIM_OC3PreloadConfig)
    TIM_OC4Init                              0x080014e9   Thumb Code   114  stm32f10x_tim.o(i.TIM_OC4Init)
    TIM_OC4PreloadConfig                     0x08001565   Thumb Code    26  stm32f10x_tim.o(i.TIM_OC4PreloadConfig)
    TIM_TimeBaseInit                         0x08001581   Thumb Code   122  stm32f10x_tim.o(i.TIM_TimeBaseInit)
    USART1_IRQHandler                        0x08001625   Thumb Code    12  interrupt.o(i.USART1_IRQHandler)
    USART2_IRQHandler                        0x08001635   Thumb Code    12  interrupt.o(i.USART2_IRQHandler)
    USART3_IRQHandler                        0x08001645   Thumb Code    12  interrupt.o(i.USART3_IRQHandler)
    USART_ClearITPendingBit                  0x08001655   Thumb Code    30  stm32f10x_usart.o(i.USART_ClearITPendingBit)
    USART_Cmd                                0x08001673   Thumb Code    24  stm32f10x_usart.o(i.USART_Cmd)
    USART_DMACmd                             0x0800168b   Thumb Code    18  stm32f10x_usart.o(i.USART_DMACmd)
    USART_GetFlagStatus                      0x0800169d   Thumb Code    26  stm32f10x_usart.o(i.USART_GetFlagStatus)
    USART_GetITStatus                        0x080016b7   Thumb Code    84  stm32f10x_usart.o(i.USART_GetITStatus)
    USART_ITConfig                           0x0800170b   Thumb Code    74  stm32f10x_usart.o(i.USART_ITConfig)
    USART_Init                               0x08001755   Thumb Code   210  stm32f10x_usart.o(i.USART_Init)
    USART_ReceiveData                        0x0800182d   Thumb Code    10  stm32f10x_usart.o(i.USART_ReceiveData)
    USART_SendData                           0x08001837   Thumb Code     8  stm32f10x_usart.o(i.USART_SendData)
    TaskManager::Time()                      0x08001841   Thumb Code   110  taskmanager.o(i._ZN11TaskManager4TimeEv)
    TaskManager::DelayS(unsigned short)      0x080018d1   Thumb Code    54  taskmanager.o(i._ZN11TaskManager6DelaySEt)
    TaskManager::DelayMs(unsigned short)     0x08001909   Thumb Code    64  taskmanager.o(i._ZN11TaskManager7DelayMsEt)
    TaskManager::TimeSlice(double&, double)  0x0800194d   Thumb Code    62  taskmanager.o(i._ZN11TaskManager9TimeSliceERdd)
    TaskManager::TaskManager()               0x0800198d   Thumb Code    32  taskmanager.o(i._ZN11TaskManagerC1Ev)
    TaskManager::TaskManager__sub_object()   0x0800198d   Thumb Code     0  taskmanager.o(i._ZN11TaskManagerC1Ev)
    Communication::Calibration(unsigned char*, int, unsigned char) 0x080019b1   Thumb Code    34  communication.o(i._ZN13Communication11CalibrationEPhih)
    Communication::DataListening()           0x080019d5   Thumb Code   898  communication.o(i._ZN13Communication13DataListeningEv)
    Communication::SendCopterState(float, float, float, int, unsigned char, unsigned char) 0x08001d5d   Thumb Code   328  communication.o(i._ZN13Communication15SendCopterStateEfffihh)
    Communication::SendSensorOriginalData(Vector3<int>, Vector3<int>, Vector3<int>) 0x08001ea9   Thumb Code   392  communication.o(i._ZN13Communication22SendSensorOriginalDataE7Vector3IiES1_S1_)
    Communication::reply(unsigned char, unsigned char) 0x08002031   Thumb Code    78  communication.o(i._ZN13Communication5replyEhh)
    Communication::SendPID(float, float, float, float, float, float, float, float, float) 0x08002081   Thumb Code   520  communication.o(i._ZN13Communication7SendPIDEfffffffff)
    Communication::Communication(USART&)     0x0800228d   Thumb Code    32  communication.o(i._ZN13CommunicationC1ER5USART)
    Communication::Communication__sub_object(USART&) 0x0800228d   Thumb Code     0  communication.o(i._ZN13CommunicationC1ER5USART)
    AttitudeCalculation::NonlinearSO3AHRSinit(float, float, float, float, float, float) 0x080022ad   Thumb Code   582  attitude.o(i._ZN19AttitudeCalculation20NonlinearSO3AHRSinitEffffff)
    AttitudeCalculation::NonlinearSO3AHRSupdate(float, float, float, float, float, float, float, float, float, float, float, float) 0x080024f5   Thumb Code  2430  attitude.o(i._ZN19AttitudeCalculation22NonlinearSO3AHRSupdateEffffffffffff)
    AttitudeCalculation::GetAngle(Vector3<int>, Vector3<float>, Vector3<int>, float) 0x08002e79   Thumb Code   398  attitude.o(i._ZN19AttitudeCalculation8GetAngleE7Vector3IiES0_IfES1_f)
    ADC::Voltage_I(unsigned char, float, float, float) 0x08003015   Thumb Code   190  adc.o(i._ZN3ADC9Voltage_IEhfff)
    ADC::ADC(unsigned char, unsigned char, unsigned char, unsigned char, unsigned char, unsigned char, unsigned char, unsigned char, unsigned char, unsigned char) 0x080030e9   Thumb Code   518  adc.o(i._ZN3ADCC1Ehhhhhhhhhh)
    ADC::ADC__sub_object(unsigned char, unsigned char, unsigned char, unsigned char, unsigned char, unsigned char, unsigned char, unsigned char, unsigned char, unsigned char) 0x080030e9   Thumb Code     0  adc.o(i._ZN3ADCC1Ehhhhhhhhhh)
    ADC::operator [](unsigned char)          0x08003311   Thumb Code    60  adc.o(i._ZN3ADCixEh)
    I2C::AddCommand(unsigned char, unsigned char, unsigned char*, unsigned char, unsigned char*, unsigned char, bool, Sensor*) 0x0800335d   Thumb Code   222  i2c.o(i._ZN3I2C10AddCommandEhhPhhS0_hbP6Sensor)
    I2C::Soft_Reset()                        0x0800343b   Thumb Code    26  i2c.o(i._ZN3I2C10Soft_ResetEv)
    I2C::I2CGPIOInit(unsigned short, unsigned short) 0x08003455   Thumb Code    82  i2c.o(i._ZN3I2C11I2CGPIOInitEtt)
    I2C::ClearCommand()                      0x080034b1   Thumb Code    14  i2c.o(i._ZN3I2C12ClearCommandEv)
    I2C::GetI2CNumber()                      0x080034c1   Thumb Code    18  i2c.o(i._ZN3I2C12GetI2CNumberEv)
    I2C::I2CGPIODeInit(unsigned short, unsigned short) 0x080034d9   Thumb Code    46  i2c.o(i._ZN3I2C13I2CGPIODeInitEtt)
    I2C::StartCMDQueue()                     0x0800350d   Thumb Code   170  i2c.o(i._ZN3I2C13StartCMDQueueEv)
    I2C::I2C_CHACK_BUSY_FIX(unsigned, unsigned short, unsigned short) 0x080035b9   Thumb Code   192  i2c.o(i._ZN3I2C18I2C_CHACK_BUSY_FIXEjtt)
    I2C::WaitTransmitComplete(bool, bool, bool) 0x0800367d   Thumb Code   152  i2c.o(i._ZN3I2C20WaitTransmitCompleteEbbb)
    I2C::Init()                              0x08003715   Thumb Code   508  i2c.o(i._ZN3I2C4InitEv)
    I2C::DelayUs(unsigned)                   0x08003915   Thumb Code    14  i2c.o(i._ZN3I2C7DelayUsEj)
    I2C::DmaRxIRQ()                          0x08003925   Thumb Code   104  i2c.o(i._ZN3I2C8DmaRxIRQEv)
    I2C::DmaTxIRQ()                          0x08003991   Thumb Code    14  i2c.o(i._ZN3I2C8DmaTxIRQEv)
    I2C::ErrorIRQ()                          0x080039a5   Thumb Code   144  i2c.o(i._ZN3I2C8ErrorIRQEv)
    I2C::EventIRQ()                          0x08003a5d   Thumb Code  1100  i2c.o(i._ZN3I2C8EventIRQEv)
    I2C::IsHealth()                          0x08003eb5   Thumb Code    16  i2c.o(i._ZN3I2C8IsHealthEv)
    I2C::IsSendOk()                          0x08003ec5   Thumb Code    36  i2c.o(i._ZN3I2C8IsSendOkEv)
    I2C::I2C(unsigned char, bool, unsigned, unsigned char, unsigned char, unsigned char, unsigned char, unsigned char, unsigned char, unsigned char, unsigned char) 0x08003ee9   Thumb Code   262  i2c.o(i._ZN3I2CC1Ehbjhhhhhhhh)
    I2C::I2C__sub_object(unsigned char, bool, unsigned, unsigned char, unsigned char, unsigned char, unsigned char, unsigned char, unsigned char, unsigned char, unsigned char) 0x08003ee9   Thumb Code     0  i2c.o(i._ZN3I2CC1Ehbjhhhhhhhh)
    IMU::MagCalibrate(double)                0x08003ffd   Thumb Code    26  imu.o(i._ZN3IMU12MagCalibrateEd)
    IMU::GyroCalibrate()                     0x08004017   Thumb Code    14  imu.o(i._ZN3IMU13GyroCalibrateEv)
    IMU::GyroIsCalibrated()                  0x08004025   Thumb Code    12  imu.o(i._ZN3IMU16GyroIsCalibratedEv)
    IMU::init()                              0x08004031   Thumb Code   124  imu.o(i._ZN3IMU4initEv)
    IMU::UpdateIMU()                         0x080040ed   Thumb Code   208  imu.o(i._ZN3IMU9UpdateIMUEv)
    IMU::IMU(mpu6050&, HMC5883L&)            0x080041fd   Thumb Code   100  imu.o(i._ZN3IMUC1ER7mpu6050R8HMC5883L)
    IMU::IMU__sub_object(mpu6050&, HMC5883L&) 0x080041fd   Thumb Code     0  imu.o(i._ZN3IMUC1ER7mpu6050R8HMC5883L)
    LED::On()                                0x08004261   Thumb Code    14  led.o(i._ZN3LED2OnEv)
    LED::Off()                               0x0800426f   Thumb Code    18  led.o(i._ZN3LED3OffEv)
    LED::Blink(unsigned short, float, bool)  0x08004281   Thumb Code   160  led.o(i._ZN3LED5BlinkEtfb)
    LED::Toggle()                            0x08004329   Thumb Code    32  led.o(i._ZN3LED6ToggleEv)
    LED::LED(GPIO&, bool)                    0x08004349   Thumb Code    32  led.o(i._ZN3LEDC1ER4GPIOb)
    LED::LED__sub_object(GPIO&, bool)        0x08004349   Thumb Code     0  led.o(i._ZN3LEDC1ER4GPIOb)
    PWM::Initialize(TIM_TypeDef*, bool, bool, bool, bool, unsigned short) 0x08004369   Thumb Code   534  pwm.o(i._ZN3PWM10InitializeEP11TIM_TypeDefbbbbt)
    PWM::SetDuty(float, float, float, float) 0x08004599   Thumb Code   166  pwm.o(i._ZN3PWM7SetDutyEffff)
    PWM::PWM(TIM_TypeDef*, bool, bool, bool, bool, unsigned short) 0x08004645   Thumb Code    42  pwm.o(i._ZN3PWMC1EP11TIM_TypeDefbbbbt)
    PWM::PWM__sub_object(TIM_TypeDef*, bool, bool, bool, bool, unsigned short) 0x08004645   Thumb Code     0  pwm.o(i._ZN3PWMC1EP11TIM_TypeDefbbbbt)
    GPIO::RCC_Configuration()                0x08004671   Thumb Code   130  gpio.o(i._ZN4GPIO17RCC_ConfigurationEv)
    GPIO::GetLevel()                         0x08004711   Thumb Code    28  gpio.o(i._ZN4GPIO8GetLevelEv)
    GPIO::SetLevel(unsigned char)            0x08004731   Thumb Code    42  gpio.o(i._ZN4GPIO8SetLevelEh)
    GPIO::GPIO(GPIO_TypeDef*, unsigned short, GPIOMode_TypeDef, GPIOSpeed_TypeDef) 0x08004761   Thumb Code    64  gpio.o(i._ZN4GPIOC1EP12GPIO_TypeDeft16GPIOMode_TypeDef17GPIOSpeed_TypeDef)
    GPIO::GPIO__sub_object(GPIO_TypeDef*, unsigned short, GPIOMode_TypeDef, GPIOSpeed_TypeDef) 0x08004761   Thumb Code     0  gpio.o(i._ZN4GPIOC1EP12GPIO_TypeDeft16GPIOMode_TypeDef17GPIOSpeed_TypeDef)
    Delay::Us(unsigned)                      0x080047a5   Thumb Code    32  delay.o(i._ZN5Delay2UsEj)
    USART::GetReceivedData(unsigned char*, unsigned short) 0x080047c5   Thumb Code    40  usart.o(i._ZN5USART15GetReceivedDataEPht)
    USART::ReceiveBufferSize()               0x080047ed   Thumb Code    14  usart.o(i._ZN5USART17ReceiveBufferSizeEv)
    USART::Irq()                             0x080047fd   Thumb Code   208  usart.o(i._ZN5USART3IrqEv)
    USART::DmaIrq()                          0x080048d5   Thumb Code   136  usart.o(i._ZN5USART6DmaIrqEv)
    USART::SendData(unsigned char*, unsigned) 0x0800495d   Thumb Code   212  usart.o(i._ZN5USART8SendDataEPhj)
    USART::USART(unsigned char, unsigned, bool, unsigned char, unsigned char, unsigned char, unsigned char, unsigned char, unsigned short, unsigned short, unsigned short) 0x08004a35   Thumb Code   908  usart.o(i._ZN5USARTC1Ehjbhhhhhttt)
    USART::USART__sub_object(unsigned char, unsigned, bool, unsigned char, unsigned char, unsigned char, unsigned char, unsigned char, unsigned short, unsigned short, unsigned short) 0x08004a35   Thumb Code     0  usart.o(i._ZN5USARTC1Ehjbhhhhhttt)
    USART::~USART()                          0x08004df1   Thumb Code     2  usart.o(i._ZN5USARTD1Ev)
    USART::~USART__sub_object()              0x08004df1   Thumb Code     0  usart.o(i._ZN5USARTD1Ev)
    USART::operator <<(const char*)          0x08004df3   Thumb Code    36  usart.o(i._ZN5USARTlsEPKc)
    USART::operator <<(int)                  0x08004e17   Thumb Code    94  usart.o(i._ZN5USARTlsEi)
    flash::Read(unsigned short, unsigned short) 0x08004e75   Thumb Code   140  flash.o(i._ZN5flash4ReadEtt)
    flash::Write(unsigned short, unsigned short, float) 0x08004f05   Thumb Code   136  flash.o(i._ZN5flash5WriteEttf)
    flash::flash(unsigned, bool)             0x08004f91   Thumb Code    22  flash.o(i._ZN5flashC1Ejb)
    flash::flash__sub_object(unsigned, bool) 0x08004f91   Thumb Code     0  flash.o(i._ZN5flashC1Ejb)
    Sensor::Updated()                        0x08004fa7   Thumb Code    44  i2c.o(i._ZN6Sensor7UpdatedEv)
    Control::GetPID_PIT()                    0x08004fd3   Thumb Code    20  main.o(i._ZN7Control10GetPID_PITEv)
    Control::GetPID_ROL()                    0x08004fe7   Thumb Code    20  main.o(i._ZN7Control10GetPID_ROLEv)
    Control::GetPID_YAW()                    0x08004ffb   Thumb Code    20  main.o(i._ZN7Control10GetPID_YAWEv)
    Control::PIDControl(Vector3<float>, Vector3<float>, unsigned short, unsigned short, unsigned short, unsigned short) 0x08005011   Thumb Code   730  control.o(i._ZN7Control10PIDControlE7Vector3IfES1_tttt)
    Control::Control(PWM&)                   0x08005301   Thumb Code    26  control.o(i._ZN7ControlC1ER3PWM)
    Control::Control__sub_object(PWM&)       0x08005301   Thumb Code     0  control.o(i._ZN7ControlC1ER3PWM)
    mpu6050::BypassMode(bool)                0x08005325   Thumb Code   148  mpu6050.o(i._ZN7mpu605010BypassModeEb)
    mpu6050::GetGyrDegree()                  0x080053b9   Thumb Code    98  mpu6050.o(i._ZN7mpu605012GetGyrDegreeEv)
    mpu6050::GetUpdateInterval()             0x08005425   Thumb Code    24  mpu6050.o(i._ZN7mpu605017GetUpdateIntervalEv)
    mpu6050::IsGyroCalibrating()             0x0800543d   Thumb Code     8  mpu6050.o(i._ZN7mpu605017IsGyroCalibratingEv)
    mpu6050::StartGyroCalibrate()            0x08005445   Thumb Code     8  mpu6050.o(i._ZN7mpu605018StartGyroCalibrateEv)
    mpu6050::Init(bool)                      0x0800544d   Thumb Code   268  mpu6050.o(i._ZN7mpu60504InitEb)
    mpu6050::GetGyr()                        0x08005559   Thumb Code    98  mpu6050.o(i._ZN7mpu60506GetGyrEv)
    mpu6050::Update(bool, Vector3<int>*, Vector3<int>*) 0x080055c5   Thumb Code   648  mpu6050.o(i._ZN7mpu60506UpdateEbP7Vector3IiES2_)
    mpu6050::GetAccRaw()                     0x08005865   Thumb Code    70  mpu6050.o(i._ZN7mpu60509GetAccRawEv)
    mpu6050::GetGyrRaw()                     0x080058ab   Thumb Code    14  mpu6050.o(i._ZN7mpu60509GetGyrRawEv)
    mpu6050::GetHealth()                     0x080058b9   Thumb Code    54  mpu6050.o(i._ZN7mpu60509GetHealthEv)
    mpu6050::mpu6050(I2C&, unsigned short)   0x080058ef   Thumb Code    64  mpu6050.o(i._ZN7mpu6050C1ER3I2Ct)
    mpu6050::mpu6050__sub_object(I2C&, unsigned short) 0x080058ef   Thumb Code     0  mpu6050.o(i._ZN7mpu6050C1ER3I2Ct)
    HMC5883L::GetDataRaw()                   0x0800592f   Thumb Code   158  hmc5883l.o(i._ZN8HMC5883L10GetDataRawEv)
    HMC5883L::TestConnection(bool)           0x080059cd   Thumb Code   152  hmc5883l.o(i._ZN8HMC5883L14TestConnectionEb)
    HMC5883L::GetNoCalibrateDataRaw()        0x08005a65   Thumb Code    70  hmc5883l.o(i._ZN8HMC5883L21GetNoCalibrateDataRawEv)
    HMC5883L::SetCalibrateRatioBias(float, float, float, float, float, float) 0x08005aab   Thumb Code    24  hmc5883l.o(i._ZN8HMC5883L21SetCalibrateRatioBiasEffffff)
    HMC5883L::Init(bool)                     0x08005ac3   Thumb Code   160  hmc5883l.o(i._ZN8HMC5883L4InitEb)
    HMC5883L::Update(bool, Vector3<int>*)    0x08005b65   Thumb Code   194  hmc5883l.o(i._ZN8HMC5883L6UpdateEbP7Vector3IiE)
    HMC5883L::IsLocked()                     0x08005c2d   Thumb Code    20  hmc5883l.o(i._ZN8HMC5883L8IsLockedEv)
    HMC5883L::Calibrate(double)              0x08005c41   Thumb Code   866  hmc5883l.o(i._ZN8HMC5883L9CalibrateEd)
    HMC5883L::HMC5883L(I2C&)                 0x08005fe1   Thumb Code    28  hmc5883l.o(i._ZN8HMC5883LC1ER3I2C)
    HMC5883L::HMC5883L__sub_object(I2C&)     0x08005fe1   Thumb Code     0  hmc5883l.o(i._ZN8HMC5883LC1ER3I2C)
    std::asin(float)                         0x08005ffd   Thumb Code    12  attitude.o(i._ZSt4asinf)
    std::sqrt(float)                         0x08006009   Thumb Code    12  attitude.o(i._ZSt4sqrtf)
    std::atan2(float, float)                 0x08006015   Thumb Code    16  attitude.o(i._ZSt5atan2ff)
    __ARM_fpclassifyf                        0x08006025   Thumb Code    38  fpclassifyf.o(i.__ARM_fpclassifyf)
    __aeabi_atexit                           0x0800604b   Thumb Code    50  aeabi_atexit.o(i.__aeabi_atexit)
    __cxa_finalize                           0x0800607d   Thumb Code    66  cxa_finalize.o(i.__cxa_finalize)
    __cxa_guard_acquire                      0x080060bf   Thumb Code    16  cxa_guard_acquire.o(i.__cxa_guard_acquire)
    __mathlib_flt_infnan                     0x080060cf   Thumb Code     6  funder.o(i.__mathlib_flt_infnan)
    __mathlib_flt_infnan2                    0x080060d5   Thumb Code     4  funder.o(i.__mathlib_flt_infnan2)
    __mathlib_flt_invalid                    0x080060d9   Thumb Code     8  funder.o(i.__mathlib_flt_invalid)
    __mathlib_flt_underflow                  0x080060e1   Thumb Code    10  funder.o(i.__mathlib_flt_underflow)
    __mathlib_rredf2                         0x080060ed   Thumb Code   344  rredf.o(i.__mathlib_rredf2)
    asinf                                    0x08006379   Thumb Code   254  asinf.o(i.asinf)
    atan2f                                   0x0800649d   Thumb Code   528  atan2f.o(i.atan2f)
    cosf                                     0x080066f9   Thumb Code   328  cosf.o(i.cosf)
    main                                     0x08006875   Thumb Code  1240  main.o(i.main)
    sinf                                     0x08006d61   Thumb Code   338  sinf.o(i.sinf)
    sqrtf                                    0x08006ee9   Thumb Code    44  sqrtf.o(i.sqrtf)
    FIFOBuffer<I2C_Command_Struct, (unsigned short)40>::Get(I2C_Command_Struct&) 0x08006f15   Thumb Code    66  i2c.o(t._ZN10FIFOBufferI18I2C_Command_StructLt40EE3GetERS0_)
    FIFOBuffer<I2C_Command_Struct, (unsigned short)40>::Put(const I2C_Command_Struct&) 0x08006f57   Thumb Code    78  i2c.o(t._ZN10FIFOBufferI18I2C_Command_StructLt40EE3PutERKS0_)
    FIFOBuffer<I2C_Command_Struct, (unsigned short)40>::Size() 0x08006fa5   Thumb Code    26  i2c.o(t._ZN10FIFOBufferI18I2C_Command_StructLt40EE4SizeEv)
    FIFOBuffer<I2C_Command_Struct, (unsigned short)40>::Clear() 0x08006fbf   Thumb Code    12  i2c.o(t._ZN10FIFOBufferI18I2C_Command_StructLt40EE5ClearEv)
    FIFOBuffer<I2C_Command_Struct, (unsigned short)40>::FIFOBuffer() 0x08006fcb   Thumb Code    12  i2c.o(t._ZN10FIFOBufferI18I2C_Command_StructLt40EEC1Ev)
    FIFOBuffer<I2C_Command_Struct, (unsigned short)40>::FIFOBuffer__sub_object() 0x08006fcb   Thumb Code     0  i2c.o(t._ZN10FIFOBufferI18I2C_Command_StructLt40EEC1Ev)
    FIFOBuffer<unsigned char, (unsigned short)256>::Get(unsigned char&) 0x08006fd7   Thumb Code    52  usart.o(t._ZN10FIFOBufferIhLt256EE3GetERh)
    FIFOBuffer<unsigned char, (unsigned short)256>::Put(const unsigned char&) 0x0800700b   Thumb Code    68  usart.o(t._ZN10FIFOBufferIhLt256EE3PutERKh)
    FIFOBuffer<unsigned char, (unsigned short)256>::Gets(unsigned char*, unsigned short) 0x0800704f   Thumb Code    68  usart.o(t._ZN10FIFOBufferIhLt256EE4GetsEPht)
    FIFOBuffer<unsigned char, (unsigned short)256>::Puts(unsigned char*, unsigned short) 0x08007093   Thumb Code    82  usart.o(t._ZN10FIFOBufferIhLt256EE4PutsEPht)
    FIFOBuffer<unsigned char, (unsigned short)256>::Size() 0x080070e5   Thumb Code    28  usart.o(t._ZN10FIFOBufferIhLt256EE4SizeEv)
    FIFOBuffer<unsigned char, (unsigned short)256>::FIFOBuffer() 0x08007101   Thumb Code    12  usart.o(t._ZN10FIFOBufferIhLt256EEC1Ev)
    FIFOBuffer<unsigned char, (unsigned short)256>::FIFOBuffer__sub_object() 0x08007101   Thumb Code     0  usart.o(t._ZN10FIFOBufferIhLt256EEC1Ev)
    Vector3<float>::Vector3()                0x0800710d   Thumb Code    10  mpu6050.o(t._ZN7Vector3IfEC1Ev)
    Vector3<float>::Vector3__sub_object()    0x0800710d   Thumb Code     0  mpu6050.o(t._ZN7Vector3IfEC1Ev)
    Vector3<int>::Vector3()                  0x08007117   Thumb Code    10  mpu6050.o(t._ZN7Vector3IiEC1Ev)
    Vector3<int>::Vector3__sub_object()      0x08007117   Thumb Code     0  mpu6050.o(t._ZN7Vector3IiEC1Ev)
    Vector3<int>::operator =(const Vector3<int>&) 0x08007121   Thumb Code    14  mpu6050.o(t._ZN7Vector3IiEaSERKS0_)
    __aeabi_d2f                              0x08007131   Thumb Code     0  d2f.o(x$fpl$d2f)
    _d2f                                     0x08007131   Thumb Code    98  d2f.o(x$fpl$d2f)
    __aeabi_dadd                             0x08007195   Thumb Code     0  daddsub_clz.o(x$fpl$dadd)
    _dadd                                    0x08007195   Thumb Code   332  daddsub_clz.o(x$fpl$dadd)
    __fpl_dcmp_Inf                           0x080072e5   Thumb Code    24  dcmpi.o(x$fpl$dcmpinf)
    __aeabi_ddiv                             0x080072fd   Thumb Code     0  ddiv.o(x$fpl$ddiv)
    _ddiv                                    0x080072fd   Thumb Code   552  ddiv.o(x$fpl$ddiv)
    __aeabi_cdcmpeq                          0x080075ad   Thumb Code     0  deqf.o(x$fpl$deqf)
    _dcmpeq                                  0x080075ad   Thumb Code   120  deqf.o(x$fpl$deqf)
    __aeabi_d2iz                             0x08007625   Thumb Code     0  dfix.o(x$fpl$dfix)
    _dfix                                    0x08007625   Thumb Code    94  dfix.o(x$fpl$dfix)
    __aeabi_i2d                              0x08007683   Thumb Code     0  dflt_clz.o(x$fpl$dflt)
    _dflt                                    0x08007683   Thumb Code    46  dflt_clz.o(x$fpl$dflt)
    __aeabi_ui2d                             0x080076b1   Thumb Code     0  dflt_clz.o(x$fpl$dfltu)
    _dfltu                                   0x080076b1   Thumb Code    38  dflt_clz.o(x$fpl$dfltu)
    __aeabi_cdcmple                          0x080076d9   Thumb Code     0  dleqf.o(x$fpl$dleqf)
    _dcmple                                  0x080076d9   Thumb Code   120  dleqf.o(x$fpl$dleqf)
    __fpl_dcmple_InfNaN                      0x0800773b   Thumb Code     0  dleqf.o(x$fpl$dleqf)
    __aeabi_dmul                             0x08007751   Thumb Code     0  dmul.o(x$fpl$dmul)
    _dmul                                    0x08007751   Thumb Code   332  dmul.o(x$fpl$dmul)
    __fpl_dnaninf                            0x080078a5   Thumb Code   156  dnaninf.o(x$fpl$dnaninf)
    __fpl_dretinf                            0x08007941   Thumb Code    12  dretinf.o(x$fpl$dretinf)
    __aeabi_cdrcmple                         0x0800794d   Thumb Code     0  drleqf.o(x$fpl$drleqf)
    _drcmple                                 0x0800794d   Thumb Code   108  drleqf.o(x$fpl$drleqf)
    __aeabi_dsub                             0x080079b9   Thumb Code     0  daddsub_clz.o(x$fpl$dsub)
    _dsub                                    0x080079b9   Thumb Code   464  daddsub_clz.o(x$fpl$dsub)
    __aeabi_f2d                              0x08007b8d   Thumb Code     0  f2d.o(x$fpl$f2d)
    _f2d                                     0x08007b8d   Thumb Code    86  f2d.o(x$fpl$f2d)
    __aeabi_fadd                             0x08007be5   Thumb Code     0  faddsub_clz.o(x$fpl$fadd)
    _fadd                                    0x08007be5   Thumb Code   196  faddsub_clz.o(x$fpl$fadd)
    __fpl_fcheck_NaN1                        0x08007ca9   Thumb Code     6  fcheck1.o(x$fpl$fcheck1)
    __fpl_fcmp_Inf                           0x08007cb5   Thumb Code    24  fcmpi.o(x$fpl$fcmpinf)
    __aeabi_fdiv                             0x08007ccd   Thumb Code     0  fdiv.o(x$fpl$fdiv)
    _fdiv                                    0x08007ccd   Thumb Code   384  fdiv.o(x$fpl$fdiv)
    __aeabi_cfcmpeq                          0x08007e51   Thumb Code     0  feqf.o(x$fpl$feqf)
    _fcmpeq                                  0x08007e51   Thumb Code   104  feqf.o(x$fpl$feqf)
    __aeabi_f2iz                             0x08007eb9   Thumb Code     0  ffix.o(x$fpl$ffix)
    _ffix                                    0x08007eb9   Thumb Code    54  ffix.o(x$fpl$ffix)
    __aeabi_f2uiz                            0x08007ef1   Thumb Code     0  ffixu.o(x$fpl$ffixu)
    _ffixu                                   0x08007ef1   Thumb Code    62  ffixu.o(x$fpl$ffixu)
    __aeabi_i2f                              0x08007f31   Thumb Code     0  fflt_clz.o(x$fpl$fflt)
    _fflt                                    0x08007f31   Thumb Code    48  fflt_clz.o(x$fpl$fflt)
    __aeabi_ui2f                             0x08007f61   Thumb Code     0  fflt_clz.o(x$fpl$ffltu)
    _ffltu                                   0x08007f61   Thumb Code    38  fflt_clz.o(x$fpl$ffltu)
    __aeabi_cfcmple                          0x08007f89   Thumb Code     0  fleqf.o(x$fpl$fleqf)
    _fcmple                                  0x08007f89   Thumb Code   104  fleqf.o(x$fpl$fleqf)
    __fpl_fcmple_InfNaN                      0x08007fdb   Thumb Code     0  fleqf.o(x$fpl$fleqf)
    __aeabi_fmul                             0x08007ff1   Thumb Code     0  fmul.o(x$fpl$fmul)
    _fmul                                    0x08007ff1   Thumb Code   258  fmul.o(x$fpl$fmul)
    __fpl_fnaninf                            0x080080f3   Thumb Code   140  fnaninf.o(x$fpl$fnaninf)
    __fpl_fretinf                            0x0800817f   Thumb Code    10  fretinf.o(x$fpl$fretinf)
    __aeabi_cfrcmple                         0x08008189   Thumb Code     0  frleqf.o(x$fpl$frleqf)
    _frcmple                                 0x08008189   Thumb Code    98  frleqf.o(x$fpl$frleqf)
    _frnd                                    0x080081ed   Thumb Code    96  frnd.o(x$fpl$frnd)
    __aeabi_frsub                            0x0800824d   Thumb Code     0  faddsub_clz.o(x$fpl$frsb)
    _frsb                                    0x0800824d   Thumb Code    20  faddsub_clz.o(x$fpl$frsb)
    _fsqrt                                   0x08008261   Thumb Code   272  fsqrt.o(x$fpl$fsqrt)
    __aeabi_fsub                             0x08008371   Thumb Code     0  faddsub_clz.o(x$fpl$fsub)
    _fsub                                    0x08008371   Thumb Code   234  faddsub_clz.o(x$fpl$fsub)
    __fpl_return_NaN                         0x0800845b   Thumb Code   100  retnan.o(x$fpl$retnan)
    __ARM_scalbnf                            0x080084bf   Thumb Code    76  scalbnf.o(x$fpl$scalbnf)
    __fpl_cmpreturn                          0x0800850b   Thumb Code    48  trapv.o(x$fpl$trapveneer)
    GPIO::mPin                               0x0800853a   Data          32  gpio.o(.constdata)
    __I$use$fp                               0x0800853a   Number         0  usenofp.o(x$fpl$usenofp)
    Region$$Table$$Base                      0x0800857c   Number         0  anon$$obj.o(Region$$Table)
    Region$$Table$$Limit                     0x0800859c   Number         0  anon$$obj.o(Region$$Table)
    SHT$$INIT_ARRAY$$Base                    0x0800859c   Number         0  taskmanager.o(.init_array)
    SHT$$INIT_ARRAY$$Limit                   0x080085a4   Number         0  init_aeabi.o(.init_array)
    ADC::_pin                                0x20000000   Data          20  adc.o(.data)
    pUSART1                                  0x20000024   Data           4  interrupt.o(.data)
    pUSART2                                  0x20000028   Data           4  interrupt.o(.data)
    pUSART3                                  0x2000002c   Data           4  interrupt.o(.data)
    pI2C2                                    0x20000030   Data           4  interrupt.o(.data)
    tskmgr                                   0x20000038   Data           1  taskmanager.o(.data)
    TaskManager::_new_time                   0x20000040   Data           8  taskmanager.o(.data)
    TaskManager::_old_time                   0x20000048   Data           8  taskmanager.o(.data)
    TaskManager::_it_time                    0x20000050   Data           8  taskmanager.o(.data)
    pressure                                 0x20000084   Data           1  main.o(.data)
    InfoStore                                0x20000088   Data           8  main.o(.data)
    Red                                      0x20000090   Data           8  main.o(.data)
    ADC::_enCh                               0x200000ac   Data          10  adc.o(.bss)
    ADC::_chMap                              0x200000b6   Data          10  adc.o(.bss)
    ADC::_adcValue                           0x200000c0   Data          20  adc.o(.bss)
    com                                      0x200000e0   Data         588  main.o(.bss)
    COM433                                   0x2000032c   Data          60  main.o(.bss)
    pwm4                                     0x20000368   Data          40  main.o(.bss)
    ledRedGPIO                               0x20000390   Data          12  main.o(.bss)
    ledYewGPIO                               0x2000039c   Data          12  main.o(.bss)
    i2c                                      0x200003a8   Data         904  main.o(.bss)
    control                                  0x20000730   Data         312  main.o(.bss)
    __libspace_start                         0x20000868   Data          96  libspace.o(.bss)
    __temporary_stack_top$libspace           0x200008c8   Data           0  libspace.o(.bss)



==============================================================================

Memory Map of the image

  Image Entry point : 0x080000ed

  Load Region LR_IROM1 (Base: 0x08000000, Size: 0x00008650, Max: 0x00010000, ABSOLUTE)

    Execution Region ER_IROM1 (Base: 0x08000000, Size: 0x000085a4, Max: 0x00010000, ABSOLUTE)

    Base Addr    Size         Type   Attr      Idx    E Section Name        Object

    0x08000000   0x000000ec   Data   RO         3963    RESET               startup_stm32f10x_md.o
    0x080000ec   0x00000008   Code   RO         4025  * !!!main             c_w.l(__main.o)
    0x080000f4   0x00000034   Code   RO         4513    !!!scatter          c_w.l(__scatter.o)
    0x08000128   0x0000001a   Code   RO         4515    !!handler_copy      c_w.l(__scatter_copy.o)
    0x08000142   0x00000002   PAD
    0x08000144   0x0000001c   Code   RO         4517    !!handler_zi        c_w.l(__scatter_zi.o)
    0x08000160   0x00000002   Code   RO         4451    .ARM.Collect$$libinit$$00000000  c_w.l(libinit.o)
    0x08000162   0x00000000   Code   RO         4221    .ARM.Collect$$libinit$$00000002  c_w.l(libinit2.o)
    0x08000162   0x00000000   Code   RO         4223    .ARM.Collect$$libinit$$00000004  c_w.l(libinit2.o)
    0x08000162   0x00000008   Code   RO         4224    .ARM.Collect$$libinit$$00000005  c_w.l(libinit2.o)
    0x0800016a   0x00000000   Code   RO         4226    .ARM.Collect$$libinit$$0000000A  c_w.l(libinit2.o)
    0x0800016a   0x00000000   Code   RO         4228    .ARM.Collect$$libinit$$0000000C  c_w.l(libinit2.o)
    0x0800016a   0x00000000   Code   RO         4230    .ARM.Collect$$libinit$$0000000E  c_w.l(libinit2.o)
    0x0800016a   0x00000000   Code   RO         4233    .ARM.Collect$$libinit$$00000011  c_w.l(libinit2.o)
    0x0800016a   0x00000000   Code   RO         4235    .ARM.Collect$$libinit$$00000013  c_w.l(libinit2.o)
    0x0800016a   0x00000000   Code   RO         4237    .ARM.Collect$$libinit$$00000015  c_w.l(libinit2.o)
    0x0800016a   0x00000000   Code   RO         4239    .ARM.Collect$$libinit$$00000017  c_w.l(libinit2.o)
    0x0800016a   0x00000000   Code   RO         4241    .ARM.Collect$$libinit$$00000019  c_w.l(libinit2.o)
    0x0800016a   0x00000000   Code   RO         4243    .ARM.Collect$$libinit$$0000001B  c_w.l(libinit2.o)
    0x0800016a   0x00000000   Code   RO         4245    .ARM.Collect$$libinit$$0000001D  c_w.l(libinit2.o)
    0x0800016a   0x00000000   Code   RO         4247    .ARM.Collect$$libinit$$0000001F  c_w.l(libinit2.o)
    0x0800016a   0x00000000   Code   RO         4249    .ARM.Collect$$libinit$$00000021  c_w.l(libinit2.o)
    0x0800016a   0x00000000   Code   RO         4251    .ARM.Collect$$libinit$$00000023  c_w.l(libinit2.o)
    0x0800016a   0x00000000   Code   RO         4253    .ARM.Collect$$libinit$$00000025  c_w.l(libinit2.o)
    0x0800016a   0x00000000   Code   RO         4257    .ARM.Collect$$libinit$$0000002C  c_w.l(libinit2.o)
    0x0800016a   0x00000000   Code   RO         4259    .ARM.Collect$$libinit$$0000002E  c_w.l(libinit2.o)
    0x0800016a   0x00000000   Code   RO         4261    .ARM.Collect$$libinit$$00000030  c_w.l(libinit2.o)
    0x0800016a   0x00000004   Code   RO         4262    .ARM.Collect$$libinit$$00000031  c_w.l(libinit2.o)
    0x0800016e   0x00000000   Code   RO         4263    .ARM.Collect$$libinit$$00000032  c_w.l(libinit2.o)
    0x0800016e   0x00000002   Code   RO         4264    .ARM.Collect$$libinit$$00000033  c_w.l(libinit2.o)
    0x08000170   0x00000002   Code   RO         4494    .ARM.Collect$$libshutdown$$00000000  c_w.l(libshutdown.o)
    0x08000172   0x00000006   Code   RO         4265    .ARM.Collect$$libshutdown$$00000001  c_w.l(libshutdown2.o)
    0x08000178   0x00000000   Code   RO         4267    .ARM.Collect$$libshutdown$$00000003  c_w.l(libshutdown2.o)
    0x08000178   0x00000000   Code   RO         4270    .ARM.Collect$$libshutdown$$00000006  c_w.l(libshutdown2.o)
    0x08000178   0x00000000   Code   RO         4273    .ARM.Collect$$libshutdown$$00000009  c_w.l(libshutdown2.o)
    0x08000178   0x00000000   Code   RO         4275    .ARM.Collect$$libshutdown$$0000000B  c_w.l(libshutdown2.o)
    0x08000178   0x00000000   Code   RO         4278    .ARM.Collect$$libshutdown$$0000000E  c_w.l(libshutdown2.o)
    0x08000178   0x00000002   Code   RO         4279    .ARM.Collect$$libshutdown$$0000000F  c_w.l(libshutdown2.o)
    0x0800017a   0x00000000   Code   RO         4156    .ARM.Collect$$rtentry$$00000000  c_w.l(__rtentry.o)
    0x0800017a   0x00000000   Code   RO         4357    .ARM.Collect$$rtentry$$00000002  c_w.l(__rtentry2.o)
    0x0800017a   0x00000006   Code   RO         4369    .ARM.Collect$$rtentry$$00000004  c_w.l(__rtentry4.o)
    0x08000180   0x00000000   Code   RO         4359    .ARM.Collect$$rtentry$$00000009  c_w.l(__rtentry2.o)
    0x08000180   0x00000004   Code   RO         4360    .ARM.Collect$$rtentry$$0000000A  c_w.l(__rtentry2.o)
    0x08000184   0x00000000   Code   RO         4362    .ARM.Collect$$rtentry$$0000000C  c_w.l(__rtentry2.o)
    0x08000184   0x00000008   Code   RO         4363    .ARM.Collect$$rtentry$$0000000D  c_w.l(__rtentry2.o)
    0x0800018c   0x00000002   Code   RO         4459    .ARM.Collect$$rtexit$$00000000  c_w.l(rtexit.o)
    0x0800018e   0x00000000   Code   RO         4474    .ARM.Collect$$rtexit$$00000002  c_w.l(rtexit2.o)
    0x0800018e   0x00000004   Code   RO         4475    .ARM.Collect$$rtexit$$00000003  c_w.l(rtexit2.o)
    0x08000192   0x00000006   Code   RO         4476    .ARM.Collect$$rtexit$$00000004  c_w.l(rtexit2.o)
    0x08000198   0x00000000   Code   RO         4427    .emb_text           c_w.l(maybetermalloc1.o)
    0x08000198   0x00000040   Code   RO         3964    .text               startup_stm32f10x_md.o
    0x080001d8   0x00000064   Code   RO         4019    .text               c_w.l(rt_memcpy_w.o)
    0x0800023c   0x0000004e   Code   RO         4021    .text               c_w.l(rt_memclr_w.o)
    0x0800028a   0x00000006   Code   RO         4023    .text               c_w.l(heapauxi.o)
    0x08000290   0x00000024   Code   RO         4030    .text               c_w.l(init_aeabi.o)
    0x080002b4   0x00000008   Code   RO         4160    .text               c_w.l(rt_ddtor_pointer_addr_intlibspace.o)
    0x080002bc   0x0000005e   Code   RO         4164    .text               c_w.l(h1_alloc.o)
    0x0800031a   0x00000016   Code   RO         4218    .text               c_w.l(_rserrno.o)
    0x08000330   0x00000008   Code   RO         4351    .text               c_w.l(libspace.o)
    0x08000338   0x00000008   Code   RO         4374    .text               c_w.l(rt_heap_descriptor_intlibspace.o)
    0x08000340   0x00000008   Code   RO         4379    .text               c_w.l(rt_errno_addr_intlibspace.o)
    0x08000348   0x00000004   Code   RO         4381    .text               c_w.l(hguard.o)
    0x0800034c   0x0000008a   Code   RO         4383    .text               c_w.l(init_alloc.o)
    0x080003d6   0x0000000e   Code   RO         4389    .text               c_w.l(h1_init.o)
    0x080003e4   0x0000004e   Code   RO         4391    .text               c_w.l(h1_free.o)
    0x08000432   0x0000004a   Code   RO         4423    .text               c_w.l(sys_stackheap_outer.o)
    0x0800047c   0x00000034   Code   RO         4429    .text               c_w.l(h1_extend.o)
    0x080004b0   0x0000000c   Code   RO         4433    .text               c_w.l(exit.o)
    0x080004bc   0x0000000e   Code   RO         4435    .text               c_w.l(defsig_rtmem_outer.o)
    0x080004ca   0x00000002   Code   RO         4456    .text               c_w.l(use_no_semi.o)
    0x080004cc   0x00000000   Code   RO         4458    .text               c_w.l(indicate_semi.o)
    0x080004cc   0x0000000a   Code   RO         4465    .text               c_w.l(defsig_exit.o)
    0x080004d6   0x00000002   PAD
    0x080004d8   0x00000050   Code   RO         4467    .text               c_w.l(defsig_rtmem_inner.o)
    0x08000528   0x0000000c   Code   RO         4471    .text               c_w.l(sys_exit.o)
    0x08000534   0x00000032   Code   RO         4486    .text               c_w.l(defsig_general.o)
    0x08000566   0x0000000e   Code   RO         4488    .text               c_w.l(sys_wrch.o)
    0x08000574   0x00000016   Code   RO         2046    i.ADC_Cmd           stm32f10x_adc.o
    0x0800058a   0x00000016   Code   RO         2047    i.ADC_DMACmd        stm32f10x_adc.o
    0x080005a0   0x00000014   Code   RO         2054    i.ADC_GetCalibrationStatus  stm32f10x_adc.o
    0x080005b4   0x00000014   Code   RO         2060    i.ADC_GetResetCalibrationStatus  stm32f10x_adc.o
    0x080005c8   0x00000050   Code   RO         2064    i.ADC_Init          stm32f10x_adc.o
    0x08000618   0x000000b8   Code   RO         2068    i.ADC_RegularChannelConfig  stm32f10x_adc.o
    0x080006d0   0x0000000a   Code   RO         2069    i.ADC_ResetCalibration  stm32f10x_adc.o
    0x080006da   0x00000016   Code   RO         2071    i.ADC_SoftwareStartConvCmd  stm32f10x_adc.o
    0x080006f0   0x0000000a   Code   RO         2073    i.ADC_StartCalibration  stm32f10x_adc.o
    0x080006fa   0x00000002   PAD
    0x080006fc   0x00000018   Code   RO          898    i.DMA1_Channel2_IRQHandler  interrupt.o
    0x08000714   0x00000028   Code   RO          899    i.DMA1_Channel4_IRQHandler  interrupt.o
    0x0800073c   0x00000018   Code   RO          900    i.DMA1_Channel5_IRQHandler  interrupt.o
    0x08000754   0x00000002   Code   RO          901    i.DMA1_Channel6_IRQHandler  interrupt.o
    0x08000756   0x00000002   PAD
    0x08000758   0x00000018   Code   RO          902    i.DMA1_Channel7_IRQHandler  interrupt.o
    0x08000770   0x0000001c   Code   RO         2274    i.DMA_ClearFlag     stm32f10x_dma.o
    0x0800078c   0x0000001c   Code   RO         2275    i.DMA_ClearITPendingBit  stm32f10x_dma.o
    0x080007a8   0x00000018   Code   RO         2276    i.DMA_Cmd           stm32f10x_dma.o
    0x080007c0   0x0000014c   Code   RO         2277    i.DMA_DeInit        stm32f10x_dma.o
    0x0800090c   0x00000008   Code   RO         2278    i.DMA_GetCurrDataCounter  stm32f10x_dma.o
    0x08000914   0x0000002c   Code   RO         2279    i.DMA_GetFlagStatus  stm32f10x_dma.o
    0x08000940   0x0000003c   Code   RO         2282    i.DMA_Init          stm32f10x_dma.o
    0x0800097c   0x0000000a   Code   RO          903    i.EXTI0_IRQHandler  interrupt.o
    0x08000986   0x00000070   Code   RO          904    i.EXTI15_10_IRQHandler  interrupt.o
    0x080009f6   0x0000000a   Code   RO          905    i.EXTI1_IRQHandler  interrupt.o
    0x08000a00   0x0000000a   Code   RO          906    i.EXTI2_IRQHandler  interrupt.o
    0x08000a0a   0x0000000a   Code   RO          907    i.EXTI3_IRQHandler  interrupt.o
    0x08000a14   0x0000000a   Code   RO          908    i.EXTI4_IRQHandler  interrupt.o
    0x08000a1e   0x00000052   Code   RO          909    i.EXTI9_5_IRQHandler  interrupt.o
    0x08000a70   0x0000000c   Code   RO         2359    i.EXTI_ClearITPendingBit  stm32f10x_exti.o
    0x08000a7c   0x00000028   Code   RO         2363    i.EXTI_GetITStatus  stm32f10x_exti.o
    0x08000aa4   0x0000000c   Code   RO         2424    i.FLASH_ClearFlag   stm32f10x_flash.o
    0x08000ab0   0x0000004c   Code   RO         2429    i.FLASH_ErasePage   stm32f10x_flash.o
    0x08000afc   0x00000034   Code   RO         2430    i.FLASH_GetBank1Status  stm32f10x_flash.o
    0x08000b30   0x00000014   Code   RO         2439    i.FLASH_Lock        stm32f10x_flash.o
    0x08000b44   0x00000040   Code   RO         2442    i.FLASH_ProgramHalfWord  stm32f10x_flash.o
    0x08000b84   0x00000018   Code   RO         2447    i.FLASH_Unlock      stm32f10x_flash.o
    0x08000b9c   0x00000026   Code   RO         2451    i.FLASH_WaitForLastOperation  stm32f10x_flash.o
    0x08000bc2   0x00000116   Code   RO         2616    i.GPIO_Init         stm32f10x_gpio.o
    0x08000cd8   0x00000090   Code   RO         2618    i.GPIO_PinRemapConfig  stm32f10x_gpio.o
    0x08000d68   0x00000012   Code   RO         2620    i.GPIO_ReadInputDataBit  stm32f10x_gpio.o
    0x08000d7a   0x00000004   Code   RO         2623    i.GPIO_ResetBits    stm32f10x_gpio.o
    0x08000d7e   0x00000004   Code   RO         2624    i.GPIO_SetBits      stm32f10x_gpio.o
    0x08000d82   0x00000002   Code   RO          910    i.I2C1_ER_IRQHandler  interrupt.o
    0x08000d84   0x00000002   Code   RO          911    i.I2C1_EV_IRQHandler  interrupt.o
    0x08000d86   0x00000002   PAD
    0x08000d88   0x00000010   Code   RO          912    i.I2C2_ER_IRQHandler  interrupt.o
    0x08000d98   0x00000010   Code   RO          913    i.I2C2_EV_IRQHandler  interrupt.o
    0x08000da8   0x00000018   Code   RO         2737    i.I2C_AcknowledgeConfig  stm32f10x_i2c.o
    0x08000dc0   0x00000018   Code   RO         2749    i.I2C_GenerateSTART  stm32f10x_i2c.o
    0x08000dd8   0x00000018   Code   RO         2750    i.I2C_GenerateSTOP  stm32f10x_i2c.o
    0x08000df0   0x0000003a   Code   RO         2751    i.I2C_GetFlagStatus  stm32f10x_i2c.o
    0x08000e2a   0x0000001a   Code   RO         2753    i.I2C_GetLastEvent  stm32f10x_i2c.o
    0x08000e44   0x000000ec   Code   RO         2756    i.I2C_Init          stm32f10x_i2c.o
    0x08000f30   0x00000008   Code   RO         2761    i.I2C_ReceiveData   stm32f10x_i2c.o
    0x08000f38   0x00000012   Code   RO         2763    i.I2C_Send7bitAddress  stm32f10x_i2c.o
    0x08000f4a   0x00000004   Code   RO         2764    i.I2C_SendData      stm32f10x_i2c.o
    0x08000f4e   0x00000002   PAD
    0x08000f50   0x00000070   Code   RO         1935    i.NVIC_Init         misc.o
    0x08000fc0   0x00000014   Code   RO         1936    i.NVIC_PriorityGroupConfig  misc.o
    0x08000fd4   0x00000018   Code   RO         2952    i.RCC_ADCCLKConfig  stm32f10x_rcc.o
    0x08000fec   0x00000020   Code   RO         2953    i.RCC_AHBPeriphClockCmd  stm32f10x_rcc.o
    0x0800100c   0x00000020   Code   RO         2954    i.RCC_APB1PeriphClockCmd  stm32f10x_rcc.o
    0x0800102c   0x00000020   Code   RO         2955    i.RCC_APB1PeriphResetCmd  stm32f10x_rcc.o
    0x0800104c   0x00000020   Code   RO         2956    i.RCC_APB2PeriphClockCmd  stm32f10x_rcc.o
    0x0800106c   0x000000d4   Code   RO         2964    i.RCC_GetClocksFreq  stm32f10x_rcc.o
    0x08001140   0x00000008   Code   RO         3971    i.SetSysClock       system_stm32f10x.o
    0x08001148   0x000000e0   Code   RO         3972    i.SetSysClockTo72   system_stm32f10x.o
    0x08001228   0x00000020   Code   RO         1083    i.SysTick_Handler   taskmanager.o
    0x08001248   0x00000060   Code   RO         3974    i.SystemInit        system_stm32f10x.o
    0x080012a8   0x00000002   Code   RO          914    i.TIM1_UP_IRQHandler  interrupt.o
    0x080012aa   0x00000002   Code   RO          915    i.TIM2_IRQHandler   interrupt.o
    0x080012ac   0x00000002   Code   RO          916    i.TIM3_IRQHandler   interrupt.o
    0x080012ae   0x00000002   Code   RO          917    i.TIM4_IRQHandler   interrupt.o
    0x080012b0   0x00000018   Code   RO         3180    i.TIM_Cmd           stm32f10x_tim.o
    0x080012c8   0x00000098   Code   RO         3209    i.TIM_OC1Init       stm32f10x_tim.o
    0x08001360   0x00000012   Code   RO         3212    i.TIM_OC1PreloadConfig  stm32f10x_tim.o
    0x08001372   0x00000002   PAD
    0x08001374   0x000000a4   Code   RO         3214    i.TIM_OC2Init       stm32f10x_tim.o
    0x08001418   0x0000001a   Code   RO         3217    i.TIM_OC2PreloadConfig  stm32f10x_tim.o
    0x08001432   0x00000002   PAD
    0x08001434   0x000000a0   Code   RO         3219    i.TIM_OC3Init       stm32f10x_tim.o
    0x080014d4   0x00000012   Code   RO         3222    i.TIM_OC3PreloadConfig  stm32f10x_tim.o
    0x080014e6   0x00000002   PAD
    0x080014e8   0x0000007c   Code   RO         3224    i.TIM_OC4Init       stm32f10x_tim.o
    0x08001564   0x0000001a   Code   RO         3226    i.TIM_OC4PreloadConfig  stm32f10x_tim.o
    0x0800157e   0x00000002   PAD
    0x08001580   0x000000a4   Code   RO         3251    i.TIM_TimeBaseInit  stm32f10x_tim.o
    0x08001624   0x00000010   Code   RO          918    i.USART1_IRQHandler  interrupt.o
    0x08001634   0x00000010   Code   RO          919    i.USART2_IRQHandler  interrupt.o
    0x08001644   0x00000010   Code   RO          920    i.USART3_IRQHandler  interrupt.o
    0x08001654   0x0000001e   Code   RO         3725    i.USART_ClearITPendingBit  stm32f10x_usart.o
    0x08001672   0x00000018   Code   RO         3728    i.USART_Cmd         stm32f10x_usart.o
    0x0800168a   0x00000012   Code   RO         3729    i.USART_DMACmd      stm32f10x_usart.o
    0x0800169c   0x0000001a   Code   RO         3731    i.USART_GetFlagStatus  stm32f10x_usart.o
    0x080016b6   0x00000054   Code   RO         3732    i.USART_GetITStatus  stm32f10x_usart.o
    0x0800170a   0x0000004a   Code   RO         3734    i.USART_ITConfig    stm32f10x_usart.o
    0x08001754   0x000000d8   Code   RO         3735    i.USART_Init        stm32f10x_usart.o
    0x0800182c   0x0000000a   Code   RO         3742    i.USART_ReceiveData  stm32f10x_usart.o
    0x08001836   0x00000008   Code   RO         3745    i.USART_SendData    stm32f10x_usart.o
    0x0800183e   0x00000002   PAD
    0x08001840   0x00000090   Code   RO         1084    i._ZN11TaskManager4TimeEv  taskmanager.o
    0x080018d0   0x00000036   Code   RO         1085    i._ZN11TaskManager6DelaySEt  taskmanager.o
    0x08001906   0x00000002   PAD
    0x08001908   0x00000044   Code   RO         1086    i._ZN11TaskManager7DelayMsEt  taskmanager.o
    0x0800194c   0x0000003e   Code   RO         1088    i._ZN11TaskManager9TimeSliceERdd  taskmanager.o
    0x0800198a   0x00000002   PAD
    0x0800198c   0x00000024   Code   RO         1089    i._ZN11TaskManagerC1Ev  taskmanager.o
    0x080019b0   0x00000022   Code   RO         1648    i._ZN13Communication11CalibrationEPhih  communication.o
    0x080019d2   0x00000002   PAD
    0x080019d4   0x00000388   Code   RO         1650    i._ZN13Communication13DataListeningEv  communication.o
    0x08001d5c   0x0000014c   Code   RO         1651    i._ZN13Communication15SendCopterStateEfffihh  communication.o
    0x08001ea8   0x00000188   Code   RO         1653    i._ZN13Communication22SendSensorOriginalDataE7Vector3IiES1_S1_  communication.o
    0x08002030   0x0000004e   Code   RO         1654    i._ZN13Communication5replyEhh  communication.o
    0x0800207e   0x00000002   PAD
    0x08002080   0x0000020c   Code   RO         1655    i._ZN13Communication7SendPIDEfffffffff  communication.o
    0x0800228c   0x00000020   Code   RO         1656    i._ZN13CommunicationC1ER5USART  communication.o
    0x080022ac   0x00000246   Code   RO         1720    i._ZN19AttitudeCalculation20NonlinearSO3AHRSinitEffffff  attitude.o
    0x080024f2   0x00000002   PAD
    0x080024f4   0x00000984   Code   RO         1721    i._ZN19AttitudeCalculation22NonlinearSO3AHRSupdateEffffffffffff  attitude.o
    0x08002e78   0x0000019c   Code   RO         1722    i._ZN19AttitudeCalculation8GetAngleE7Vector3IiES0_IfES1_f  attitude.o
    0x08003014   0x000000d4   Code   RO            4    i._ZN3ADC9Voltage_IEhfff  adc.o
    0x080030e8   0x00000228   Code   RO            5    i._ZN3ADCC1Ehhhhhhhhhh  adc.o
    0x08003310   0x0000004c   Code   RO            6    i._ZN3ADCixEh       adc.o
    0x0800335c   0x000000de   Code   RO          410    i._ZN3I2C10AddCommandEhhPhhS0_hbP6Sensor  i2c.o
    0x0800343a   0x0000001a   Code   RO          411    i._ZN3I2C10Soft_ResetEv  i2c.o
    0x08003454   0x0000005c   Code   RO          412    i._ZN3I2C11I2CGPIOInitEtt  i2c.o
    0x080034b0   0x0000000e   Code   RO          413    i._ZN3I2C12ClearCommandEv  i2c.o
    0x080034be   0x00000002   PAD
    0x080034c0   0x00000018   Code   RO          414    i._ZN3I2C12GetI2CNumberEv  i2c.o
    0x080034d8   0x00000034   Code   RO          415    i._ZN3I2C13I2CGPIODeInitEtt  i2c.o
    0x0800350c   0x000000aa   Code   RO          416    i._ZN3I2C13StartCMDQueueEv  i2c.o
    0x080035b6   0x00000002   PAD
    0x080035b8   0x000000c4   Code   RO          417    i._ZN3I2C18I2C_CHACK_BUSY_FIXEjtt  i2c.o
    0x0800367c   0x00000098   Code   RO          418    i._ZN3I2C20WaitTransmitCompleteEbbb  i2c.o
    0x08003714   0x00000200   Code   RO          419    i._ZN3I2C4InitEv    i2c.o
    0x08003914   0x0000000e   Code   RO          422    i._ZN3I2C7DelayUsEj  i2c.o
    0x08003922   0x00000002   PAD
    0x08003924   0x0000006c   Code   RO          423    i._ZN3I2C8DmaRxIRQEv  i2c.o
    0x08003990   0x00000014   Code   RO          424    i._ZN3I2C8DmaTxIRQEv  i2c.o
    0x080039a4   0x000000b8   Code   RO          425    i._ZN3I2C8ErrorIRQEv  i2c.o
    0x08003a5c   0x00000458   Code   RO          426    i._ZN3I2C8EventIRQEv  i2c.o
    0x08003eb4   0x00000010   Code   RO          427    i._ZN3I2C8IsHealthEv  i2c.o
    0x08003ec4   0x00000024   Code   RO          428    i._ZN3I2C8IsSendOkEv  i2c.o
    0x08003ee8   0x00000114   Code   RO          429    i._ZN3I2CC1Ehbjhhhhhhhh  i2c.o
    0x08003ffc   0x0000001a   Code   RO         1841    i._ZN3IMU12MagCalibrateEd  imu.o
    0x08004016   0x0000000e   Code   RO         1842    i._ZN3IMU13GyroCalibrateEv  imu.o
    0x08004024   0x0000000c   Code   RO         1844    i._ZN3IMU16GyroIsCalibratedEv  imu.o
    0x08004030   0x000000bc   Code   RO         1846    i._ZN3IMU4initEv    imu.o
    0x080040ec   0x00000110   Code   RO         1847    i._ZN3IMU9UpdateIMUEv  imu.o
    0x080041fc   0x00000064   Code   RO         1848    i._ZN3IMUC1ER7mpu6050R8HMC5883L  imu.o
    0x08004260   0x0000000e   Code   RO         1154    i._ZN3LED2OnEv      led.o
    0x0800426e   0x00000012   Code   RO         1155    i._ZN3LED3OffEv     led.o
    0x08004280   0x000000a8   Code   RO         1156    i._ZN3LED5BlinkEtfb  led.o
    0x08004328   0x00000020   Code   RO         1159    i._ZN3LED6ToggleEv  led.o
    0x08004348   0x00000020   Code   RO         1160    i._ZN3LEDC1ER4GPIOb  led.o
    0x08004368   0x00000230   Code   RO          599    i._ZN3PWM10InitializeEP11TIM_TypeDefbbbbt  pwm.o
    0x08004598   0x000000ac   Code   RO          600    i._ZN3PWM7SetDutyEffff  pwm.o
    0x08004644   0x0000002a   Code   RO          602    i._ZN3PWMC1EP11TIM_TypeDefbbbbt  pwm.o
    0x0800466e   0x00000002   PAD
    0x08004670   0x000000a0   Code   RO          355    i._ZN4GPIO17RCC_ConfigurationEv  gpio.o
    0x08004710   0x00000020   Code   RO          357    i._ZN4GPIO8GetLevelEv  gpio.o
    0x08004730   0x00000030   Code   RO          358    i._ZN4GPIO8SetLevelEh  gpio.o
    0x08004760   0x00000044   Code   RO          359    i._ZN4GPIOC1EP12GPIO_TypeDeft16GPIOMode_TypeDef17GPIOSpeed_TypeDef  gpio.o
    0x080047a4   0x00000020   Code   RO          239    i._ZN5Delay2UsEj    delay.o
    0x080047c4   0x00000028   Code   RO          707    i._ZN5USART15GetReceivedDataEPht  usart.o
    0x080047ec   0x0000000e   Code   RO          708    i._ZN5USART17ReceiveBufferSizeEv  usart.o
    0x080047fa   0x00000002   PAD
    0x080047fc   0x000000d8   Code   RO          710    i._ZN5USART3IrqEv   usart.o
    0x080048d4   0x00000088   Code   RO          711    i._ZN5USART6DmaIrqEv  usart.o
    0x0800495c   0x000000d8   Code   RO          716    i._ZN5USART8SendDataEPhj  usart.o
    0x08004a34   0x000003bc   Code   RO          717    i._ZN5USARTC1Ehjbhhhhhttt  usart.o
    0x08004df0   0x00000002   Code   RO          718    i._ZN5USARTD1Ev     usart.o
    0x08004df2   0x00000024   Code   RO          719    i._ZN5USARTlsEPKc   usart.o
    0x08004e16   0x0000005e   Code   RO          722    i._ZN5USARTlsEi     usart.o
    0x08004e74   0x00000090   Code   RO          273    i._ZN5flash4ReadEtt  flash.o
    0x08004f04   0x0000008c   Code   RO          281    i._ZN5flash5WriteEttf  flash.o
    0x08004f90   0x00000016   Code   RO          282    i._ZN5flashC1Ejb    flash.o
    0x08004fa6   0x0000002c   Code   RO          543    i._ZN6Sensor7UpdatedEv  i2c.o
    0x08004fd2   0x00000014   Code   RO         1564    i._ZN7Control10GetPID_PITEv  main.o
    0x08004fe6   0x00000014   Code   RO         1558    i._ZN7Control10GetPID_ROLEv  main.o
    0x08004ffa   0x00000014   Code   RO         1552    i._ZN7Control10GetPID_YAWEv  main.o
    0x0800500e   0x00000002   PAD
    0x08005010   0x000002f0   Code   RO         1784    i._ZN7Control10PIDControlE7Vector3IfES1_tttt  control.o
    0x08005300   0x00000024   Code   RO         1788    i._ZN7ControlC1ER3PWM  control.o
    0x08005324   0x00000094   Code   RO         1218    i._ZN7mpu605010BypassModeEb  mpu6050.o
    0x080053b8   0x0000006c   Code   RO         1220    i._ZN7mpu605012GetGyrDegreeEv  mpu6050.o
    0x08005424   0x00000018   Code   RO         1222    i._ZN7mpu605017GetUpdateIntervalEv  mpu6050.o
    0x0800543c   0x00000008   Code   RO         1223    i._ZN7mpu605017IsGyroCalibratingEv  mpu6050.o
    0x08005444   0x00000008   Code   RO         1225    i._ZN7mpu605018StartGyroCalibrateEv  mpu6050.o
    0x0800544c   0x0000010c   Code   RO         1228    i._ZN7mpu60504InitEb  mpu6050.o
    0x08005558   0x0000006c   Code   RO         1230    i._ZN7mpu60506GetGyrEv  mpu6050.o
    0x080055c4   0x000002a0   Code   RO         1231    i._ZN7mpu60506UpdateEbP7Vector3IiES2_  mpu6050.o
    0x08005864   0x00000046   Code   RO         1232    i._ZN7mpu60509GetAccRawEv  mpu6050.o
    0x080058aa   0x0000000e   Code   RO         1233    i._ZN7mpu60509GetGyrRawEv  mpu6050.o
    0x080058b8   0x00000036   Code   RO         1234    i._ZN7mpu60509GetHealthEv  mpu6050.o
    0x080058ee   0x00000040   Code   RO         1235    i._ZN7mpu6050C1ER3I2Ct  mpu6050.o
    0x0800592e   0x0000009e   Code   RO         1403    i._ZN8HMC5883L10GetDataRawEv  hmc5883l.o
    0x080059cc   0x00000098   Code   RO         1406    i._ZN8HMC5883L14TestConnectionEb  hmc5883l.o
    0x08005a64   0x00000046   Code   RO         1408    i._ZN8HMC5883L21GetNoCalibrateDataRawEv  hmc5883l.o
    0x08005aaa   0x00000018   Code   RO         1410    i._ZN8HMC5883L21SetCalibrateRatioBiasEffffff  hmc5883l.o
    0x08005ac2   0x000000a0   Code   RO         1411    i._ZN8HMC5883L4InitEb  hmc5883l.o
    0x08005b62   0x00000002   PAD
    0x08005b64   0x000000c8   Code   RO         1413    i._ZN8HMC5883L6UpdateEbP7Vector3IiE  hmc5883l.o
    0x08005c2c   0x00000014   Code   RO         1415    i._ZN8HMC5883L8IsLockedEv  hmc5883l.o
    0x08005c40   0x000003a0   Code   RO         1416    i._ZN8HMC5883L9CalibrateEd  hmc5883l.o
    0x08005fe0   0x0000001c   Code   RO         1418    i._ZN8HMC5883LC1ER3I2C  hmc5883l.o
    0x08005ffc   0x0000000c   Code   RO         1759    i._ZSt4asinf        attitude.o
    0x08006008   0x0000000c   Code   RO         1753    i._ZSt4sqrtf        attitude.o
    0x08006014   0x00000010   Code   RO         1747    i._ZSt5atan2ff      attitude.o
    0x08006024   0x00000026   Code   RO         4331    i.__ARM_fpclassifyf  m_ws.l(fpclassifyf.o)
    0x0800604a   0x00000032   Code   RO         4039    i.__aeabi_atexit    cpprt_w.l(aeabi_atexit.o)
    0x0800607c   0x00000042   Code   RO         4283    i.__cxa_finalize    cpprt_w.l(cxa_finalize.o)
    0x080060be   0x00000010   Code   RO         4033    i.__cxa_guard_acquire  cpprt_w.l(cxa_guard_acquire.o)
    0x080060ce   0x00000006   Code   RO         4334    i.__mathlib_flt_infnan  m_ws.l(funder.o)
    0x080060d4   0x00000004   Code   RO         4335    i.__mathlib_flt_infnan2  m_ws.l(funder.o)
    0x080060d8   0x00000008   Code   RO         4336    i.__mathlib_flt_invalid  m_ws.l(funder.o)
    0x080060e0   0x0000000a   Code   RO         4339    i.__mathlib_flt_underflow  m_ws.l(funder.o)
    0x080060ea   0x00000002   PAD
    0x080060ec   0x00000168   Code   RO         4348    i.__mathlib_rredf2  m_ws.l(rredf.o)
    0x08006254   0x00000010   Code   RO         1090    i.__sti___15_TaskManager_cpp_tskmgr  taskmanager.o
    0x08006264   0x00000114   Code   RO         1525    i.__sti___8_Main_cpp_com  main.o
    0x08006378   0x00000124   Code   RO         4109    i.asinf             m_ws.l(asinf.o)
    0x0800649c   0x0000025c   Code   RO         4125    i.atan2f            m_ws.l(atan2f.o)
    0x080066f8   0x0000017c   Code   RO         4133    i.cosf              m_ws.l(cosf.o)
    0x08006874   0x000004ec   Code   RO         1526    i.main              main.o
    0x08006d60   0x00000188   Code   RO         4141    i.sinf              m_ws.l(sinf.o)
    0x08006ee8   0x0000002c   Code   RO         4149    i.sqrtf             m_ws.l(sqrtf.o)
    0x08006f14   0x00000042   Code   RO          561    t._ZN10FIFOBufferI18I2C_Command_StructLt40EE3GetERS0_  i2c.o
    0x08006f56   0x0000004e   Code   RO          555    t._ZN10FIFOBufferI18I2C_Command_StructLt40EE3PutERKS0_  i2c.o
    0x08006fa4   0x0000001a   Code   RO          567    t._ZN10FIFOBufferI18I2C_Command_StructLt40EE4SizeEv  i2c.o
    0x08006fbe   0x0000000c   Code   RO          573    t._ZN10FIFOBufferI18I2C_Command_StructLt40EE5ClearEv  i2c.o
    0x08006fca   0x0000000c   Code   RO          549    t._ZN10FIFOBufferI18I2C_Command_StructLt40EEC1Ev  i2c.o
    0x08006fd6   0x00000034   Code   RO          859    t._ZN10FIFOBufferIhLt256EE3GetERh  usart.o
    0x0800700a   0x00000044   Code   RO          853    t._ZN10FIFOBufferIhLt256EE3PutERKh  usart.o
    0x0800704e   0x00000044   Code   RO          877    t._ZN10FIFOBufferIhLt256EE4GetsEPht  usart.o
    0x08007092   0x00000052   Code   RO          865    t._ZN10FIFOBufferIhLt256EE4PutsEPht  usart.o
    0x080070e4   0x0000001c   Code   RO          871    t._ZN10FIFOBufferIhLt256EE4SizeEv  usart.o
    0x08007100   0x0000000c   Code   RO          847    t._ZN10FIFOBufferIhLt256EEC1Ev  usart.o
    0x0800710c   0x0000000a   Code   RO         1358    t._ZN7Vector3IfEC1Ev  mpu6050.o
    0x08007116   0x0000000a   Code   RO         1352    t._ZN7Vector3IiEC1Ev  mpu6050.o
    0x08007120   0x0000000e   Code   RO         1346    t._ZN7Vector3IiEaSERKS0_  mpu6050.o
    0x0800712e   0x00000002   PAD
    0x08007130   0x00000062   Code   RO         4042    x$fpl$d2f           fz_ws.l(d2f.o)
    0x08007192   0x00000002   PAD
    0x08007194   0x00000150   Code   RO         4044    x$fpl$dadd          fz_ws.l(daddsub_clz.o)
    0x080072e4   0x00000018   Code   RO         4286    x$fpl$dcmpinf       fz_ws.l(dcmpi.o)
    0x080072fc   0x000002b0   Code   RO         4051    x$fpl$ddiv          fz_ws.l(ddiv.o)
    0x080075ac   0x00000078   Code   RO         4054    x$fpl$deqf          fz_ws.l(deqf.o)
    0x08007624   0x0000005e   Code   RO         4056    x$fpl$dfix          fz_ws.l(dfix.o)
    0x08007682   0x0000002e   Code   RO         4065    x$fpl$dflt          fz_ws.l(dflt_clz.o)
    0x080076b0   0x00000026   Code   RO         4064    x$fpl$dfltu         fz_ws.l(dflt_clz.o)
    0x080076d6   0x00000002   PAD
    0x080076d8   0x00000078   Code   RO         4070    x$fpl$dleqf         fz_ws.l(dleqf.o)
    0x08007750   0x00000154   Code   RO         4072    x$fpl$dmul          fz_ws.l(dmul.o)
    0x080078a4   0x0000009c   Code   RO         4288    x$fpl$dnaninf       fz_ws.l(dnaninf.o)
    0x08007940   0x0000000c   Code   RO         4290    x$fpl$dretinf       fz_ws.l(dretinf.o)
    0x0800794c   0x0000006c   Code   RO         4074    x$fpl$drleqf        fz_ws.l(drleqf.o)
    0x080079b8   0x000001d4   Code   RO         4046    x$fpl$dsub          fz_ws.l(daddsub_clz.o)
    0x08007b8c   0x00000056   Code   RO         4076    x$fpl$f2d           fz_ws.l(f2d.o)
    0x08007be2   0x00000002   PAD
    0x08007be4   0x000000c4   Code   RO         4078    x$fpl$fadd          fz_ws.l(faddsub_clz.o)
    0x08007ca8   0x0000000c   Code   RO         4411    x$fpl$fcheck1       fz_ws.l(fcheck1.o)
    0x08007cb4   0x00000018   Code   RO         4292    x$fpl$fcmpinf       fz_ws.l(fcmpi.o)
    0x08007ccc   0x00000184   Code   RO         4085    x$fpl$fdiv          fz_ws.l(fdiv.o)
    0x08007e50   0x00000068   Code   RO         4088    x$fpl$feqf          fz_ws.l(feqf.o)
    0x08007eb8   0x00000036   Code   RO         4090    x$fpl$ffix          fz_ws.l(ffix.o)
    0x08007eee   0x00000002   PAD
    0x08007ef0   0x0000003e   Code   RO         4094    x$fpl$ffixu         fz_ws.l(ffixu.o)
    0x08007f2e   0x00000002   PAD
    0x08007f30   0x00000030   Code   RO         4099    x$fpl$fflt          fz_ws.l(fflt_clz.o)
    0x08007f60   0x00000026   Code   RO         4098    x$fpl$ffltu         fz_ws.l(fflt_clz.o)
    0x08007f86   0x00000002   PAD
    0x08007f88   0x00000068   Code   RO         4294    x$fpl$fleqf         fz_ws.l(fleqf.o)
    0x08007ff0   0x00000102   Code   RO         4104    x$fpl$fmul          fz_ws.l(fmul.o)
    0x080080f2   0x0000008c   Code   RO         4296    x$fpl$fnaninf       fz_ws.l(fnaninf.o)
    0x0800817e   0x0000000a   Code   RO         4298    x$fpl$fretinf       fz_ws.l(fretinf.o)
    0x08008188   0x00000062   Code   RO         4106    x$fpl$frleqf        fz_ws.l(frleqf.o)
    0x080081ea   0x00000002   PAD
    0x080081ec   0x00000060   Code   RO         4300    x$fpl$frnd          fz_ws.l(frnd.o)
    0x0800824c   0x00000014   Code   RO         4079    x$fpl$frsb          fz_ws.l(faddsub_clz.o)
    0x08008260   0x00000110   Code   RO         4302    x$fpl$fsqrt         fz_ws.l(fsqrt.o)
    0x08008370   0x000000ea   Code   RO         4080    x$fpl$fsub          fz_ws.l(faddsub_clz.o)
    0x0800845a   0x00000064   Code   RO         4454    x$fpl$retnan        fz_ws.l(retnan.o)
    0x080084be   0x0000004c   Code   RO         4304    x$fpl$scalbnf       fz_ws.l(scalbnf.o)
    0x0800850a   0x00000030   Code   RO         4469    x$fpl$trapveneer    fz_ws.l(trapv.o)
    0x0800853a   0x00000000   Code   RO         4306    x$fpl$usenofp       fz_ws.l(usenofp.o)
    0x0800853a   0x00000020   Data   RO          366    .constdata          gpio.o
    0x0800855a   0x00000002   PAD
    0x0800855c   0x00000020   Data   RO         4349    .constdata          m_ws.l(rredf.o)
    0x0800857c   0x00000020   Data   RO         4511    Region$$Table       anon$$obj.o
    0x0800859c   0x00000004   Data   RO         1100    .init_array         taskmanager.o
    0x080085a0   0x00000004   Data   RO         1531    .init_array         main.o
    0x080085a4   0x00000000   Data   RO         4028    .init_array         c_w.l(init_aeabi.o)


    Execution Region RW_IRAM1 (Base: 0x20000000, Size: 0x00000ec8, Max: 0x00005000, ABSOLUTE)

    Base Addr    Size         Type   Attr      Idx    E Section Name        Object

    0x20000000   0x0000001c   Data   RW           11    .data               adc.o
    0x2000001c   0x00000005   Data   RW          450    .data               i2c.o
    0x20000021   0x00000003   Data   RW          745    .data               usart.o
    0x20000024   0x00000010   Data   RW          944    .data               interrupt.o
    0x20000034   0x00000004   PAD
    0x20000038   0x00000020   Data   RW         1099    .data               taskmanager.o
    0x20000058   0x00000010   Data   RW         1168    .data               led.o
    0x20000068   0x0000001a   Data   RW         1257    .data               mpu6050.o
    0x20000082   0x00000001   Data   RW         1435    .data               hmc5883l.o
    0x20000083   0x00000001   PAD
    0x20000084   0x00000014   Data   RW         1530    .data               main.o
    0x20000098   0x00000014   Data   RW         2984    .data               stm32f10x_rcc.o
    0x200000ac   0x00000028   Zero   RW           10    .bss                adc.o
    0x200000d4   0x0000000c   Zero   RW         1256    .bss                mpu6050.o
    0x200000e0   0x00000788   Zero   RW         1529    .bss                main.o
    0x20000868   0x00000060   Zero   RW         4352    .bss                c_w.l(libspace.o)
    0x200008c8   0x00000200   Zero   RW         3962    HEAP                startup_stm32f10x_md.o
    0x20000ac8   0x00000400   Zero   RW         3961    STACK               startup_stm32f10x_md.o


==============================================================================

Image component sizes


      Code (inc. data)   RO Data    RW Data    ZI Data      Debug   Object Name

       840         72          0         28         40     273944   adc.o
      3470         26          0          0          0       6030   attitude.o
      2296         14          0          0          0       7732   communication.o
       788         32          0          0          0       3292   control.o
        32          0          0          0          0        528   delay.o
       306          8          0          0          0       3416   flash.o
       308         44         32          0          0       2912   gpio.o
      1740         68          0          1          0      10324   hmc5883l.o
      3464        116          0          5          0      20488   i2c.o
       612        128          0          0          0      17540   imu.o
         0          0          0          0          0       7633   inputcapture_exit.o
       450         46          0         16          0      12621   interrupt.o
       264          8          0         16          0       3944   led.o
      1596        246          4         20       1928      17886   main.o
       132         22          0          0          0     287187   misc.o
      1580         44          0         26         12      20092   mpu6050.o
       774         32          0          0          0       4104   pwm.o
        64         26        236          0       1536        836   startup_stm32f10x_md.o
       390         10          0          0          0       7633   stm32f10x_adc.o
       524         36          0          0          0       5843   stm32f10x_dma.o
        52         12          0          0          0       1168   stm32f10x_exti.o
       286         36          0          0          0       4068   stm32f10x_flash.o
       448          6          0          0          0       4650   stm32f10x_gpio.o
       422         14          0          0          0       7328   stm32f10x_i2c.o
       364         50          0         20          0       6298   stm32f10x_rcc.o
       876         92          0          0          0       7237   stm32f10x_tim.o
       490          6          0          0          0       7630   stm32f10x_usart.o
       328         28          0          0          0       2053   system_stm32f10x.o
       412         60          4         32          0       4431   taskmanager.o
      2020         60          0          3          0      11236   usart.o

    ----------------------------------------------------------------------
     25372       1342        310        172       3516     770084   Object Totals
         0          0         32          0          0          0   (incl. Generated)
        44          0          2          5          0          0   (incl. Padding)

    ----------------------------------------------------------------------

      Code (inc. data)   RO Data    RW Data    ZI Data      Debug   Library Member Name

         8          0          0          0          0         68   __main.o
         0          0          0          0          0          0   __rtentry.o
        12          0          0          0          0          0   __rtentry2.o
         6          0          0          0          0          0   __rtentry4.o
        52          8          0          0          0          0   __scatter.o
        26          0          0          0          0          0   __scatter_copy.o
        28          0          0          0          0          0   __scatter_zi.o
        22          0          0          0          0        100   _rserrno.o
        10          0          0          0          0         68   defsig_exit.o
        50          0          0          0          0         88   defsig_general.o
        80         58          0          0          0         76   defsig_rtmem_inner.o
        14          0          0          0          0         80   defsig_rtmem_outer.o
        12          0          0          0          0         72   exit.o
        94          0          0          0          0         80   h1_alloc.o
        52          0          0          0          0         68   h1_extend.o
        78          0          0          0          0         80   h1_free.o
        14          0          0          0          0         84   h1_init.o
         6          0          0          0          0        152   heapauxi.o
         4          0          0          0          0        136   hguard.o
         0          0          0          0          0          0   indicate_semi.o
        36         10          0          0          0         80   init_aeabi.o
       138          0          0          0          0        168   init_alloc.o
         2          0          0          0          0          0   libinit.o
        14          0          0          0          0          0   libinit2.o
         2          0          0          0          0          0   libshutdown.o
         8          0          0          0          0          0   libshutdown2.o
         8          4          0          0         96         68   libspace.o
         0          0          0          0          0          0   maybetermalloc1.o
         8          4          0          0          0         68   rt_ddtor_pointer_addr_intlibspace.o
         8          4          0          0          0         68   rt_errno_addr_intlibspace.o
         8          4          0          0          0         68   rt_heap_descriptor_intlibspace.o
        78          0          0          0          0         80   rt_memclr_w.o
       100          0          0          0          0         80   rt_memcpy_w.o
         2          0          0          0          0          0   rtexit.o
        10          0          0          0          0          0   rtexit2.o
        12          4          0          0          0         68   sys_exit.o
        74          0          0          0          0         80   sys_stackheap_outer.o
        14          0          0          0          0         76   sys_wrch.o
         2          0          0          0          0         68   use_no_semi.o
        50          0          0          0          0         84   aeabi_atexit.o
        66          0          0          0          0         84   cxa_finalize.o
        16          0          0          0          0         68   cxa_guard_acquire.o
        98          4          0          0          0         92   d2f.o
       804         16          0          0          0        272   daddsub_clz.o
        24          0          0          0          0         68   dcmpi.o
       688        140          0          0          0        208   ddiv.o
       120          4          0          0          0         92   deqf.o
        94          4          0          0          0         92   dfix.o
        84          0          0          0          0        136   dflt_clz.o
       120          4          0          0          0         92   dleqf.o
       340         12          0          0          0        104   dmul.o
       156          4          0          0          0         92   dnaninf.o
        12          0          0          0          0         68   dretinf.o
       108          0          0          0          0         80   drleqf.o
        86          4          0          0          0         84   f2d.o
       450          8          0          0          0        236   faddsub_clz.o
        12          4          0          0          0         68   fcheck1.o
        24          0          0          0          0         68   fcmpi.o
       388         76          0          0          0         96   fdiv.o
       104          4          0          0          0         84   feqf.o
        54          4          0          0          0         84   ffix.o
        62          4          0          0          0         84   ffixu.o
        86          0          0          0          0        136   fflt_clz.o
       104          4          0          0          0         84   fleqf.o
       258          4          0          0          0         84   fmul.o
       140          4          0          0          0         84   fnaninf.o
        10          0          0          0          0         68   fretinf.o
        98          0          0          0          0         68   frleqf.o
        96          4          0          0          0         76   frnd.o
       272        100          0          0          0         88   fsqrt.o
       100          0          0          0          0         68   retnan.o
        76          0          0          0          0         68   scalbnf.o
        48          0          0          0          0         68   trapv.o
         0          0          0          0          0          0   usenofp.o
       292         38          0          0          0        120   asinf.o
       604         76          0          0          0        116   atan2f.o
       380         52          0          0          0        124   cosf.o
        38          0          0          0          0         68   fpclassifyf.o
        28          0          0          0          0        272   funder.o
       360         16         32          0          0         88   rredf.o
       392         54          0          0          0        124   sinf.o
        44          0          0          0          0         80   sqrtf.o

    ----------------------------------------------------------------------
      8498        740         32          0         96       6444   Library Totals
        20          0          0          0          0          0   (incl. Padding)

    ----------------------------------------------------------------------

      Code (inc. data)   RO Data    RW Data    ZI Data      Debug   Library Name

      1092         96          0          0         96       2124   c_w.l
       132          0          0          0          0        236   cpprt_w.l
      5116        408          0          0          0       3092   fz_ws.l
      2138        236         32          0          0        992   m_ws.l

    ----------------------------------------------------------------------
      8498        740         32          0         96       6444   Library Totals

    ----------------------------------------------------------------------

==============================================================================


      Code (inc. data)   RO Data    RW Data    ZI Data      Debug   

     33870       2082        342        172       3612     762276   Grand Totals
     33870       2082        342        172       3612     762276   ELF Image Totals
     33870       2082        342        172          0          0   ROM Totals

==============================================================================

    Total RO  Size (Code + RO Data)                34212 (  33.41kB)
    Total RW  Size (RW Data + ZI Data)              3784 (   3.70kB)
    Total ROM Size (Code + RO Data + RW Data)      34384 (  33.58kB)

==============================================================================

