Component: ARM Compiler 5.05 update 1 (build 106) Tool: armlink [4d0efa]

==============================================================================

Section Cross References

    adc.o(i._ZN3ADC9Voltage_IEhfff) refers to cxa_guard_acquire.o(i.__cxa_guard_acquire) for __cxa_guard_acquire
    adc.o(i._ZN3ADC9Voltage_IEhfff) refers to f2d.o(x$fpl$f2d) for __aeabi_f2d
    adc.o(i._ZN3ADC9Voltage_IEhfff) refers to faddsub_clz.o(x$fpl$fadd) for __aeabi_fadd
    adc.o(i._ZN3ADC9Voltage_IEhfff) refers to dmul.o(x$fpl$dmul) for __aeabi_dmul
    adc.o(i._ZN3ADC9Voltage_IEhfff) refers to ddiv.o(x$fpl$ddiv) for __aeabi_ddiv
    adc.o(i._ZN3ADC9Voltage_IEhfff) refers to adc.o(i._ZN3ADCixEh) for ADC::operator [](unsigned char)
    adc.o(i._ZN3ADC9Voltage_IEhfff) refers to daddsub_clz.o(x$fpl$dsub) for __aeabi_dsub
    adc.o(i._ZN3ADC9Voltage_IEhfff) refers to daddsub_clz.o(x$fpl$dadd) for __aeabi_dadd
    adc.o(i._ZN3ADC9Voltage_IEhfff) refers to d2f.o(x$fpl$d2f) for __aeabi_d2f
    adc.o(i._ZN3ADC9Voltage_IEhfff) refers to adc.o(.data) for _ZGVvoltage
    adc.o(i._ZN3ADCC1Ehhhhhhhhhh) refers to stm32f10x_rcc.o(i.RCC_APB2PeriphClockCmd) for RCC_APB2PeriphClockCmd
    adc.o(i._ZN3ADCC1Ehhhhhhhhhh) refers to stm32f10x_gpio.o(i.GPIO_Init) for GPIO_Init
    adc.o(i._ZN3ADCC1Ehhhhhhhhhh) refers to stm32f10x_rcc.o(i.RCC_AHBPeriphClockCmd) for RCC_AHBPeriphClockCmd
    adc.o(i._ZN3ADCC1Ehhhhhhhhhh) refers to stm32f10x_dma.o(i.DMA_DeInit) for DMA_DeInit
    adc.o(i._ZN3ADCC1Ehhhhhhhhhh) refers to stm32f10x_dma.o(i.DMA_Init) for DMA_Init
    adc.o(i._ZN3ADCC1Ehhhhhhhhhh) refers to stm32f10x_dma.o(i.DMA_Cmd) for DMA_Cmd
    adc.o(i._ZN3ADCC1Ehhhhhhhhhh) refers to stm32f10x_rcc.o(i.RCC_ADCCLKConfig) for RCC_ADCCLKConfig
    adc.o(i._ZN3ADCC1Ehhhhhhhhhh) refers to stm32f10x_adc.o(i.ADC_Init) for ADC_Init
    adc.o(i._ZN3ADCC1Ehhhhhhhhhh) refers to stm32f10x_adc.o(i.ADC_RegularChannelConfig) for ADC_RegularChannelConfig
    adc.o(i._ZN3ADCC1Ehhhhhhhhhh) refers to stm32f10x_adc.o(i.ADC_DMACmd) for ADC_DMACmd
    adc.o(i._ZN3ADCC1Ehhhhhhhhhh) refers to stm32f10x_adc.o(i.ADC_Cmd) for ADC_Cmd
    adc.o(i._ZN3ADCC1Ehhhhhhhhhh) refers to stm32f10x_adc.o(i.ADC_ResetCalibration) for ADC_ResetCalibration
    adc.o(i._ZN3ADCC1Ehhhhhhhhhh) refers to stm32f10x_adc.o(i.ADC_GetResetCalibrationStatus) for ADC_GetResetCalibrationStatus
    adc.o(i._ZN3ADCC1Ehhhhhhhhhh) refers to stm32f10x_adc.o(i.ADC_StartCalibration) for ADC_StartCalibration
    adc.o(i._ZN3ADCC1Ehhhhhhhhhh) refers to stm32f10x_adc.o(i.ADC_GetCalibrationStatus) for ADC_GetCalibrationStatus
    adc.o(i._ZN3ADCC1Ehhhhhhhhhh) refers to stm32f10x_adc.o(i.ADC_SoftwareStartConvCmd) for ADC_SoftwareStartConvCmd
    adc.o(i._ZN3ADCC1Ehhhhhhhhhh) refers to adc.o(.bss) for ADC::_enCh
    adc.o(i._ZN3ADCC1Ehhhhhhhhhh) refers to adc.o(.data) for ADC::_pin
    adc.o(i._ZN3ADCixEh) refers to dflt_clz.o(x$fpl$dfltu) for __aeabi_ui2d
    adc.o(i._ZN3ADCixEh) refers to dmul.o(x$fpl$dmul) for __aeabi_dmul
    adc.o(i._ZN3ADCixEh) refers to adc.o(.bss) for ADC::_enCh
    adc.o(.ARM.exidx) refers to adc.o(i._ZN3ADCC1Ehhhhhhhhhh) for i._ZN3ADCC1Ehhhhhhhhhh
    adc.o(.ARM.exidx) refers to adc.o(i._ZN3ADCixEh) for i._ZN3ADCixEh
    adc.o(.ARM.exidx) refers to adc.o(i._ZN3ADC9Voltage_IEhfff) for i._ZN3ADC9Voltage_IEhfff
    inputcapture_exit.o(i._ZN17InputCapture_EXIT3IRQEv) refers to stm32f10x_gpio.o(i.GPIO_ReadInputDataBit) for GPIO_ReadInputDataBit
    inputcapture_exit.o(i._ZN17InputCapture_EXIT3IRQEv) refers to taskmanager.o(i._ZN11TaskManager4TimeEv) for TaskManager::Time()
    inputcapture_exit.o(i._ZN17InputCapture_EXIT3IRQEv) refers to d2f.o(x$fpl$d2f) for __aeabi_d2f
    inputcapture_exit.o(i._ZN17InputCapture_EXIT3IRQEv) refers to f2d.o(x$fpl$f2d) for __aeabi_f2d
    inputcapture_exit.o(i._ZN17InputCapture_EXIT3IRQEv) refers to daddsub_clz.o(x$fpl$dsub) for __aeabi_dsub
    inputcapture_exit.o(i._ZN17InputCapture_EXIT3IRQEv) refers to dmul.o(x$fpl$dmul) for __aeabi_dmul
    inputcapture_exit.o(i._ZN17InputCapture_EXIT3IRQEv) refers to inputcapture_exit.o(.data) for riseTime
    inputcapture_exit.o(i._ZN17InputCapture_EXITC1EP12GPIO_TypeDefhhhh) refers to stm32f10x_rcc.o(i.RCC_APB2PeriphClockCmd) for RCC_APB2PeriphClockCmd
    inputcapture_exit.o(i._ZN17InputCapture_EXITC1EP12GPIO_TypeDefhhhh) refers to stm32f10x_gpio.o(i.GPIO_Init) for GPIO_Init
    inputcapture_exit.o(i._ZN17InputCapture_EXITC1EP12GPIO_TypeDefhhhh) refers to stm32f10x_gpio.o(i.GPIO_ResetBits) for GPIO_ResetBits
    inputcapture_exit.o(i._ZN17InputCapture_EXITC1EP12GPIO_TypeDefhhhh) refers to stm32f10x_gpio.o(i.GPIO_EXTILineConfig) for GPIO_EXTILineConfig
    inputcapture_exit.o(i._ZN17InputCapture_EXITC1EP12GPIO_TypeDefhhhh) refers to rt_memcpy_w.o(.text) for __aeabi_memcpy4
    inputcapture_exit.o(i._ZN17InputCapture_EXITC1EP12GPIO_TypeDefhhhh) refers to misc.o(i.NVIC_PriorityGroupConfig) for NVIC_PriorityGroupConfig
[...]
    i.EXTI1_IRQHandler                       0x08001936   Section        0  interrupt.o(i.EXTI1_IRQHandler)
    i.EXTI2_IRQHandler                       0x08001940   Section        0  interrupt.o(i.EXTI2_IRQHandler)
    i.EXTI3_IRQHandler                       0x0800194a   Section        0  interrupt.o(i.EXTI3_IRQHandler)
    i.EXTI4_IRQHandler                       0x08001954   Section        0  interrupt.o(i.EXTI4_IRQHandler)
    i.EXTI9_5_IRQHandler                     0x0800195e   Section        0  interrupt.o(i.EXTI9_5_IRQHandler)
    i.EXTI_ClearITPendingBit                 0x080019b0   Section        0  stm32f10x_exti.o(i.EXTI_ClearITPendingBit)
    i.EXTI_GetITStatus                       0x080019bc   Section        0  stm32f10x_exti.o(i.EXTI_GetITStatus)
    i.GPIO_Init                              0x080019e4   Section        0  stm32f10x_gpio.o(i.GPIO_Init)
    i.GPIO_PinRemapConfig                    0x08001afc   Section        0  stm32f10x_gpio.o(i.GPIO_PinRemapConfig)
    i.GPIO_ResetBits                         0x08001b8c   Section        0  stm32f10x_gpio.o(i.GPIO_ResetBits)
    i.GPIO_SetBits                           0x08001b90   Section        0  stm32f10x_gpio.o(i.GPIO_SetBits)
    i.I2C1_ER_IRQHandler                     0x08001b94   Section        0  interrupt.o(i.I2C1_ER_IRQHandler)
    i.I2C1_EV_IRQHandler                     0x08001b96   Section        0  interrupt.o(i.I2C1_EV_IRQHandler)
    i.I2C2_ER_IRQHandler                     0x08001b98   Section        0  interrupt.o(i.I2C2_ER_IRQHandler)
    i.I2C2_EV_IRQHandler                     0x08001b9a   Section        0  interrupt.o(i.I2C2_EV_IRQHandler)
    i.NVIC_Init                              0x08001b9c   Section        0  misc.o(i.NVIC_Init)
    i.NVIC_PriorityGroupConfig               0x08001c0c   Section        0  misc.o(i.NVIC_PriorityGroupConfig)
    i.RCC_ADCCLKConfig                       0x08001c20   Section        0  stm32f10x_rcc.o(i.RCC_ADCCLKConfig)
    i.RCC_AHBPeriphClockCmd                  0x08001c38   Section        0  stm32f10x_rcc.o(i.RCC_AHBPeriphClockCmd)
    i.RCC_APB1PeriphClockCmd                 0x08001c58   Section        0  stm32f10x_rcc.o(i.RCC_APB1PeriphClockCmd)
    i.RCC_APB2PeriphClockCmd                 0x08001c78   Section        0  stm32f10x_rcc.o(i.RCC_APB2PeriphClockCmd)
    i.RCC_GetClocksFreq                      0x08001c98   Section        0  stm32f10x_rcc.o(i.RCC_GetClocksFreq)
    i.SetSysClock                            0x08001d6c   Section        0  system_stm32f10x.o(i.SetSysClock)
    SetSysClock                              0x08001d6d   Thumb Code     8  system_stm32f10x.o(i.SetSysClock)
    i.SetSysClockTo72                        0x08001d74   Section        0  system_stm32f10x.o(i.SetSysClockTo72)
    SetSysClockTo72                          0x08001d75   Thumb Code   214  system_stm32f10x.o(i.SetSysClockTo72)
    i.SysTick_Handler                        0x08001e54   Section        0  taskmanager.o(i.SysTick_Handler)
    i.SystemInit                             0x08001e74   Section        0  system_stm32f10x.o(i.SystemInit)
    i.TIM1_UP_IRQHandler                     0x08001ed4   Section        0  interrupt.o(i.TIM1_UP_IRQHandler)
    i.TIM2_IRQHandler                        0x08001ed6   Section        0  interrupt.o(i.TIM2_IRQHandler)
    i.TIM3_IRQHandler                        0x08001ed8   Section        0  interrupt.o(i.TIM3_IRQHandler)
    i.TIM4_IRQHandler                        0x08001eda   Section        0  interrupt.o(i.TIM4_IRQHandler)
    i.USART1_IRQHandler                      0x08001edc   Section        0  interrupt.o(i.USART1_IRQHandler)
    i.USART2_IRQHandler                      0x08001eec   Section        0  interrupt.o(i.USART2_IRQHandler)
    i.USART3_IRQHandler                      0x08001efc   Section        0  interrupt.o(i.USART3_IRQHandler)
    i.USART_ClearITPendingBit                0x08001f0c   Section        0  stm32f10x_usart.o(i.USART_ClearITPendingBit)
    i.USART_Cmd                              0x08001f2a   Section        0  stm32f10x_usart.o(i.USART_Cmd)
    i.USART_DMACmd                           0x08001f42   Section        0  stm32f10x_usart.o(i.USART_DMACmd)
    i.USART_GetFlagStatus                    0x08001f54   Section        0  stm32f10x_usart.o(i.USART_GetFlagStatus)
    i.USART_GetITStatus                      0x08001f6e   Section        0  stm32f10x_usart.o(i.USART_GetITStatus)
    i.USART_ITConfig                         0x08001fc2   Section        0  stm32f10x_usart.o(i.USART_ITConfig)
    i.USART_Init                             0x0800200c   Section        0  stm32f10x_usart.o(i.USART_Init)
    i.USART_ReceiveData                      0x080020e4   Section        0  stm32f10x_usart.o(i.USART_ReceiveData)
    i.USART_SendData                         0x080020ee   Section        0  stm32f10x_usart.o(i.USART_SendData)
    i._ZN11TaskManager4TimeEv                0x080020f8   Section        0  taskmanager.o(i._ZN11TaskManager4TimeEv)
    i._ZN11TaskManager9TimeSliceERdd         0x08002188   Section        0  taskmanager.o(i._ZN11TaskManager9TimeSliceERdd)
    i._ZN11TaskManagerC1Ev                   0x080021c8   Section        0  taskmanager.o(i._ZN11TaskManagerC1Ev)
    i._ZN13Communication13DataListeningEv    0x080021ec   Section        0  communication.o(i._ZN13Communication13DataListeningEv)
    i._ZN13Communication15SendData2CopterEffff 0x08002300   Section        0  communication.o(i._ZN13Communication15SendData2CopterEffff)
    i._ZN13Communication17FlightLockControlEb 0x080023de   Section        0  communication.o(i._ZN13Communication17FlightLockControlEb)
    i._ZN13CommunicationC1ER5USART           0x080023f0   Section        0  communication.o(i._ZN13CommunicationC1ER5USART)
    i._ZN3ADC9Voltage_IEhfff                 0x08002408   Section        0  adc.o(i._ZN3ADC9Voltage_IEhfff)
    i._ZN3ADCC1Ehhhhhhhhhh                   0x080024dc   Section        0  adc.o(i._ZN3ADCC1Ehhhhhhhhhh)
    i._ZN3ADCixEh                            0x08002704   Section        0  adc.o(i._ZN3ADCixEh)
    i._ZN3HMI10setTextBoxEPcS0_              0x08002750   Section        0  hmi.o(i._ZN3HMI10setTextBoxEPcS0_)
    i._ZN3HMI10setTextBoxEPcfh               0x080027a4   Section        0  hmi.o(i._ZN3HMI10setTextBoxEPcfh)
    i._ZN3HMI15outputDirectionEPch           0x08002860   Section        0  hmi.o(i._ZN3HMI15outputDirectionEPch)
    i._ZN3HMI3visEPcb                        0x08002958   Section        0  hmi.o(i._ZN3HMI3visEPcb)
    i._ZN3HMIC1ER5USART                      0x080029c4   Section        0  hmi.o(i._ZN3HMIC1ER5USART)
    i._ZN4GPIO17RCC_ConfigurationEv          0x080029c8   Section        0  gpio.o(i._ZN4GPIO17RCC_ConfigurationEv)
    i._ZN4GPIO8SetLevelEh                    0x08002a68   Section        0  gpio.o(i._ZN4GPIO8SetLevelEh)
    i._ZN4GPIOC1EP12GPIO_TypeDeft16GPIOMode_TypeDef17GPIOSpeed_TypeDef 0x08002a98   Section        0  gpio.o(i._ZN4GPIOC1EP12GPIO_TypeDeft16GPIOMode_TypeDef17GPIOSpeed_TypeDef)
    i._ZN5USART15GetReceivedDataEPht         0x08002adc   Section        0  usart.o(i._ZN5USART15GetReceivedDataEPht)
    i._ZN5USART17ReceiveBufferSizeEv         0x08002b04   Section        0  usart.o(i._ZN5USART17ReceiveBufferSizeEv)
    i._ZN5USART18ClearReceiveBufferEv        0x08002b12   Section        0  usart.o(i._ZN5USART18ClearReceiveBufferEv)
    i._ZN5USART3IrqEv                        0x08002b20   Section        0  usart.o(i._ZN5USART3IrqEv)
    i._ZN5USART6DmaIrqEv                     0x08002bf8   Section        0  usart.o(i._ZN5USART6DmaIrqEv)
    i._ZN5USART8SendDataEPhj                 0x08002c80   Section        0  usart.o(i._ZN5USART8SendDataEPhj)
    i._ZN5USARTC1Ehjbhhhhhttt                0x08002d58   Section        0  usart.o(i._ZN5USARTC1Ehjbhhhhhttt)
    i._ZN5USARTD1Ev                          0x08003114   Section        0  usart.o(i._ZN5USARTD1Ev)
    i._ZN5USARTlsEPKc                        0x08003116   Section        0  usart.o(i._ZN5USARTlsEPKc)
    i._ZN5USARTlsEc                          0x0800313a   Section        0  usart.o(i._ZN5USARTlsEc)
    i._ZN5USARTlsEd                          0x0800314c   Section        0  usart.o(i._ZN5USARTlsEd)
    i._ZN8Joystick12getLeftStateEv           0x08003218   Section        0  joystick.o(i._ZN8Joystick12getLeftStateEv)
    i._ZN8Joystick13_getLeftStateEv          0x08003220   Section        0  joystick.o(i._ZN8Joystick13_getLeftStateEv)
    i._ZN8Joystick13getNightStateEv          0x08003304   Section        0  joystick.o(i._ZN8Joystick13getNightStateEv)
    i._ZN8Joystick14_getNightStateEv         0x0800330c   Section        0  joystick.o(i._ZN8Joystick14_getNightStateEv)
    i._ZN8Joystick19UpdataDirctionStateEv    0x080033f4   Section        0  joystick.o(i._ZN8Joystick19UpdataDirctionStateEv)
    i._ZN8Joystick6UpdataEv                  0x0800340c   Section        0  joystick.o(i._ZN8Joystick6UpdataEv)
    i._ZN8JoystickC1ER3ADChhhh               0x0800345a   Section        0  joystick.o(i._ZN8JoystickC1ER3ADChhhh)
    i.__ARM_fpclassify                       0x0800346c   Section        0  fpclassify.o(i.__ARM_fpclassify)
    i.__aeabi_atexit                         0x08003494   Section        0  aeabi_atexit.o(i.__aeabi_atexit)
    i.__cxa_finalize                         0x080034c6   Section        0  cxa_finalize.o(i.__cxa_finalize)
    i.__cxa_guard_acquire                    0x08003508   Section        0  cxa_guard_acquire.o(i.__cxa_guard_acquire)
    i.__sti___15_TaskManager_cpp_tskmgr      0x08003518   Section        0  taskmanager.o(i.__sti___15_TaskManager_cpp_tskmgr)
    __sti___15_TaskManager_cpp_tskmgr        0x08003519   Thumb Code    10  taskmanager.o(i.__sti___15_TaskManager_cpp_tskmgr)
    i.__sti___8_Main_cpp_com1                0x08003528   Section        0  main.o(i.__sti___8_Main_cpp_com1)
    __sti___8_Main_cpp_com1                  0x08003529   Thumb Code   258  main.o(i.__sti___8_Main_cpp_com1)
    i._is_digit                              0x0800365c   Section        0  __printf_wp.o(i._is_digit)
    i.main                                   0x0800366c   Section        0  main.o(i.main)
    locale$$code                             0x0800392c   Section       44  lc_numeric_c.o(locale$$code)
    t._ZN10FIFOBufferIhLt256EE3GetERh        0x08003958   Section        0  usart.o(t._ZN10FIFOBufferIhLt256EE3GetERh)
    t._ZN10FIFOBufferIhLt256EE3PutERKh       0x0800398c   Section        0  usart.o(t._ZN10FIFOBufferIhLt256EE3PutERKh)
    t._ZN10FIFOBufferIhLt256EE4GetsEPht      0x080039d0   Section        0  usart.o(t._ZN10FIFOBufferIhLt256EE4GetsEPht)
    t._ZN10FIFOBufferIhLt256EE4PutsEPht      0x08003a14   Section        0  usart.o(t._ZN10FIFOBufferIhLt256EE4PutsEPht)
    t._ZN10FIFOBufferIhLt256EE4SizeEv        0x08003a66   Section        0  usart.o(t._ZN10FIFOBufferIhLt256EE4SizeEv)
    t._ZN10FIFOBufferIhLt256EE5ClearEv       0x08003a82   Section        0  usart.o(t._ZN10FIFOBufferIhLt256EE5ClearEv)
    t._ZN10FIFOBufferIhLt256EEC1Ev           0x08003a8e   Section        0  usart.o(t._ZN10FIFOBufferIhLt256EEC1Ev)
    x$fpl$d2f                                0x08003a9c   Section       98  d2f.o(x$fpl$d2f)
    x$fpl$dadd                               0x08003b00   Section      336  daddsub_clz.o(x$fpl$dadd)
    _dadd1                                   0x08003b11   Thumb Code     0  daddsub_clz.o(x$fpl$dadd)
    x$fpl$dcmpinf                            0x08003c50   Section       24  dcmpi.o(x$fpl$dcmpinf)
    x$fpl$ddiv                               0x08003c68   Section      688  ddiv.o(x$fpl$ddiv)
    ddiv_entry                               0x08003c6f   Thumb Code     0  ddiv.o(x$fpl$ddiv)
    x$fpl$dfixu                              0x08003f18   Section       90  dfixu.o(x$fpl$dfixu)
    x$fpl$dfltu                              0x08003f72   Section       38  dflt_clz.o(x$fpl$dfltu)
    x$fpl$dleqf                              0x08003f98   Section      120  dleqf.o(x$fpl$dleqf)
    x$fpl$dmul                               0x08004010   Section      340  dmul.o(x$fpl$dmul)
    x$fpl$dnaninf                            0x08004164   Section      156  dnaninf.o(x$fpl$dnaninf)
    x$fpl$dretinf                            0x08004200   Section       12  dretinf.o(x$fpl$dretinf)
    x$fpl$drleqf                             0x0800420c   Section      108  drleqf.o(x$fpl$drleqf)
    x$fpl$dsub                               0x08004278   Section      468  daddsub_clz.o(x$fpl$dsub)
    _dsub1                                   0x08004289   Thumb Code     0  daddsub_clz.o(x$fpl$dsub)
    x$fpl$f2d                                0x0800444c   Section       86  f2d.o(x$fpl$f2d)
    x$fpl$fadd                               0x080044a4   Section      196  faddsub_clz.o(x$fpl$fadd)
    _fadd1                                   0x080044b3   Thumb Code     0  faddsub_clz.o(x$fpl$fadd)
    x$fpl$fcmpinf                            0x08004568   Section       24  fcmpi.o(x$fpl$fcmpinf)
    x$fpl$fdiv                               0x08004580   Section      388  fdiv.o(x$fpl$fdiv)
    _fdiv1                                   0x08004581   Thumb Code     0  fdiv.o(x$fpl$fdiv)
    x$fpl$feqf                               0x08004704   Section      104  feqf.o(x$fpl$feqf)
    x$fpl$fflt                               0x0800476c   Section       48  fflt_clz.o(x$fpl$fflt)
    x$fpl$ffltu                              0x0800479c   Section       38  fflt_clz.o(x$fpl$ffltu)
    x$fpl$fleqf                              0x080047c4   Section      104  fleqf.o(x$fpl$fleqf)
    x$fpl$fnaninf                            0x0800482c   Section      140  fnaninf.o(x$fpl$fnaninf)
    x$fpl$fretinf                            0x080048b8   Section       10  fretinf.o(x$fpl$fretinf)
    x$fpl$frleqf                             0x080048c2   Section       98  frleqf.o(x$fpl$frleqf)
    x$fpl$fsub                               0x08004924   Section      234  faddsub_clz.o(x$fpl$fsub)
    _fsub1                                   0x08004933   Thumb Code     0  faddsub_clz.o(x$fpl$fsub)
    x$fpl$printf1                            0x08004a0e   Section        4  printf1.o(x$fpl$printf1)
    .constdata                               0x08004a12   Section       32  gpio.o(.constdata)
    x$fpl$usenofp                            0x08004a12   Section        0  usenofp.o(x$fpl$usenofp)
    .constdata                               0x08004a34   Section      148  bigflt0.o(.constdata)
    tenpwrs_x                                0x08004a34   Data          60  bigflt0.o(.constdata)
    tenpwrs_i                                0x08004a70   Data          64  bigflt0.o(.constdata)
    locale$$data                             0x08004ae8   Section       28  lc_numeric_c.o(locale$$data)
    __lcnum_c_name                           0x08004aec   Data           2  lc_numeric_c.o(locale$$data)
    __lcnum_c_start                          0x08004af4   Data           0  lc_numeric_c.o(locale$$data)
    __lcnum_c_point                          0x08004b00   Data           0  lc_numeric_c.o(locale$$data)
    __lcnum_c_thousands                      0x08004b02   Data           0  lc_numeric_c.o(locale$$data)
    __lcnum_c_grouping                       0x08004b03   Data           0  lc_numeric_c.o(locale$$data)
    .init_array                              0x08004b04   Section        4  taskmanager.o(.init_array)
    __lcnum_c_end                            0x08004b04   Data           0  lc_numeric_c.o(locale$$data)
    .init_array                              0x08004b08   Section        4  main.o(.init_array)
    .init_array                              0x08004b0c   Section        0  init_aeabi.o(.init_array)
    .data                                    0x20000000   Section       28  adc.o(.data)
    _ZGVvoltage                              0x20000014   Data           4  adc.o(.data)
    voltage                                  0x20000018   Data           4  adc.o(.data)
    .data                                    0x2000001c   Section        3  usart.o(.data)
    dataToSend                               0x2000001c   Data           1  usart.o(.data)
    dataToSend                               0x2000001d   Data           1  usart.o(.data)
    dataToSend                               0x2000001e   Data           1  usart.o(.data)
    .data                                    0x20000020   Section       12  interrupt.o(.data)
    .data                                    0x20000030   Section       32  taskmanager.o(.data)
    .data                                    0x20000050   Section        8  main.o(.data)
    .data                                    0x20000058   Section       20  stm32f10x_rcc.o(.data)
    APBAHBPrescTable                         0x20000058   Data          16  stm32f10x_rcc.o(.data)
    ADCPrescTable                            0x20000068   Data           4  stm32f10x_rcc.o(.data)
    .bss                                     0x2000006c   Section       40  adc.o(.bss)
    .bss                                     0x20000094   Section     1848  main.o(.bss)
    .bss                                     0x200007cc   Section       96  libspace.o(.bss)
    HEAP                                     0x20000830   Section      512  startup_stm32f10x_md.o(HEAP)
    Heap_Mem                                 0x20000830   Data         512  startup_stm32f10x_md.o(HEAP)
    STACK                                    0x20000a30   Section     1024  startup_stm32f10x_md.o(STACK)
    Stack_Mem                                0x20000a30   Data        1024  startup_stm32f10x_md.o(STACK)
    __initial_sp                             0x20000e30   Data           0  startup_stm32f10x_md.o(STACK)

    Global Symbols

    Symbol Name                              Value     Ov Type        Size  Object(Section)

    BuildAttributes$$THM_ISAv4$P$D$K$B$S$PE$A:L22UL41UL21$X:L11$S22US41US21$IEEE1$IW$USESV6$~STKCKD$USESV7$~SHL$OTIME$ROPI$IEEEJ$EBA8$UX$STANDARDLIB$REQ8$PRES8$EABIv2 0x00000000   Number         0  anon$$obj.o ABSOLUTE
    __ARM_use_no_argv                        0x00000000   Number         0  main.o ABSOLUTE
    _printf_flags                            0x00000000   Number         0  printf_stubs.o ABSOLUTE
    _printf_return_value                     0x00000000   Number         0  printf_stubs.o ABSOLUTE
    _printf_sizespec                         0x00000000   Number         0  printf_stubs.o ABSOLUTE
    _printf_widthprec                        0x00000000   Number         0  printf_stubs.o ABSOLUTE
    __ARM_exceptions_init                     - Undefined Weak Reference
    __alloca_initialize                       - Undefined Weak Reference
    __arm_preinit_                            - Undefined Weak Reference
    __sigvec_lookup                           - Undefined Weak Reference
    __user_heap_extent                        - Undefined Weak Reference
    _atexit_init                              - Undefined Weak Reference
    _call_atexit_fns                          - Undefined Weak Reference
    _clock_init                               - Undefined Weak Reference
    _fp_trap_init                             - Undefined Weak Reference
    _fp_trap_shutdown                         - Undefined Weak Reference
    _get_lc_collate                           - Undefined Weak Reference
    _get_lc_ctype                             - Undefined Weak Reference
    _get_lc_monetary                          - Undefined Weak Reference
    _get_lc_time                              - Undefined Weak Reference
    _getenv_init                              - Undefined Weak Reference
    _handle_redirection                       - Undefined Weak Reference
    _initio                                   - Undefined Weak Reference
    _mutex_acquire                            - Undefined Weak Reference
    _mutex_free                               - Undefined Weak Reference
    _mutex_release                            - Undefined Weak Reference
    _printf_post_padding                      - Undefined Weak Reference
    _printf_pre_padding                       - Undefined Weak Reference
    _printf_truncate_signed                   - Undefined Weak Reference
    _printf_truncate_unsigned                 - Undefined Weak Reference
    _rand_init                                - Undefined Weak Reference
    _signal_finish                            - Undefined Weak Reference
    _signal_init                              - Undefined Weak Reference
    _terminateio                              - Undefined Weak Reference
    __Vectors_Size                           0x000000ec   Number         0  startup_stm32f10x_md.o ABSOLUTE
    __Vectors                                0x08000000   Data           4  startup_stm32f10x_md.o(RESET)
    __dso_handle                             0x08000000   Number         0  startup_stm32f10x_md.o(RESET)
    __Vectors_End                            0x080000ec   Data           0  startup_stm32f10x_md.o(RESET)
    __main                                   0x080000ed   Thumb Code     8  __main.o(!!!main)
    __scatterload                            0x080000f5   Thumb Code     0  __scatter.o(!!!scatter)
    __scatterload_rt2                        0x080000f5   Thumb Code    44  __scatter.o(!!!scatter)
    __scatterload_rt2_thumb_only             0x080000f5   Thumb Code     0  __scatter.o(!!!scatter)
    __scatterload_null                       0x08000103   Thumb Code     0  __scatter.o(!!!scatter)
    __scatterload_copy                       0x08000129   Thumb Code    26  __scatter_copy.o(!!handler_copy)
    __scatterload_zeroinit                   0x08000145   Thumb Code    28  __scatter_zi.o(!!handler_zi)
    _printf_f                                0x08000161   Thumb Code     0  _printf_f.o(.ARM.Collect$$_printf_percent$$00000003)
    _printf_percent                          0x08000161   Thumb Code     0  _printf_percent.o(.ARM.Collect$$_printf_percent$$00000000)
    _printf_percent_end                      0x08000167   Thumb Code     0  _printf_percent_end.o(.ARM.Collect$$_printf_percent$$00000017)
    __rt_lib_init                            0x0800016b   Thumb Code     0  libinit.o(.ARM.Collect$$libinit$$00000000)
    __rt_lib_init_fp_1                       0x0800016d   Thumb Code     0  libinit2.o(.ARM.Collect$$libinit$$00000002)
    __rt_lib_init_heap_2                     0x0800016d   Thumb Code     0  libinit2.o(.ARM.Collect$$libinit$$00000005)
    __rt_lib_init_preinit_1                  0x0800016d   Thumb Code     0  libinit2.o(.ARM.Collect$$libinit$$00000004)
    __rt_lib_init_heap_1                     0x08000175   Thumb Code     0  libinit2.o(.ARM.Collect$$libinit$$0000000A)
    __rt_lib_init_lc_common                  0x08000175   Thumb Code     0  libinit2.o(.ARM.Collect$$libinit$$0000000F)
    __rt_lib_init_rand_1                     0x08000175   Thumb Code     0  libinit2.o(.ARM.Collect$$libinit$$0000000E)
    __rt_lib_init_user_alloc_1               0x08000175   Thumb Code     0  libinit2.o(.ARM.Collect$$libinit$$0000000C)
    __rt_lib_init_lc_collate_1               0x0800017b   Thumb Code     0  libinit2.o(.ARM.Collect$$libinit$$00000011)
    __rt_lib_init_lc_ctype_1                 0x0800017b   Thumb Code     0  libinit2.o(.ARM.Collect$$libinit$$00000013)
    __rt_lib_init_lc_monetary_1              0x0800017b   Thumb Code     0  libinit2.o(.ARM.Collect$$libinit$$00000015)
    __rt_lib_init_lc_numeric_2               0x0800017b   Thumb Code     0  libinit2.o(.ARM.Collect$$libinit$$00000016)
    __rt_lib_init_alloca_1                   0x08000185   Thumb Code     0  libinit2.o(.ARM.Collect$$libinit$$0000002E)
    __rt_lib_init_argv_1                     0x08000185   Thumb Code     0  libinit2.o(.ARM.Collect$$libinit$$0000002C)
    __rt_lib_init_atexit_1                   0x08000185   Thumb Code     0  libinit2.o(.ARM.Collect$$libinit$$0000001B)
    __rt_lib_init_clock_1                    0x08000185   Thumb Code     0  libinit2.o(.ARM.Collect$$libinit$$00000021)
    __rt_lib_init_cpp_2                      0x08000185   Thumb Code     0  libinit2.o(.ARM.Collect$$libinit$$00000031)
    __rt_lib_init_exceptions_1               0x08000185   Thumb Code     0  libinit2.o(.ARM.Collect$$libinit$$00000030)
    __rt_lib_init_fp_trap_1                  0x08000185   Thumb Code     0  libinit2.o(.ARM.Collect$$libinit$$0000001F)
    __rt_lib_init_getenv_1                   0x08000185   Thumb Code     0  libinit2.o(.ARM.Collect$$libinit$$00000023)
    __rt_lib_init_lc_numeric_1               0x08000185   Thumb Code     0  libinit2.o(.ARM.Collect$$libinit$$00000017)
    __rt_lib_init_lc_time_1                  0x08000185   Thumb Code     0  libinit2.o(.ARM.Collect$$libinit$$00000019)
    __rt_lib_init_signal_1                   0x08000185   Thumb Code     0  libinit2.o(.ARM.Collect$$libinit$$0000001D)
    __rt_lib_init_stdio_1                    0x08000185   Thumb Code     0  libinit2.o(.ARM.Collect$$libinit$$00000025)
    __rt_lib_init_cpp_1                      0x08000189   Thumb Code     0  libinit2.o(.ARM.Collect$$libinit$$00000032)
    __rt_lib_init_return                     0x08000189   Thumb Code     0  libinit2.o(.ARM.Collect$$libinit$$00000033)
    __rt_lib_shutdown                        0x0800018b   Thumb Code     0  libshutdown.o(.ARM.Collect$$libshutdown$$00000000)
    __rt_lib_shutdown_cpp_1                  0x0800018d   Thumb Code     0  libshutdown2.o(.ARM.Collect$$libshutdown$$00000001)
    __rt_lib_shutdown_fp_trap_1              0x08000193   Thumb Code     0  libshutdown2.o(.ARM.Collect$$libshutdown$$00000006)
    __rt_lib_shutdown_heap_1                 0x08000193   Thumb Code     0  libshutdown2.o(.ARM.Collect$$libshutdown$$0000000E)
    __rt_lib_shutdown_return                 0x08000193   Thumb Code     0  libshutdown2.o(.ARM.Collect$$libshutdown$$0000000F)
    __rt_lib_shutdown_signal_1               0x08000193   Thumb Code     0  libshutdown2.o(.ARM.Collect$$libshutdown$$00000009)
    __rt_lib_shutdown_stdio_1                0x08000193   Thumb Code     0  libshutdown2.o(.ARM.Collect$$libshutdown$$00000003)
    __rt_lib_shutdown_user_alloc_1           0x08000193   Thumb Code     0  libshutdown2.o(.ARM.Collect$$libshutdown$$0000000B)
    __rt_entry                               0x08000195   Thumb Code     0  __rtentry.o(.ARM.Collect$$rtentry$$00000000)
    __rt_entry_presh_1                       0x08000195   Thumb Code     0  __rtentry2.o(.ARM.Collect$$rtentry$$00000002)
    __rt_entry_sh                            0x08000195   Thumb Code     0  __rtentry4.o(.ARM.Collect$$rtentry$$00000004)
    __rt_entry_li                            0x0800019b   Thumb Code     0  __rtentry2.o(.ARM.Collect$$rtentry$$0000000A)
    __rt_entry_postsh_1                      0x0800019b   Thumb Code     0  __rtentry2.o(.ARM.Collect$$rtentry$$00000009)
    __rt_entry_main                          0x0800019f   Thumb Code     0  __rtentry2.o(.ARM.Collect$$rtentry$$0000000D)
    __rt_entry_postli_1                      0x0800019f   Thumb Code     0  __rtentry2.o(.ARM.Collect$$rtentry$$0000000C)
    __rt_exit                                0x080001a7   Thumb Code     0  rtexit.o(.ARM.Collect$$rtexit$$00000000)
    __rt_exit_ls                             0x080001a9   Thumb Code     0  rtexit2.o(.ARM.Collect$$rtexit$$00000003)
    __rt_exit_prels_1                        0x080001a9   Thumb Code     0  rtexit2.o(.ARM.Collect$$rtexit$$00000002)
    __rt_exit_exit                           0x080001ad   Thumb Code     0  rtexit2.o(.ARM.Collect$$rtexit$$00000004)
    Reset_Handler                            0x080001b5   Thumb Code     8  startup_stm32f10x_md.o(.text)
    _maybe_terminate_alloc                   0x080001b5   Thumb Code     0  maybetermalloc1.o(.emb_text)
    NMI_Handler                              0x080001bd   Thumb Code     2  startup_stm32f10x_md.o(.text)
    HardFault_Handler                        0x080001bf   Thumb Code     2  startup_stm32f10x_md.o(.text)
    MemManage_Handler                        0x080001c1   Thumb Code     2  startup_stm32f10x_md.o(.text)
    BusFault_Handler                         0x080001c3   Thumb Code     2  startup_stm32f10x_md.o(.text)
    UsageFault_Handler                       0x080001c5   Thumb Code     2  startup_stm32f10x_md.o(.text)
    SVC_Handler                              0x080001c7   Thumb Code     2  startup_stm32f10x_md.o(.text)
    DebugMon_Handler                         0x080001c9   Thumb Code     2  startup_stm32f10x_md.o(.text)
    PendSV_Handler                           0x080001cb   Thumb Code     2  startup_stm32f10x_md.o(.text)
    ADC1_2_IRQHandler                        0x080001cf   Thumb Code     0  startup_stm32f10x_md.o(.text)
    CAN1_RX1_IRQHandler                      0x080001cf   Thumb Code     0  startup_stm32f10x_md.o(.text)
    CAN1_SCE_IRQHandler                      0x080001cf   Thumb Code     0  startup_stm32f10x_md.o(.text)
    DMA1_Channel1_IRQHandler                 0x080001cf   Thumb Code     0  startup_stm32f10x_md.o(.text)
    DMA1_Channel3_IRQHandler                 0x080001cf   Thumb Code     0  startup_stm32f10x_md.o(.text)
    FLASH_IRQHandler                         0x080001cf   Thumb Code     0  startup_stm32f10x_md.o(.text)
    PVD_IRQHandler                           0x080001cf   Thumb Code     0  startup_stm32f10x_md.o(.text)
    RCC_IRQHandler                           0x080001cf   Thumb Code     0  startup_stm32f10x_md.o(.text)
    RTCAlarm_IRQHandler                      0x080001cf   Thumb Code     0  startup_stm32f10x_md.o(.text)
    RTC_IRQHandler                           0x080001cf   Thumb Code     0  startup_stm32f10x_md.o(.text)
    SPI1_IRQHandler                          0x080001cf   Thumb Code     0  startup_stm32f10x_md.o(.text)
    SPI2_IRQHandler                          0x080001cf   Thumb Code     0  startup_stm32f10x_md.o(.text)
    TAMPER_IRQHandler                        0x080001cf   Thumb Code     0  startup_stm32f10x_md.o(.text)
    TIM1_BRK_IRQHandler                      0x080001cf   Thumb Code     0  startup_stm32f10x_md.o(.text)
    TIM1_CC_IRQHandler                       0x080001cf   Thumb Code     0  startup_stm32f10x_md.o(.text)
    TIM1_TRG_COM_IRQHandler                  0x080001cf   Thumb Code     0  startup_stm32f10x_md.o(.text)
    USBWakeUp_IRQHandler                     0x080001cf   Thumb Code     0  startup_stm32f10x_md.o(.text)
    USB_HP_CAN1_TX_IRQHandler                0x080001cf   Thumb Code     0  startup_stm32f10x_md.o(.text)
    USB_LP_CAN1_RX0_IRQHandler               0x080001cf   Thumb Code     0  startup_stm32f10x_md.o(.text)
    WWDG_IRQHandler                          0x080001cf   Thumb Code     0  startup_stm32f10x_md.o(.text)
    __user_initial_stackheap                 0x080001d1   Thumb Code     0  startup_stm32f10x_md.o(.text)
    __2sprintf                               0x080001f5   Thumb Code    34  noretval__2sprintf.o(.text)
    __printf                                 0x0800021d   Thumb Code   270  __printf_wp.o(.text)
    __aeabi_memcpy4                          0x0800032b   Thumb Code     0  rt_memcpy_w.o(.text)
    __aeabi_memcpy8                          0x0800032b   Thumb Code     0  rt_memcpy_w.o(.text)
    __rt_memcpy_w                            0x0800032b   Thumb Code   100  rt_memcpy_w.o(.text)
    _memcpy_lastbytes_aligned                0x08000373   Thumb Code     0  rt_memcpy_w.o(.text)
    __aeabi_memclr4                          0x0800038f   Thumb Code     0  rt_memclr_w.o(.text)
    __aeabi_memclr8                          0x0800038f   Thumb Code     0  rt_memclr_w.o(.text)
    __rt_memclr_w                            0x0800038f   Thumb Code    78  rt_memclr_w.o(.text)
    _memset_w                                0x08000393   Thumb Code     0  rt_memclr_w.o(.text)
    __use_two_region_memory                  0x080003dd   Thumb Code     2  heapauxi.o(.text)
    __rt_heap_escrow                         0x080003df   Thumb Code     2  heapauxi.o(.text)
    __rt_heap_expand                         0x080003e1   Thumb Code     2  heapauxi.o(.text)
    __cpp_initialize__aeabi_                 0x080003e5   Thumb Code    26  init_aeabi.o(.text)
    __rt_ddtor_pointer_addr                  0x08000409   Thumb Code     8  rt_ddtor_pointer_addr_intlibspace.o(.text)
    malloc                                   0x08000411   Thumb Code    94  h1_alloc.o(.text)
    __lib_sel_fp_printf                      0x0800046f   Thumb Code     2  _printf_fp_dec.o(.text)
    _printf_fp_dec_real                      0x0800061d   Thumb Code   620  _printf_fp_dec.o(.text)
    _printf_char_common                      0x08000893   Thumb Code    32  _printf_char_common.o(.text)
    _sputc                                   0x080008b9   Thumb Code    10  _sputc.o(.text)
    __user_libspace                          0x080008c5   Thumb Code     8  libspace.o(.text)
    __user_perproc_libspace                  0x080008c5   Thumb Code     0  libspace.o(.text)
    __user_perthread_libspace                0x080008c5   Thumb Code     0  libspace.o(.text)
    __rt_heap_descriptor                     0x080008cd   Thumb Code     8  rt_heap_descriptor_intlibspace.o(.text)
    __rt_locale                              0x080008d5   Thumb Code     8  rt_locale_intlibspace.o(.text)
    __use_no_heap                            0x080008dd   Thumb Code     2  hguard.o(.text)
    __heap$guard                             0x080008df   Thumb Code     2  hguard.o(.text)
    _terminate_user_alloc                    0x080008e1   Thumb Code     2  init_alloc.o(.text)
    _init_user_alloc                         0x080008e3   Thumb Code     2  init_alloc.o(.text)
    __Heap_Full                              0x080008e5   Thumb Code    34  init_alloc.o(.text)
    __Heap_Broken                            0x08000907   Thumb Code     6  init_alloc.o(.text)
    _init_alloc                              0x0800090d   Thumb Code    94  init_alloc.o(.text)
    __Heap_Initialize                        0x0800096b   Thumb Code    10  h1_init.o(.text)
    __Heap_DescSize                          0x08000975   Thumb Code     4  h1_init.o(.text)
    free                                     0x08000979   Thumb Code    78  h1_free.o(.text)
    _ll_udiv10                               0x080009c7   Thumb Code   138  lludiv10.o(.text)
    _printf_fp_infnan                        0x08000a51   Thumb Code   112  _printf_fp_infnan.o(.text)
    _btod_etento                             0x08000ad1   Thumb Code   216  bigflt0.o(.text)
    __user_setup_stackheap                   0x08000bad   Thumb Code    74  sys_stackheap_outer.o(.text)
    __Heap_ProvideMemory                     0x08000bf7   Thumb Code    52  h1_extend.o(.text)
    exit                                     0x08000c2b   Thumb Code    12  exit.o(.text)
    __rt_SIGRTMEM                            0x08000c37   Thumb Code    14  defsig_rtmem_outer.o(.text)
    strcmp                                   0x08000c45   Thumb Code   128  strcmpv7m.o(.text)
    __I$use$semihosting                      0x08000cc5   Thumb Code     0  use_no_semi.o(.text)
    __use_no_semihosting_swi                 0x08000cc5   Thumb Code     2  use_no_semi.o(.text)
    __semihosting_library_function           0x08000cc7   Thumb Code     0  indicate_semi.o(.text)
    __sig_exit                               0x08000cc7   Thumb Code    10  defsig_exit.o(.text)
    __rt_SIGRTMEM_inner                      0x08000cd1   Thumb Code    22  defsig_rtmem_inner.o(.text)
    _sys_exit                                0x08000d21   Thumb Code     8  sys_exit.o(.text)
    __default_signal_display                 0x08000d2d   Thumb Code    50  defsig_general.o(.text)
    _ttywrch                                 0x08000d5f   Thumb Code    14  sys_wrch.o(.text)
    _btod_d2e                                0x08000d6d   Thumb Code    62  btod.o(CL$$btod_d2e)
    _d2e_denorm_low                          0x08000dab   Thumb Code    70  btod.o(CL$$btod_d2e_denorm_low)
    _d2e_norm_op1                            0x08000df1   Thumb Code    96  btod.o(CL$$btod_d2e_norm_op1)
    __btod_div_common                        0x08000e51   Thumb Code   696  btod.o(CL$$btod_div_common)
    _e2e                                     0x08001189   Thumb Code   198  btod.o(CL$$btod_e2e)
    _btod_ediv                               0x0800124f   Thumb Code    40  btod.o(CL$$btod_ediv)
    _btod_emul                               0x08001277   Thumb Code    40  btod.o(CL$$btod_emul)
    __btod_mult_common                       0x0800129f   Thumb Code   580  btod.o(CL$$btod_mult_common)
    ADC_Cmd                                  0x080014e3   Thumb Code    22  stm32f10x_adc.o(i.ADC_Cmd)
    ADC_DMACmd                               0x080014f9   Thumb Code    22  stm32f10x_adc.o(i.ADC_DMACmd)
    ADC_GetCalibrationStatus                 0x0800150f   Thumb Code    20  stm32f10x_adc.o(i.ADC_GetCalibrationStatus)
    ADC_GetResetCalibrationStatus            0x08001523   Thumb Code    20  stm32f10x_adc.o(i.ADC_GetResetCalibrationStatus)
    ADC_Init                                 0x08001539   Thumb Code    70  stm32f10x_adc.o(i.ADC_Init)
    ADC_RegularChannelConfig                 0x08001589   Thumb Code   184  stm32f10x_adc.o(i.ADC_RegularChannelConfig)
    ADC_ResetCalibration                     0x08001641   Thumb Code    10  stm32f10x_adc.o(i.ADC_ResetCalibration)
    ADC_SoftwareStartConvCmd                 0x0800164b   Thumb Code    22  stm32f10x_adc.o(i.ADC_SoftwareStartConvCmd)
    ADC_StartCalibration                     0x08001661   Thumb Code    10  stm32f10x_adc.o(i.ADC_StartCalibration)
    DMA1_Channel2_IRQHandler                 0x0800166d   Thumb Code    18  interrupt.o(i.DMA1_Channel2_IRQHandler)
    DMA1_Channel4_IRQHandler                 0x08001685   Thumb Code    18  interrupt.o(i.DMA1_Channel4_IRQHandler)
    DMA1_Channel5_IRQHandler                 0x0800169d   Thumb Code     2  interrupt.o(i.DMA1_Channel5_IRQHandler)
    DMA1_Channel6_IRQHandler                 0x0800169f   Thumb Code     2  interrupt.o(i.DMA1_Channel6_IRQHandler)
    DMA1_Channel7_IRQHandler                 0x080016a1   Thumb Code    18  interrupt.o(i.DMA1_Channel7_IRQHandler)
    DMA_ClearFlag                            0x080016b9   Thumb Code    18  stm32f10x_dma.o(i.DMA_ClearFlag)
    DMA_ClearITPendingBit                    0x080016d5   Thumb Code    18  stm32f10x_dma.o(i.DMA_ClearITPendingBit)
    DMA_Cmd                                  0x080016f1   Thumb Code    24  stm32f10x_dma.o(i.DMA_Cmd)
    DMA_DeInit                               0x08001709   Thumb Code   324  stm32f10x_dma.o(i.DMA_DeInit)
    DMA_GetFlagStatus                        0x08001855   Thumb Code    36  stm32f10x_dma.o(i.DMA_GetFlagStatus)
    DMA_Init                                 0x08001881   Thumb Code    60  stm32f10x_dma.o(i.DMA_Init)
    EXTI0_IRQHandler                         0x080018bd   Thumb Code    10  interrupt.o(i.EXTI0_IRQHandler)
    EXTI15_10_IRQHandler                     0x080018c7   Thumb Code   112  interrupt.o(i.EXTI15_10_IRQHandler)
    EXTI1_IRQHandler                         0x08001937   Thumb Code    10  interrupt.o(i.EXTI1_IRQHandler)
    EXTI2_IRQHandler                         0x08001941   Thumb Code    10  interrupt.o(i.EXTI2_IRQHandler)
    EXTI3_IRQHandler                         0x0800194b   Thumb Code    10  interrupt.o(i.EXTI3_IRQHandler)
    EXTI4_IRQHandler                         0x08001955   Thumb Code    10  interrupt.o(i.EXTI4_IRQHandler)
    EXTI9_5_IRQHandler                       0x0800195f   Thumb Code    82  interrupt.o(i.EXTI9_5_IRQHandler)
    EXTI_ClearITPendingBit                   0x080019b1   Thumb Code     6  stm32f10x_exti.o(i.EXTI_ClearITPendingBit)
    EXTI_GetITStatus                         0x080019bd   Thumb Code    34  stm32f10x_exti.o(i.EXTI_GetITStatus)
    GPIO_Init                                0x080019e5   Thumb Code   278  stm32f10x_gpio.o(i.GPIO_Init)
    GPIO_PinRemapConfig                      0x08001afd   Thumb Code   138  stm32f10x_gpio.o(i.GPIO_PinRemapConfig)
    GPIO_ResetBits                           0x08001b8d   Thumb Code     4  stm32f10x_gpio.o(i.GPIO_ResetBits)
    GPIO_SetBits                             0x08001b91   Thumb Code     4  stm32f10x_gpio.o(i.GPIO_SetBits)
    I2C1_ER_IRQHandler                       0x08001b95   Thumb Code     2  interrupt.o(i.I2C1_ER_IRQHandler)
    I2C1_EV_IRQHandler                       0x08001b97   Thumb Code     2  interrupt.o(i.I2C1_EV_IRQHandler)
    I2C2_ER_IRQHandler                       0x08001b99   Thumb Code     2  interrupt.o(i.I2C2_ER_IRQHandler)
    I2C2_EV_IRQHandler                       0x08001b9b   Thumb Code     2  interrupt.o(i.I2C2_EV_IRQHandler)
    NVIC_Init                                0x08001b9d   Thumb Code   100  misc.o(i.NVIC_Init)
    NVIC_PriorityGroupConfig                 0x08001c0d   Thumb Code    10  misc.o(i.NVIC_PriorityGroupConfig)
    RCC_ADCCLKConfig                         0x08001c21   Thumb Code    18  stm32f10x_rcc.o(i.RCC_ADCCLKConfig)
    RCC_AHBPeriphClockCmd                    0x08001c39   Thumb Code    26  stm32f10x_rcc.o(i.RCC_AHBPeriphClockCmd)
    RCC_APB1PeriphClockCmd                   0x08001c59   Thumb Code    26  stm32f10x_rcc.o(i.RCC_APB1PeriphClockCmd)
    RCC_APB2PeriphClockCmd                   0x08001c79   Thumb Code    26  stm32f10x_rcc.o(i.RCC_APB2PeriphClockCmd)
    RCC_GetClocksFreq                        0x08001c99   Thumb Code   192  stm32f10x_rcc.o(i.RCC_GetClocksFreq)
    SysTick_Handler                          0x08001e55   Thumb Code    20  taskmanager.o(i.SysTick_Handler)
    SystemInit                               0x08001e75   Thumb Code    78  system_stm32f10x.o(i.SystemInit)
    TIM1_UP_IRQHandler                       0x08001ed5   Thumb Code     2  interrupt.o(i.TIM1_UP_IRQHandler)
    TIM2_IRQHandler                          0x08001ed7   Thumb Code     2  interrupt.o(i.TIM2_IRQHandler)
    TIM3_IRQHandler                          0x08001ed9   Thumb Code     2  interrupt.o(i.TIM3_IRQHandler)
    TIM4_IRQHandler                          0x08001edb   Thumb Code     2  interrupt.o(i.TIM4_IRQHandler)
    USART1_IRQHandler                        0x08001edd   Thumb Code    12  interrupt.o(i.USART1_IRQHandler)
    USART2_IRQHandler                        0x08001eed   Thumb Code    12  interrupt.o(i.USART2_IRQHandler)
    USART3_IRQHandler                        0x08001efd   Thumb Code    12  interrupt.o(i.USART3_IRQHandler)
    USART_ClearITPendingBit                  0x08001f0d   Thumb Code    30  stm32f10x_usart.o(i.USART_ClearITPendingBit)
    USART_Cmd                                0x08001f2b   Thumb Code    24  stm32f10x_usart.o(i.USART_Cmd)
    USART_DMACmd                             0x08001f43   Thumb Code    18  stm32f10x_usart.o(i.USART_DMACmd)
    USART_GetFlagStatus                      0x08001f55   Thumb Code    26  stm32f10x_usart.o(i.USART_GetFlagStatus)
    USART_GetITStatus                        0x08001f6f   Thumb Code    84  stm32f10x_usart.o(i.USART_GetITStatus)
    USART_ITConfig                           0x08001fc3   Thumb Code    74  stm32f10x_usart.o(i.USART_ITConfig)
    USART_Init                               0x0800200d   Thumb Code   210  stm32f10x_usart.o(i.USART_Init)
    USART_ReceiveData                        0x080020e5   Thumb Code    10  stm32f10x_usart.o(i.USART_ReceiveData)
    USART_SendData                           0x080020ef   Thumb Code     8  stm32f10x_usart.o(i.USART_SendData)
    TaskManager::Time()                      0x080020f9   Thumb Code   110  taskmanager.o(i._ZN11TaskManager4TimeEv)
    TaskManager::TimeSlice(double&, double)  0x08002189   Thumb Code    62  taskmanager.o(i._ZN11TaskManager9TimeSliceERdd)
    TaskManager::TaskManager()               0x080021c9   Thumb Code    32  taskmanager.o(i._ZN11TaskManagerC1Ev)
    TaskManager::TaskManager__sub_object()   0x080021c9   Thumb Code     0  taskmanager.o(i._ZN11TaskManagerC1Ev)
    Communication::DataListening()           0x080021ed   Thumb Code   272  communication.o(i._ZN13Communication13DataListeningEv)
    Communication::SendData2Copter(float, float, float, float) 0x08002301   Thumb Code   222  communication.o(i._ZN13Communication15SendData2CopterEffff)
    Communication::FlightLockControl(bool)   0x080023df   Thumb Code    18  communication.o(i._ZN13Communication17FlightLockControlEb)
    Communication::Communication(USART&)     0x080023f1   Thumb Code    24  communication.o(i._ZN13CommunicationC1ER5USART)
    Communication::Communication__sub_object(USART&) 0x080023f1   Thumb Code     0  communication.o(i._ZN13CommunicationC1ER5USART)
    ADC::Voltage_I(unsigned char, float, float, float) 0x08002409   Thumb Code   190  adc.o(i._ZN3ADC9Voltage_IEhfff)
    ADC::ADC(unsigned char, unsigned char, unsigned char, unsigned char, unsigned char, unsigned char, unsigned char, unsigned char, unsigned char, unsigned char) 0x080024dd   Thumb Code   518  adc.o(i._ZN3ADCC1Ehhhhhhhhhh)
    ADC::ADC__sub_object(unsigned char, unsigned char, unsigned char, unsigned char, unsigned char, unsigned char, unsigned char, unsigned char, unsigned char, unsigned char) 0x080024dd   Thumb Code     0  adc.o(i._ZN3ADCC1Ehhhhhhhhhh)
    ADC::operator [](unsigned char)          0x08002705   Thumb Code    60  adc.o(i._ZN3ADCixEh)
    HMI::setTextBox(char*, char*)            0x08002751   Thumb Code    72  hmi.o(i._ZN3HMI10setTextBoxEPcS0_)
    HMI::setTextBox(char*, float, unsigned char) 0x080027a5   Thumb Code   152  hmi.o(i._ZN3HMI10setTextBoxEPcfh)
    HMI::outputDirection(char*, unsigned char) 0x08002861   Thumb Code   174  hmi.o(i._ZN3HMI15outputDirectionEPch)
    HMI::vis(char*, bool)                    0x08002959   Thumb Code    86  hmi.o(i._ZN3HMI3visEPcb)
    HMI::HMI(USART&)                         0x080029c5   Thumb Code     4  hmi.o(i._ZN3HMIC1ER5USART)
    HMI::HMI__sub_object(USART&)             0x080029c5   Thumb Code     0  hmi.o(i._ZN3HMIC1ER5USART)
    GPIO::RCC_Configuration()                0x080029c9   Thumb Code   130  gpio.o(i._ZN4GPIO17RCC_ConfigurationEv)
    GPIO::SetLevel(unsigned char)            0x08002a69   Thumb Code    42  gpio.o(i._ZN4GPIO8SetLevelEh)
    GPIO::GPIO(GPIO_TypeDef*, unsigned short, GPIOMode_TypeDef, GPIOSpeed_TypeDef) 0x08002a99   Thumb Code    64  gpio.o(i._ZN4GPIOC1EP12GPIO_TypeDeft16GPIOMode_TypeDef17GPIOSpeed_TypeDef)
    GPIO::GPIO__sub_object(GPIO_TypeDef*, unsigned short, GPIOMode_TypeDef, GPIOSpeed_TypeDef) 0x08002a99   Thumb Code     0  gpio.o(i._ZN4GPIOC1EP12GPIO_TypeDeft16GPIOMode_TypeDef17GPIOSpeed_TypeDef)
    USART::GetReceivedData(unsigned char*, unsigned short) 0x08002add   Thumb Code    40  usart.o(i._ZN5USART15GetReceivedDataEPht)
    USART::ReceiveBufferSize()               0x08002b05   Thumb Code    14  usart.o(i._ZN5USART17ReceiveBufferSizeEv)
    USART::ClearReceiveBuffer()              0x08002b13   Thumb Code    14  usart.o(i._ZN5USART18ClearReceiveBufferEv)
    USART::Irq()                             0x08002b21   Thumb Code   208  usart.o(i._ZN5USART3IrqEv)
    USART::DmaIrq()                          0x08002bf9   Thumb Code   136  usart.o(i._ZN5USART6DmaIrqEv)
    USART::SendData(unsigned char*, unsigned) 0x08002c81   Thumb Code   212  usart.o(i._ZN5USART8SendDataEPhj)
    USART::USART(unsigned char, unsigned, bool, unsigned char, unsigned char, unsigned char, unsigned char, unsigned char, unsigned short, unsigned short, unsigned short) 0x08002d59   Thumb Code   908  usart.o(i._ZN5USARTC1Ehjbhhhhhttt)
    USART::USART__sub_object(unsigned char, unsigned, bool, unsigned char, unsigned char, unsigned char, unsigned char, unsigned char, unsigned short, unsigned short, unsigned short) 0x08002d59   Thumb Code     0  usart.o(i._ZN5USARTC1Ehjbhhhhhttt)
    USART::~USART()                          0x08003115   Thumb Code     2  usart.o(i._ZN5USARTD1Ev)
    USART::~USART__sub_object()              0x08003115   Thumb Code     0  usart.o(i._ZN5USARTD1Ev)
    USART::operator <<(const char*)          0x08003117   Thumb Code    36  usart.o(i._ZN5USARTlsEPKc)
    USART::operator <<(char)                 0x0800313b   Thumb Code    18  usart.o(i._ZN5USARTlsEc)
    USART::operator <<(double)               0x0800314d   Thumb Code   198  usart.o(i._ZN5USARTlsEd)
    Joystick::getLeftState()                 0x08003219   Thumb Code     6  joystick.o(i._ZN8Joystick12getLeftStateEv)
    Joystick::_getLeftState()                0x08003221   Thumb Code   220  joystick.o(i._ZN8Joystick13_getLeftStateEv)
    Joystick::getNightState()                0x08003305   Thumb Code     6  joystick.o(i._ZN8Joystick13getNightStateEv)
    Joystick::_getNightState()               0x0800330d   Thumb Code   222  joystick.o(i._ZN8Joystick14_getNightStateEv)
    Joystick::UpdataDirctionState()          0x080033f5   Thumb Code    24  joystick.o(i._ZN8Joystick19UpdataDirctionStateEv)
    Joystick::Updata()                       0x0800340d   Thumb Code    78  joystick.o(i._ZN8Joystick6UpdataEv)
    Joystick::Joystick(ADC&, unsigned char, unsigned char, unsigned char, unsigned char) 0x0800345b   Thumb Code    18  joystick.o(i._ZN8JoystickC1ER3ADChhhh)
    Joystick::Joystick__sub_object(ADC&, unsigned char, unsigned char, unsigned char, unsigned char) 0x0800345b   Thumb Code     0  joystick.o(i._ZN8JoystickC1ER3ADChhhh)
    __ARM_fpclassify                         0x0800346d   Thumb Code    40  fpclassify.o(i.__ARM_fpclassify)
    __aeabi_atexit                           0x08003495   Thumb Code    50  aeabi_atexit.o(i.__aeabi_atexit)
    __cxa_finalize                           0x080034c7   Thumb Code    66  cxa_finalize.o(i.__cxa_finalize)
    __cxa_guard_acquire                      0x08003509   Thumb Code    16  cxa_guard_acquire.o(i.__cxa_guard_acquire)
    _is_digit                                0x0800365d   Thumb Code    14  __printf_wp.o(i._is_digit)
    main                                     0x0800366d   Thumb Code   596  main.o(i.main)
    _get_lc_numeric                          0x0800392d   Thumb Code    44  lc_numeric_c.o(locale$$code)
    FIFOBuffer<unsigned char, (unsigned short)256>::Get(unsigned char&) 0x08003959   Thumb Code    52  usart.o(t._ZN10FIFOBufferIhLt256EE3GetERh)
    FIFOBuffer<unsigned char, (unsigned short)256>::Put(const unsigned char&) 0x0800398d   Thumb Code    68  usart.o(t._ZN10FIFOBufferIhLt256EE3PutERKh)
    FIFOBuffer<unsigned char, (unsigned short)256>::Gets(unsigned char*, unsigned short) 0x080039d1   Thumb Code    68  usart.o(t._ZN10FIFOBufferIhLt256EE4GetsEPht)
    FIFOBuffer<unsigned char, (unsigned short)256>::Puts(unsigned char*, unsigned short) 0x08003a15   Thumb Code    82  usart.o(t._ZN10FIFOBufferIhLt256EE4PutsEPht)
    FIFOBuffer<unsigned char, (unsigned short)256>::Size() 0x08003a67   Thumb Code    28  usart.o(t._ZN10FIFOBufferIhLt256EE4SizeEv)
    FIFOBuffer<unsigned char, (unsigned short)256>::Clear() 0x08003a83   Thumb Code    12  usart.o(t._ZN10FIFOBufferIhLt256EE5ClearEv)
    FIFOBuffer<unsigned char, (unsigned short)256>::FIFOBuffer() 0x08003a8f   Thumb Code    12  usart.o(t._ZN10FIFOBufferIhLt256EEC1Ev)
    FIFOBuffer<unsigned char, (unsigned short)256>::FIFOBuffer__sub_object() 0x08003a8f   Thumb Code     0  usart.o(t._ZN10FIFOBufferIhLt256EEC1Ev)
    __aeabi_d2f                              0x08003a9d   Thumb Code     0  d2f.o(x$fpl$d2f)
    _d2f                                     0x08003a9d   Thumb Code    98  d2f.o(x$fpl$d2f)
    __aeabi_dadd                             0x08003b01   Thumb Code     0  daddsub_clz.o(x$fpl$dadd)
    _dadd                                    0x08003b01   Thumb Code   332  daddsub_clz.o(x$fpl$dadd)
    __fpl_dcmp_Inf                           0x08003c51   Thumb Code    24  dcmpi.o(x$fpl$dcmpinf)
    __aeabi_ddiv                             0x08003c69   Thumb Code     0  ddiv.o(x$fpl$ddiv)
    _ddiv                                    0x08003c69   Thumb Code   552  ddiv.o(x$fpl$ddiv)
    __aeabi_d2uiz                            0x08003f19   Thumb Code     0  dfixu.o(x$fpl$dfixu)
    _dfixu                                   0x08003f19   Thumb Code    90  dfixu.o(x$fpl$dfixu)
    __aeabi_ui2d                             0x08003f73   Thumb Code     0  dflt_clz.o(x$fpl$dfltu)
    _dfltu                                   0x08003f73   Thumb Code    38  dflt_clz.o(x$fpl$dfltu)
    __aeabi_cdcmple                          0x08003f99   Thumb Code     0  dleqf.o(x$fpl$dleqf)
    _dcmple                                  0x08003f99   Thumb Code   120  dleqf.o(x$fpl$dleqf)
    __fpl_dcmple_InfNaN                      0x08003ffb   Thumb Code     0  dleqf.o(x$fpl$dleqf)
    __aeabi_dmul                             0x08004011   Thumb Code     0  dmul.o(x$fpl$dmul)
    _dmul                                    0x08004011   Thumb Code   332  dmul.o(x$fpl$dmul)
    __fpl_dnaninf                            0x08004165   Thumb Code   156  dnaninf.o(x$fpl$dnaninf)
    __fpl_dretinf                            0x08004201   Thumb Code    12  dretinf.o(x$fpl$dretinf)
    __aeabi_cdrcmple                         0x0800420d   Thumb Code     0  drleqf.o(x$fpl$drleqf)
    _drcmple                                 0x0800420d   Thumb Code   108  drleqf.o(x$fpl$drleqf)
    __aeabi_dsub                             0x08004279   Thumb Code     0  daddsub_clz.o(x$fpl$dsub)
    _dsub                                    0x08004279   Thumb Code   464  daddsub_clz.o(x$fpl$dsub)
    __aeabi_f2d                              0x0800444d   Thumb Code     0  f2d.o(x$fpl$f2d)
    _f2d                                     0x0800444d   Thumb Code    86  f2d.o(x$fpl$f2d)
    __aeabi_fadd                             0x080044a5   Thumb Code     0  faddsub_clz.o(x$fpl$fadd)
    _fadd                                    0x080044a5   Thumb Code   196  faddsub_clz.o(x$fpl$fadd)
    __fpl_fcmp_Inf                           0x08004569   Thumb Code    24  fcmpi.o(x$fpl$fcmpinf)
    __aeabi_fdiv                             0x08004581   Thumb Code     0  fdiv.o(x$fpl$fdiv)
    _fdiv                                    0x08004581   Thumb Code   384  fdiv.o(x$fpl$fdiv)
    __aeabi_cfcmpeq                          0x08004705   Thumb Code     0  feqf.o(x$fpl$feqf)
    _fcmpeq                                  0x08004705   Thumb Code   104  feqf.o(x$fpl$feqf)
    __aeabi_i2f                              0x0800476d   Thumb Code     0  fflt_clz.o(x$fpl$fflt)
    _fflt                                    0x0800476d   Thumb Code    48  fflt_clz.o(x$fpl$fflt)
    __aeabi_ui2f                             0x0800479d   Thumb Code     0  fflt_clz.o(x$fpl$ffltu)
    _ffltu                                   0x0800479d   Thumb Code    38  fflt_clz.o(x$fpl$ffltu)
    __aeabi_cfcmple                          0x080047c5   Thumb Code     0  fleqf.o(x$fpl$fleqf)
    _fcmple                                  0x080047c5   Thumb Code   104  fleqf.o(x$fpl$fleqf)
    __fpl_fcmple_InfNaN                      0x08004817   Thumb Code     0  fleqf.o(x$fpl$fleqf)
    __fpl_fnaninf                            0x0800482d   Thumb Code   140  fnaninf.o(x$fpl$fnaninf)
    __fpl_fretinf                            0x080048b9   Thumb Code    10  fretinf.o(x$fpl$fretinf)
    __aeabi_cfrcmple                         0x080048c3   Thumb Code     0  frleqf.o(x$fpl$frleqf)
    _frcmple                                 0x080048c3   Thumb Code    98  frleqf.o(x$fpl$frleqf)
    __aeabi_fsub                             0x08004925   Thumb Code     0  faddsub_clz.o(x$fpl$fsub)
    _fsub                                    0x08004925   Thumb Code   234  faddsub_clz.o(x$fpl$fsub)
    _printf_fp_dec                           0x08004a0f   Thumb Code     4  printf1.o(x$fpl$printf1)
    GPIO::mPin                               0x08004a12   Data          32  gpio.o(.constdata)
    __I$use$fp                               0x08004a12   Number         0  usenofp.o(x$fpl$usenofp)
    Region$$Table$$Base                      0x08004ac8   Number         0  anon$$obj.o(Region$$Table)
    Region$$Table$$Limit                     0x08004ae8   Number         0  anon$$obj.o(Region$$Table)
    SHT$$INIT_ARRAY$$Base                    0x08004b04   Number         0  taskmanager.o(.init_array)
    SHT$$INIT_ARRAY$$Limit                   0x08004b0c   Number         0  init_aeabi.o(.init_array)
    ADC::_pin                                0x20000000   Data          20  adc.o(.data)
    pUSART1                                  0x20000020   Data           4  interrupt.o(.data)
    pUSART2                                  0x20000024   Data           4  interrupt.o(.data)
    pUSART3                                  0x20000028   Data           4  interrupt.o(.data)
    tskmgr                                   0x20000030   Data           1  taskmanager.o(.data)
    TaskManager::_new_time                   0x20000038   Data           8  taskmanager.o(.data)
    TaskManager::_old_time                   0x20000040   Data           8  taskmanager.o(.data)
    TaskManager::_it_time                    0x20000048   Data           8  taskmanager.o(.data)
    pressure                                 0x20000050   Data           1  main.o(.data)
    MessageShow                              0x20000054   Data           4  main.o(.data)
    ADC::_enCh                               0x2000006c   Data          10  adc.o(.bss)
    ADC::_chMap                              0x20000076   Data          10  adc.o(.bss)
    ADC::_adcValue                           0x20000080   Data          20  adc.o(.bss)
    com1                                     0x20000094   Data         588  main.o(.bss)
    com2                                     0x200002e0   Data         588  main.o(.bss)
    com3                                     0x2000052c   Data         588  main.o(.bss)
    ledRedGPIO                               0x20000778   Data          12  main.o(.bss)
    ledGREGPIO                               0x20000784   Data          12  main.o(.bss)
    RC                                       0x20000790   Data          28  main.o(.bss)
    Rc2Copter                                0x200007ac   Data          32  main.o(.bss)
    __libspace_start                         0x200007cc   Data          96  libspace.o(.bss)
    __temporary_stack_top$libspace           0x2000082c   Data           0  libspace.o(.bss)



==============================================================================

Memory Map of the image

  Image Entry point : 0x080000ed

  Load Region LR_IROM1 (Base: 0x08000000, Size: 0x00004b78, Max: 0x00010000, ABSOLUTE)

    Execution Region ER_IROM1 (Base: 0x08000000, Size: 0x00004b0c, Max: 0x00010000, ABSOLUTE)

    Base Addr    Size         Type   Attr      Idx    E Section Name        Object

    0x08000000   0x000000ec   Data   RO         3569    RESET               startup_stm32f10x_md.o
    0x080000ec   0x00000008   Code   RO         3662  * !!!main             c_w.l(__main.o)
    0x080000f4   0x00000034   Code   RO         4077    !!!scatter          c_w.l(__scatter.o)
    0x08000128   0x0000001a   Code   RO         4079    !!handler_copy      c_w.l(__scatter_copy.o)
    0x08000142   0x00000002   PAD
    0x08000144   0x0000001c   Code   RO         4081    !!handler_zi        c_w.l(__scatter_zi.o)
    0x08000160   0x00000000   Code   RO         3652    .ARM.Collect$$_printf_percent$$00000000  c_w.l(_printf_percent.o)
    0x08000160   0x00000006   Code   RO         3651    .ARM.Collect$$_printf_percent$$00000003  c_w.l(_printf_f.o)
    0x08000166   0x00000004   Code   RO         3809    .ARM.Collect$$_printf_percent$$00000017  c_w.l(_printf_percent_end.o)
    0x0800016a   0x00000002   Code   RO         4021    .ARM.Collect$$libinit$$00000000  c_w.l(libinit.o)
    0x0800016c   0x00000000   Code   RO         3811    .ARM.Collect$$libinit$$00000002  c_w.l(libinit2.o)
    0x0800016c   0x00000000   Code   RO         3813    .ARM.Collect$$libinit$$00000004  c_w.l(libinit2.o)
    0x0800016c   0x00000008   Code   RO         3814    .ARM.Collect$$libinit$$00000005  c_w.l(libinit2.o)
    0x08000174   0x00000000   Code   RO         3816    .ARM.Collect$$libinit$$0000000A  c_w.l(libinit2.o)
    0x08000174   0x00000000   Code   RO         3818    .ARM.Collect$$libinit$$0000000C  c_w.l(libinit2.o)
    0x08000174   0x00000000   Code   RO         3820    .ARM.Collect$$libinit$$0000000E  c_w.l(libinit2.o)
    0x08000174   0x00000006   Code   RO         3821    .ARM.Collect$$libinit$$0000000F  c_w.l(libinit2.o)
    0x0800017a   0x00000000   Code   RO         3823    .ARM.Collect$$libinit$$00000011  c_w.l(libinit2.o)
    0x0800017a   0x00000000   Code   RO         3825    .ARM.Collect$$libinit$$00000013  c_w.l(libinit2.o)
    0x0800017a   0x00000000   Code   RO         3827    .ARM.Collect$$libinit$$00000015  c_w.l(libinit2.o)
    0x0800017a   0x0000000a   Code   RO         3828    .ARM.Collect$$libinit$$00000016  c_w.l(libinit2.o)
    0x08000184   0x00000000   Code   RO         3829    .ARM.Collect$$libinit$$00000017  c_w.l(libinit2.o)
    0x08000184   0x00000000   Code   RO         3831    .ARM.Collect$$libinit$$00000019  c_w.l(libinit2.o)
    0x08000184   0x00000000   Code   RO         3833    .ARM.Collect$$libinit$$0000001B  c_w.l(libinit2.o)
    0x08000184   0x00000000   Code   RO         3835    .ARM.Collect$$libinit$$0000001D  c_w.l(libinit2.o)
    0x08000184   0x00000000   Code   RO         3837    .ARM.Collect$$libinit$$0000001F  c_w.l(libinit2.o)
    0x08000184   0x00000000   Code   RO         3839    .ARM.Collect$$libinit$$00000021  c_w.l(libinit2.o)
    0x08000184   0x00000000   Code   RO         3841    .ARM.Collect$$libinit$$00000023  c_w.l(libinit2.o)
    0x08000184   0x00000000   Code   RO         3843    .ARM.Collect$$libinit$$00000025  c_w.l(libinit2.o)
    0x08000184   0x00000000   Code   RO         3847    .ARM.Collect$$libinit$$0000002C  c_w.l(libinit2.o)
    0x08000184   0x00000000   Code   RO         3849    .ARM.Collect$$libinit$$0000002E  c_w.l(libinit2.o)
    0x08000184   0x00000000   Code   RO         3851    .ARM.Collect$$libinit$$00000030  c_w.l(libinit2.o)
    0x08000184   0x00000004   Code   RO         3852    .ARM.Collect$$libinit$$00000031  c_w.l(libinit2.o)
    0x08000188   0x00000000   Code   RO         3853    .ARM.Collect$$libinit$$00000032  c_w.l(libinit2.o)
    0x08000188   0x00000002   Code   RO         3854    .ARM.Collect$$libinit$$00000033  c_w.l(libinit2.o)
    0x0800018a   0x00000002   Code   RO         4058    .ARM.Collect$$libshutdown$$00000000  c_w.l(libshutdown.o)
    0x0800018c   0x00000006   Code   RO         3855    .ARM.Collect$$libshutdown$$00000001  c_w.l(libshutdown2.o)
    0x08000192   0x00000000   Code   RO         3857    .ARM.Collect$$libshutdown$$00000003  c_w.l(libshutdown2.o)
    0x08000192   0x00000000   Code   RO         3860    .ARM.Collect$$libshutdown$$00000006  c_w.l(libshutdown2.o)
    0x08000192   0x00000000   Code   RO         3863    .ARM.Collect$$libshutdown$$00000009  c_w.l(libshutdown2.o)
    0x08000192   0x00000000   Code   RO         3865    .ARM.Collect$$libshutdown$$0000000B  c_w.l(libshutdown2.o)
    0x08000192   0x00000000   Code   RO         3868    .ARM.Collect$$libshutdown$$0000000E  c_w.l(libshutdown2.o)
    0x08000192   0x00000002   Code   RO         3869    .ARM.Collect$$libshutdown$$0000000F  c_w.l(libshutdown2.o)
    0x08000194   0x00000000   Code   RO         3739    .ARM.Collect$$rtentry$$00000000  c_w.l(__rtentry.o)
    0x08000194   0x00000000   Code   RO         3895    .ARM.Collect$$rtentry$$00000002  c_w.l(__rtentry2.o)
    0x08000194   0x00000006   Code   RO         3907    .ARM.Collect$$rtentry$$00000004  c_w.l(__rtentry4.o)
    0x0800019a   0x00000000   Code   RO         3897    .ARM.Collect$$rtentry$$00000009  c_w.l(__rtentry2.o)
    0x0800019a   0x00000004   Code   RO         3898    .ARM.Collect$$rtentry$$0000000A  c_w.l(__rtentry2.o)
    0x0800019e   0x00000000   Code   RO         3900    .ARM.Collect$$rtentry$$0000000C  c_w.l(__rtentry2.o)
    0x0800019e   0x00000008   Code   RO         3901    .ARM.Collect$$rtentry$$0000000D  c_w.l(__rtentry2.o)
    0x080001a6   0x00000002   Code   RO         4025    .ARM.Collect$$rtexit$$00000000  c_w.l(rtexit.o)
    0x080001a8   0x00000000   Code   RO         4038    .ARM.Collect$$rtexit$$00000002  c_w.l(rtexit2.o)
    0x080001a8   0x00000004   Code   RO         4039    .ARM.Collect$$rtexit$$00000003  c_w.l(rtexit2.o)
    0x080001ac   0x00000006   Code   RO         4040    .ARM.Collect$$rtexit$$00000004  c_w.l(rtexit2.o)
    0x080001b2   0x00000002   PAD
    0x080001b4   0x00000000   Code   RO         3995    .emb_text           c_w.l(maybetermalloc1.o)
    0x080001b4   0x00000040   Code   RO         3570    .text               startup_stm32f10x_md.o
    0x080001f4   0x00000028   Code   RO         3624    .text               c_w.l(noretval__2sprintf.o)
    0x0800021c   0x0000010e   Code   RO         3638    .text               c_w.l(__printf_wp.o)
    0x0800032a   0x00000064   Code   RO         3656    .text               c_w.l(rt_memcpy_w.o)
    0x0800038e   0x0000004e   Code   RO         3658    .text               c_w.l(rt_memclr_w.o)
    0x080003dc   0x00000006   Code   RO         3660    .text               c_w.l(heapauxi.o)
    0x080003e2   0x00000002   PAD
    0x080003e4   0x00000024   Code   RO         3667    .text               c_w.l(init_aeabi.o)
    0x08000408   0x00000008   Code   RO         3743    .text               c_w.l(rt_ddtor_pointer_addr_intlibspace.o)
    0x08000410   0x0000005e   Code   RO         3747    .text               c_w.l(h1_alloc.o)
    0x0800046e   0x0000041a   Code   RO         3803    .text               c_w.l(_printf_fp_dec.o)
    0x08000888   0x00000030   Code   RO         3805    .text               c_w.l(_printf_char_common.o)
    0x080008b8   0x0000000a   Code   RO         3807    .text               c_w.l(_sputc.o)
    0x080008c2   0x00000002   PAD
    0x080008c4   0x00000008   Code   RO         3889    .text               c_w.l(libspace.o)
    0x080008cc   0x00000008   Code   RO         3912    .text               c_w.l(rt_heap_descriptor_intlibspace.o)
    0x080008d4   0x00000008   Code   RO         3917    .text               c_w.l(rt_locale_intlibspace.o)
    0x080008dc   0x00000004   Code   RO         3919    .text               c_w.l(hguard.o)
    0x080008e0   0x0000008a   Code   RO         3921    .text               c_w.l(init_alloc.o)
    0x0800096a   0x0000000e   Code   RO         3927    .text               c_w.l(h1_init.o)
    0x08000978   0x0000004e   Code   RO         3929    .text               c_w.l(h1_free.o)
    0x080009c6   0x0000008a   Code   RO         3945    .text               c_w.l(lludiv10.o)
    0x08000a50   0x00000080   Code   RO         3947    .text               c_w.l(_printf_fp_infnan.o)
    0x08000ad0   0x000000dc   Code   RO         3951    .text               c_w.l(bigflt0.o)
    0x08000bac   0x0000004a   Code   RO         3991    .text               c_w.l(sys_stackheap_outer.o)
    0x08000bf6   0x00000034   Code   RO         3997    .text               c_w.l(h1_extend.o)
    0x08000c2a   0x0000000c   Code   RO         4001    .text               c_w.l(exit.o)
    0x08000c36   0x0000000e   Code   RO         4003    .text               c_w.l(defsig_rtmem_outer.o)
    0x08000c44   0x00000080   Code   RO         4007    .text               c_w.l(strcmpv7m.o)
    0x08000cc4   0x00000002   Code   RO         4022    .text               c_w.l(use_no_semi.o)
    0x08000cc6   0x00000000   Code   RO         4024    .text               c_w.l(indicate_semi.o)
    0x08000cc6   0x0000000a   Code   RO         4031    .text               c_w.l(defsig_exit.o)
    0x08000cd0   0x00000050   Code   RO         4033    .text               c_w.l(defsig_rtmem_inner.o)
    0x08000d20   0x0000000c   Code   RO         4035    .text               c_w.l(sys_exit.o)
    0x08000d2c   0x00000032   Code   RO         4050    .text               c_w.l(defsig_general.o)
    0x08000d5e   0x0000000e   Code   RO         4052    .text               c_w.l(sys_wrch.o)
    0x08000d6c   0x0000003e   Code   RO         3954    CL$$btod_d2e        c_w.l(btod.o)
    0x08000daa   0x00000046   Code   RO         3956    CL$$btod_d2e_denorm_low  c_w.l(btod.o)
    0x08000df0   0x00000060   Code   RO         3955    CL$$btod_d2e_norm_op1  c_w.l(btod.o)
    0x08000e50   0x00000338   Code   RO         3964    CL$$btod_div_common  c_w.l(btod.o)
    0x08001188   0x000000c6   Code   RO         3961    CL$$btod_e2e        c_w.l(btod.o)
    0x0800124e   0x00000028   Code   RO         3958    CL$$btod_ediv       c_w.l(btod.o)
    0x08001276   0x00000028   Code   RO         3957    CL$$btod_emul       c_w.l(btod.o)
    0x0800129e   0x00000244   Code   RO         3963    CL$$btod_mult_common  c_w.l(btod.o)
    0x080014e2   0x00000016   Code   RO         1652    i.ADC_Cmd           stm32f10x_adc.o
    0x080014f8   0x00000016   Code   RO         1653    i.ADC_DMACmd        stm32f10x_adc.o
    0x0800150e   0x00000014   Code   RO         1660    i.ADC_GetCalibrationStatus  stm32f10x_adc.o
    0x08001522   0x00000014   Code   RO         1666    i.ADC_GetResetCalibrationStatus  stm32f10x_adc.o
    0x08001536   0x00000002   PAD
    0x08001538   0x00000050   Code   RO         1670    i.ADC_Init          stm32f10x_adc.o
    0x08001588   0x000000b8   Code   RO         1674    i.ADC_RegularChannelConfig  stm32f10x_adc.o
    0x08001640   0x0000000a   Code   RO         1675    i.ADC_ResetCalibration  stm32f10x_adc.o
    0x0800164a   0x00000016   Code   RO         1677    i.ADC_SoftwareStartConvCmd  stm32f10x_adc.o
    0x08001660   0x0000000a   Code   RO         1679    i.ADC_StartCalibration  stm32f10x_adc.o
    0x0800166a   0x00000002   PAD
    0x0800166c   0x00000018   Code   RO          879    i.DMA1_Channel2_IRQHandler  interrupt.o
    0x08001684   0x00000018   Code   RO          880    i.DMA1_Channel4_IRQHandler  interrupt.o
    0x0800169c   0x00000002   Code   RO          881    i.DMA1_Channel5_IRQHandler  interrupt.o
    0x0800169e   0x00000002   Code   RO          882    i.DMA1_Channel6_IRQHandler  interrupt.o
    0x080016a0   0x00000018   Code   RO          883    i.DMA1_Channel7_IRQHandler  interrupt.o
    0x080016b8   0x0000001c   Code   RO         1880    i.DMA_ClearFlag     stm32f10x_dma.o
    0x080016d4   0x0000001c   Code   RO         1881    i.DMA_ClearITPendingBit  stm32f10x_dma.o
    0x080016f0   0x00000018   Code   RO         1882    i.DMA_Cmd           stm32f10x_dma.o
    0x08001708   0x0000014c   Code   RO         1883    i.DMA_DeInit        stm32f10x_dma.o
    0x08001854   0x0000002c   Code   RO         1885    i.DMA_GetFlagStatus  stm32f10x_dma.o
    0x08001880   0x0000003c   Code   RO         1888    i.DMA_Init          stm32f10x_dma.o
    0x080018bc   0x0000000a   Code   RO          884    i.EXTI0_IRQHandler  interrupt.o
    0x080018c6   0x00000070   Code   RO          885    i.EXTI15_10_IRQHandler  interrupt.o
    0x08001936   0x0000000a   Code   RO          886    i.EXTI1_IRQHandler  interrupt.o
    0x08001940   0x0000000a   Code   RO          887    i.EXTI2_IRQHandler  interrupt.o
    0x0800194a   0x0000000a   Code   RO          888    i.EXTI3_IRQHandler  interrupt.o
    0x08001954   0x0000000a   Code   RO          889    i.EXTI4_IRQHandler  interrupt.o
    0x0800195e   0x00000052   Code   RO          890    i.EXTI9_5_IRQHandler  interrupt.o
    0x080019b0   0x0000000c   Code   RO         1965    i.EXTI_ClearITPendingBit  stm32f10x_exti.o
    0x080019bc   0x00000028   Code   RO         1969    i.EXTI_GetITStatus  stm32f10x_exti.o
    0x080019e4   0x00000116   Code   RO         2222    i.GPIO_Init         stm32f10x_gpio.o
    0x08001afa   0x00000002   PAD
    0x08001afc   0x00000090   Code   RO         2224    i.GPIO_PinRemapConfig  stm32f10x_gpio.o
    0x08001b8c   0x00000004   Code   RO         2229    i.GPIO_ResetBits    stm32f10x_gpio.o
    0x08001b90   0x00000004   Code   RO         2230    i.GPIO_SetBits      stm32f10x_gpio.o
    0x08001b94   0x00000002   Code   RO          891    i.I2C1_ER_IRQHandler  interrupt.o
    0x08001b96   0x00000002   Code   RO          892    i.I2C1_EV_IRQHandler  interrupt.o
    0x08001b98   0x00000002   Code   RO          893    i.I2C2_ER_IRQHandler  interrupt.o
    0x08001b9a   0x00000002   Code   RO          894    i.I2C2_EV_IRQHandler  interrupt.o
    0x08001b9c   0x00000070   Code   RO         1541    i.NVIC_Init         misc.o
    0x08001c0c   0x00000014   Code   RO         1542    i.NVIC_PriorityGroupConfig  misc.o
    0x08001c20   0x00000018   Code   RO         2558    i.RCC_ADCCLKConfig  stm32f10x_rcc.o
    0x08001c38   0x00000020   Code   RO         2559    i.RCC_AHBPeriphClockCmd  stm32f10x_rcc.o
    0x08001c58   0x00000020   Code   RO         2560    i.RCC_APB1PeriphClockCmd  stm32f10x_rcc.o
    0x08001c78   0x00000020   Code   RO         2562    i.RCC_APB2PeriphClockCmd  stm32f10x_rcc.o
    0x08001c98   0x000000d4   Code   RO         2570    i.RCC_GetClocksFreq  stm32f10x_rcc.o
    0x08001d6c   0x00000008   Code   RO         3577    i.SetSysClock       system_stm32f10x.o
    0x08001d74   0x000000e0   Code   RO         3578    i.SetSysClockTo72   system_stm32f10x.o
    0x08001e54   0x00000020   Code   RO         1064    i.SysTick_Handler   taskmanager.o
    0x08001e74   0x00000060   Code   RO         3580    i.SystemInit        system_stm32f10x.o
    0x08001ed4   0x00000002   Code   RO          895    i.TIM1_UP_IRQHandler  interrupt.o
    0x08001ed6   0x00000002   Code   RO          896    i.TIM2_IRQHandler   interrupt.o
    0x08001ed8   0x00000002   Code   RO          897    i.TIM3_IRQHandler   interrupt.o
    0x08001eda   0x00000002   Code   RO          898    i.TIM4_IRQHandler   interrupt.o
    0x08001edc   0x00000010   Code   RO          899    i.USART1_IRQHandler  interrupt.o
    0x08001eec   0x00000010   Code   RO          900    i.USART2_IRQHandler  interrupt.o
    0x08001efc   0x00000010   Code   RO          901    i.USART3_IRQHandler  interrupt.o
    0x08001f0c   0x0000001e   Code   RO         3331    i.USART_ClearITPendingBit  stm32f10x_usart.o
    0x08001f2a   0x00000018   Code   RO         3334    i.USART_Cmd         stm32f10x_usart.o
    0x08001f42   0x00000012   Code   RO         3335    i.USART_DMACmd      stm32f10x_usart.o
    0x08001f54   0x0000001a   Code   RO         3337    i.USART_GetFlagStatus  stm32f10x_usart.o
    0x08001f6e   0x00000054   Code   RO         3338    i.USART_GetITStatus  stm32f10x_usart.o
    0x08001fc2   0x0000004a   Code   RO         3340    i.USART_ITConfig    stm32f10x_usart.o
    0x0800200c   0x000000d8   Code   RO         3341    i.USART_Init        stm32f10x_usart.o
    0x080020e4   0x0000000a   Code   RO         3348    i.USART_ReceiveData  stm32f10x_usart.o
    0x080020ee   0x00000008   Code   RO         3351    i.USART_SendData    stm32f10x_usart.o
    0x080020f6   0x00000002   PAD
    0x080020f8   0x00000090   Code   RO         1065    i._ZN11TaskManager4TimeEv  taskmanager.o
    0x08002188   0x0000003e   Code   RO         1069    i._ZN11TaskManager9TimeSliceERdd  taskmanager.o
    0x080021c6   0x00000002   PAD
    0x080021c8   0x00000024   Code   RO         1070    i._ZN11TaskManagerC1Ev  taskmanager.o
    0x080021ec   0x00000114   Code   RO         1475    i._ZN13Communication13DataListeningEv  communication.o
    0x08002300   0x000000de   Code   RO         1476    i._ZN13Communication15SendData2CopterEffff  communication.o
    0x080023de   0x00000012   Code   RO         1477    i._ZN13Communication17FlightLockControlEb  communication.o
    0x080023f0   0x00000018   Code   RO         1478    i._ZN13CommunicationC1ER5USART  communication.o
    0x08002408   0x000000d4   Code   RO            4    i._ZN3ADC9Voltage_IEhfff  adc.o
    0x080024dc   0x00000228   Code   RO            5    i._ZN3ADCC1Ehhhhhhhhhh  adc.o
    0x08002704   0x0000004c   Code   RO            6    i._ZN3ADCixEh       adc.o
    0x08002750   0x00000054   Code   RO         1199    i._ZN3HMI10setTextBoxEPcS0_  hmi.o
    0x080027a4   0x000000bc   Code   RO         1200    i._ZN3HMI10setTextBoxEPcfh  hmi.o
    0x08002860   0x000000f8   Code   RO         1202    i._ZN3HMI15outputDirectionEPch  hmi.o
    0x08002958   0x0000006c   Code   RO         1203    i._ZN3HMI3visEPcb   hmi.o
    0x080029c4   0x00000004   Code   RO         1205    i._ZN3HMIC1ER5USART  hmi.o
    0x080029c8   0x000000a0   Code   RO          340    i._ZN4GPIO17RCC_ConfigurationEv  gpio.o
    0x08002a68   0x00000030   Code   RO          343    i._ZN4GPIO8SetLevelEh  gpio.o
    0x08002a98   0x00000044   Code   RO          344    i._ZN4GPIOC1EP12GPIO_TypeDeft16GPIOMode_TypeDef17GPIOSpeed_TypeDef  gpio.o
    0x08002adc   0x00000028   Code   RO          688    i._ZN5USART15GetReceivedDataEPht  usart.o
    0x08002b04   0x0000000e   Code   RO          689    i._ZN5USART17ReceiveBufferSizeEv  usart.o
    0x08002b12   0x0000000e   Code   RO          690    i._ZN5USART18ClearReceiveBufferEv  usart.o
    0x08002b20   0x000000d8   Code   RO          691    i._ZN5USART3IrqEv   usart.o
    0x08002bf8   0x00000088   Code   RO          692    i._ZN5USART6DmaIrqEv  usart.o
    0x08002c80   0x000000d8   Code   RO          697    i._ZN5USART8SendDataEPhj  usart.o
    0x08002d58   0x000003bc   Code   RO          698    i._ZN5USARTC1Ehjbhhhhhttt  usart.o
    0x08003114   0x00000002   Code   RO          699    i._ZN5USARTD1Ev     usart.o
    0x08003116   0x00000024   Code   RO          700    i._ZN5USARTlsEPKc   usart.o
    0x0800313a   0x00000012   Code   RO          701    i._ZN5USARTlsEc     usart.o
    0x0800314c   0x000000cc   Code   RO          702    i._ZN5USARTlsEd     usart.o
    0x08003218   0x00000006   Code   RO         1265    i._ZN8Joystick12getLeftStateEv  joystick.o
    0x0800321e   0x00000002   PAD
    0x08003220   0x000000e4   Code   RO         1266    i._ZN8Joystick13_getLeftStateEv  joystick.o
    0x08003304   0x00000006   Code   RO         1267    i._ZN8Joystick13getNightStateEv  joystick.o
    0x0800330a   0x00000002   PAD
    0x0800330c   0x000000e8   Code   RO         1268    i._ZN8Joystick14_getNightStateEv  joystick.o
    0x080033f4   0x00000018   Code   RO         1269    i._ZN8Joystick19UpdataDirctionStateEv  joystick.o
    0x0800340c   0x0000004e   Code   RO         1270    i._ZN8Joystick6UpdataEv  joystick.o
    0x0800345a   0x00000012   Code   RO         1271    i._ZN8JoystickC1ER3ADChhhh  joystick.o
    0x0800346c   0x00000028   Code   RO         3987    i.__ARM_fpclassify  m_ws.l(fpclassify.o)
    0x08003494   0x00000032   Code   RO         3676    i.__aeabi_atexit    cpprt_w.l(aeabi_atexit.o)
    0x080034c6   0x00000042   Code   RO         3873    i.__cxa_finalize    cpprt_w.l(cxa_finalize.o)
    0x08003508   0x00000010   Code   RO         3670    i.__cxa_guard_acquire  cpprt_w.l(cxa_guard_acquire.o)
    0x08003518   0x00000010   Code   RO         1071    i.__sti___15_TaskManager_cpp_tskmgr  taskmanager.o
    0x08003528   0x00000134   Code   RO         1403    i.__sti___8_Main_cpp_com1  main.o
    0x0800365c   0x0000000e   Code   RO         3640    i._is_digit         c_w.l(__printf_wp.o)
    0x0800366a   0x00000002   PAD
    0x0800366c   0x000002c0   Code   RO         1404    i.main              main.o
    0x0800392c   0x0000002c   Code   RO         3977    locale$$code        c_w.l(lc_numeric_c.o)
    0x08003958   0x00000034   Code   RO          840    t._ZN10FIFOBufferIhLt256EE3GetERh  usart.o
    0x0800398c   0x00000044   Code   RO          834    t._ZN10FIFOBufferIhLt256EE3PutERKh  usart.o
    0x080039d0   0x00000044   Code   RO          858    t._ZN10FIFOBufferIhLt256EE4GetsEPht  usart.o
    0x08003a14   0x00000052   Code   RO          846    t._ZN10FIFOBufferIhLt256EE4PutsEPht  usart.o
    0x08003a66   0x0000001c   Code   RO          852    t._ZN10FIFOBufferIhLt256EE4SizeEv  usart.o
    0x08003a82   0x0000000c   Code   RO          864    t._ZN10FIFOBufferIhLt256EE5ClearEv  usart.o
    0x08003a8e   0x0000000c   Code   RO          828    t._ZN10FIFOBufferIhLt256EEC1Ev  usart.o
    0x08003a9a   0x00000002   PAD
    0x08003a9c   0x00000062   Code   RO         3679    x$fpl$d2f           fz_ws.l(d2f.o)
    0x08003afe   0x00000002   PAD
    0x08003b00   0x00000150   Code   RO         3681    x$fpl$dadd          fz_ws.l(daddsub_clz.o)
    0x08003c50   0x00000018   Code   RO         3876    x$fpl$dcmpinf       fz_ws.l(dcmpi.o)
    0x08003c68   0x000002b0   Code   RO         3688    x$fpl$ddiv          fz_ws.l(ddiv.o)
    0x08003f18   0x0000005a   Code   RO         3691    x$fpl$dfixu         fz_ws.l(dfixu.o)
    0x08003f72   0x00000026   Code   RO         3695    x$fpl$dfltu         fz_ws.l(dflt_clz.o)
    0x08003f98   0x00000078   Code   RO         3701    x$fpl$dleqf         fz_ws.l(dleqf.o)
    0x08004010   0x00000154   Code   RO         3703    x$fpl$dmul          fz_ws.l(dmul.o)
    0x08004164   0x0000009c   Code   RO         3878    x$fpl$dnaninf       fz_ws.l(dnaninf.o)
    0x08004200   0x0000000c   Code   RO         3880    x$fpl$dretinf       fz_ws.l(dretinf.o)
    0x0800420c   0x0000006c   Code   RO         3705    x$fpl$drleqf        fz_ws.l(drleqf.o)
    0x08004278   0x000001d4   Code   RO         3683    x$fpl$dsub          fz_ws.l(daddsub_clz.o)
    0x0800444c   0x00000056   Code   RO         3707    x$fpl$f2d           fz_ws.l(f2d.o)
    0x080044a2   0x00000002   PAD
    0x080044a4   0x000000c4   Code   RO         3709    x$fpl$fadd          fz_ws.l(faddsub_clz.o)
    0x08004568   0x00000018   Code   RO         3882    x$fpl$fcmpinf       fz_ws.l(fcmpi.o)
    0x08004580   0x00000184   Code   RO         3716    x$fpl$fdiv          fz_ws.l(fdiv.o)
    0x08004704   0x00000068   Code   RO         3719    x$fpl$feqf          fz_ws.l(feqf.o)
    0x0800476c   0x00000030   Code   RO         3726    x$fpl$fflt          fz_ws.l(fflt_clz.o)
    0x0800479c   0x00000026   Code   RO         3725    x$fpl$ffltu         fz_ws.l(fflt_clz.o)
    0x080047c2   0x00000002   PAD
    0x080047c4   0x00000068   Code   RO         3731    x$fpl$fleqf         fz_ws.l(fleqf.o)
    0x0800482c   0x0000008c   Code   RO         3884    x$fpl$fnaninf       fz_ws.l(fnaninf.o)
    0x080048b8   0x0000000a   Code   RO         3886    x$fpl$fretinf       fz_ws.l(fretinf.o)
    0x080048c2   0x00000062   Code   RO         3735    x$fpl$frleqf        fz_ws.l(frleqf.o)
    0x08004924   0x000000ea   Code   RO         3711    x$fpl$fsub          fz_ws.l(faddsub_clz.o)
    0x08004a0e   0x00000004   Code   RO         3737    x$fpl$printf1       fz_ws.l(printf1.o)
    0x08004a12   0x00000000   Code   RO         3888    x$fpl$usenofp       fz_ws.l(usenofp.o)
    0x08004a12   0x00000020   Data   RO          351    .constdata          gpio.o
    0x08004a32   0x00000002   PAD
    0x08004a34   0x00000094   Data   RO         3952    .constdata          c_w.l(bigflt0.o)
    0x08004ac8   0x00000020   Data   RO         4075    Region$$Table       anon$$obj.o
    0x08004ae8   0x0000001c   Data   RO         3976    locale$$data        c_w.l(lc_numeric_c.o)
    0x08004b04   0x00000004   Data   RO         1081    .init_array         taskmanager.o
    0x08004b08   0x00000004   Data   RO         1409    .init_array         main.o
    0x08004b0c   0x00000000   Data   RO         3665    .init_array         c_w.l(init_aeabi.o)


    Execution Region RW_IRAM1 (Base: 0x20000000, Size: 0x00000e30, Max: 0x00005000, ABSOLUTE)

    Base Addr    Size         Type   Attr      Idx    E Section Name        Object

    0x20000000   0x0000001c   Data   RW           11    .data               adc.o
    0x2000001c   0x00000003   Data   RW          726    .data               usart.o
    0x2000001f   0x00000001   PAD
    0x20000020   0x0000000c   Data   RW          925    .data               interrupt.o
    0x2000002c   0x00000004   PAD
    0x20000030   0x00000020   Data   RW         1080    .data               taskmanager.o
    0x20000050   0x00000008   Data   RW         1408    .data               main.o
    0x20000058   0x00000014   Data   RW         2590    .data               stm32f10x_rcc.o
    0x2000006c   0x00000028   Zero   RW           10    .bss                adc.o
    0x20000094   0x00000738   Zero   RW         1407    .bss                main.o
    0x200007cc   0x00000060   Zero   RW         3890    .bss                c_w.l(libspace.o)
    0x2000082c   0x00000004   PAD
    0x20000830   0x00000200   Zero   RW         3568    HEAP                startup_stm32f10x_md.o
    0x20000a30   0x00000400   Zero   RW         3567    STACK               startup_stm32f10x_md.o


==============================================================================

Image component sizes


      Code (inc. data)   RO Data    RW Data    ZI Data      Debug   Object Name

       840         72          0         28         40     245684   adc.o
       540          4          0          0          0       3820   communication.o
       276         40         32          0          0       2512   gpio.o
       632        144          0          0          0       4592   hmi.o
         0          0          0          0          0       3500   inputcapture_exit.o
       384         30          0         12          0      13183   interrupt.o
       592         18          0          0          0       6400   joystick.o
      1012        158          4          8       1848       2644   main.o
       132         22          0          0          0     252367   misc.o
        64         26        236          0       1536        860   startup_stm32f10x_md.o
       390         10          0          0          0       7633   stm32f10x_adc.o
       516         36          0          0          0       5270   stm32f10x_dma.o
        52         12          0          0          0       1168   stm32f10x_exti.o
       430          6          0          0          0       4010   stm32f10x_gpio.o
       332         44          0         20          0       5705   stm32f10x_rcc.o
       490          6          0          0          0       7630   stm32f10x_usart.o
       328         28          0          0          0       2165   system_stm32f10x.o
       290         56          4         32          0       3495   taskmanager.o
      2174         66          0          3          0      13388   usart.o

    ----------------------------------------------------------------------
      9490        778        310        108       3424     586026   Object Totals
         0          0         32          0          0          0   (incl. Generated)
        16          0          2          5          0          0   (incl. Padding)

    ----------------------------------------------------------------------

      Code (inc. data)   RO Data    RW Data    ZI Data      Debug   Library Member Name

         8          0          0          0          0         68   __main.o
       284          0          0          0          0        156   __printf_wp.o
         0          0          0          0          0          0   __rtentry.o
        12          0          0          0          0          0   __rtentry2.o
         6          0          0          0          0          0   __rtentry4.o
        52          8          0          0          0          0   __scatter.o
        26          0          0          0          0          0   __scatter_copy.o
        28          0          0          0          0          0   __scatter_zi.o
        48          6          0          0          0         96   _printf_char_common.o
         6          0          0          0          0          0   _printf_f.o
      1050          0          0          0          0        216   _printf_fp_dec.o
       128         16          0          0          0         84   _printf_fp_infnan.o
         0          0          0          0          0          0   _printf_percent.o
         4          0          0          0          0          0   _printf_percent_end.o
        10          0          0          0          0         68   _sputc.o
       220          4        148          0          0         96   bigflt0.o
      1910        128          0          0          0        672   btod.o
        10          0          0          0          0         68   defsig_exit.o
        50          0          0          0          0         88   defsig_general.o
        80         58          0          0          0         76   defsig_rtmem_inner.o
        14          0          0          0          0         80   defsig_rtmem_outer.o
        12          0          0          0          0         72   exit.o
        94          0          0          0          0         80   h1_alloc.o
        52          0          0          0          0         68   h1_extend.o
        78          0          0          0          0         80   h1_free.o
        14          0          0          0          0         84   h1_init.o
         6          0          0          0          0        152   heapauxi.o
         4          0          0          0          0        136   hguard.o
         0          0          0          0          0          0   indicate_semi.o
        36         10          0          0          0         80   init_aeabi.o
       138          0          0          0          0        168   init_alloc.o
        44         10         28          0          0         76   lc_numeric_c.o
         2          0          0          0          0          0   libinit.o
        30          0          0          0          0          0   libinit2.o
         2          0          0          0          0          0   libshutdown.o
         8          0          0          0          0          0   libshutdown2.o
         8          4          0          0         96         68   libspace.o
       138          0          0          0          0         80   lludiv10.o
         0          0          0          0          0          0   maybetermalloc1.o
        40          6          0          0          0         84   noretval__2sprintf.o
         8          4          0          0          0         68   rt_ddtor_pointer_addr_intlibspace.o
         8          4          0          0          0         68   rt_heap_descriptor_intlibspace.o
         8          4          0          0          0         68   rt_locale_intlibspace.o
        78          0          0          0          0         80   rt_memclr_w.o
       100          0          0          0          0         80   rt_memcpy_w.o
         2          0          0          0          0          0   rtexit.o
        10          0          0          0          0          0   rtexit2.o
       128          0          0          0          0         68   strcmpv7m.o
        12          4          0          0          0         68   sys_exit.o
        74          0          0          0          0         80   sys_stackheap_outer.o
        14          0          0          0          0         76   sys_wrch.o
         2          0          0          0          0         68   use_no_semi.o
        50          0          0          0          0         84   aeabi_atexit.o
        66          0          0          0          0         84   cxa_finalize.o
        16          0          0          0          0         68   cxa_guard_acquire.o
        98          4          0          0          0         92   d2f.o
       804         16          0          0          0        272   daddsub_clz.o
        24          0          0          0          0         68   dcmpi.o
       688        140          0          0          0        208   ddiv.o
        90          4          0          0          0         92   dfixu.o
        38          0          0          0          0         68   dflt_clz.o
       120          4          0          0          0         92   dleqf.o
       340         12          0          0          0        104   dmul.o
       156          4          0          0          0         92   dnaninf.o
        12          0          0          0          0         68   dretinf.o
       108          0          0          0          0         80   drleqf.o
        86          4          0          0          0         84   f2d.o
       430          8          0          0          0        168   faddsub_clz.o
        24          0          0          0          0         68   fcmpi.o
       388         76          0          0          0         96   fdiv.o
       104          4          0          0          0         84   feqf.o
        86          0          0          0          0        136   fflt_clz.o
       104          4          0          0          0         84   fleqf.o
       140          4          0          0          0         84   fnaninf.o
        10          0          0          0          0         68   fretinf.o
        98          0          0          0          0         68   frleqf.o
         4          0          0          0          0         68   printf1.o
         0          0          0          0          0          0   usenofp.o
        40          0          0          0          0         68   fpclassify.o

    ----------------------------------------------------------------------
      9236        550        176          0        100       6268   Library Totals
        16          0          0          0          4          0   (incl. Padding)

    ----------------------------------------------------------------------

      Code (inc. data)   RO Data    RW Data    ZI Data      Debug   Library Name

      5096        266        176          0         96       3720   c_w.l
       132          0          0          0          0        236   cpprt_w.l
      3952        284          0          0          0       2244   fz_ws.l
        40          0          0          0          0         68   m_ws.l

    ----------------------------------------------------------------------
      9236        550        176          0        100       6268   Library Totals

    ----------------------------------------------------------------------

==============================================================================


      Code (inc. data)   RO Data    RW Data    ZI Data      Debug   

     18726       1328        486        108       3524     583190   Grand Totals
     18726       1328        486        108       3524     583190   ELF Image Totals
     18726       1328        486        108          0          0   ROM Totals

==============================================================================

    Total RO  Size (Code + RO Data)                19212 (  18.76kB)
    Total RW  Size (RW Data + ZI Data)              3632 (   3.55kB)
    Total ROM Size (Code + RO Data + RW Data)      19320 (  18.87kB)

==============================================================================

